Component: ARM Compiler 5.06 update 7 (build 960) Tool: armlink [4d3601]

==============================================================================

Section Cross References

    startup_stm32f10x_md.o(STACK) refers (Special) to heapauxi.o(.text) for __use_two_region_memory
    startup_stm32f10x_md.o(HEAP) refers (Special) to heapauxi.o(.text) for __use_two_region_memory
    startup_stm32f10x_md.o(RESET) refers (Special) to heapauxi.o(.text) for __use_two_region_memory
    startup_stm32f10x_md.o(RESET) refers to startup_stm32f10x_md.o(STACK) for __initial_sp
    startup_stm32f10x_md.o(RESET) refers to startup_stm32f10x_md.o(.text) for Reset_Handler
    startup_stm32f10x_md.o(RESET) refers to stm32f10x_it.o(i.NMI_Handler) for NMI_Handler
    startup_stm32f10x_md.o(RESET) refers to stm32f10x_it.o(i.HardFault_Handler) for HardFault_Handler
    startup_stm32f10x_md.o(RESET) refers to stm32f10x_it.o(i.MemManage_Handler) for MemManage_Handler
    startup_stm32f10x_md.o(RESET) refers to stm32f10x_it.o(i.BusFault_Handler) for BusFault_Handler
    startup_stm32f10x_md.o(RESET) refers to stm32f10x_it.o(i.UsageFault_Handler) for UsageFault_Handler
    startup_stm32f10x_md.o(RESET) refers to stm32f10x_it.o(i.SVC_Handler) for SVC_Handler
    startup_stm32f10x_md.o(RESET) refers to stm32f10x_it.o(i.DebugMon_Handler) for DebugMon_Handler
    startup_stm32f10x_md.o(RESET) refers to stm32f10x_it.o(i.PendSV_Handler) for PendSV_Handler
    startup_stm32f10x_md.o(RESET) refers to stm32f10x_it.o(i.SysTick_Handler) for SysTick_Handler
    startup_stm32f10x_md.o(RESET) refers to rtc.o(i.RTC_IRQHandler) for RTC_IRQHandler
    startup_stm32f10x_md.o(RESET) refers to main.o(i.TIM2_IRQHandler) for TIM2_IRQHandler
    startup_stm32f10x_md.o(RESET) refers to uart1.o(i.USART1_IRQHandler) for USART1_IRQHandler
    startup_stm32f10x_md.o(RESET) refers to uart2.o(i.USART2_IRQHandler) for USART2_IRQHandler
    startup_stm32f10x_md.o(RESET) refers to uart3.o(i.USART3_IRQHandler) for USART3_IRQHandler
    startup_stm32f10x_md.o(.text) refers (Special) to heapauxi.o(.text) for __use_two_region_memory
    startup_stm32f10x_md.o(.text) refers to system_stm32f10x.o(i.SystemInit) for SystemInit
    startup_stm32f10x_md.o(.text) refers to __main.o(!!!main) for __main
    startup_stm32f10x_md.o(.text) refers to startup_stm32f10x_md.o(HEAP) for Heap_Mem
    startup_stm32f10x_md.o(.text) refers to startup_stm32f10x_md.o(STACK) for Stack_Mem
    system_stm32f10x.o(i.SetSysClock) refers to system_stm32f10x.o(i.SetSysClockTo72) for SetSysClockTo72
    system_stm32f10x.o(i.SystemCoreClockUpdate) refers to system_stm32f10x.o(.data) for SystemCoreClock
    system_stm32f10x.o(i.SystemInit) refers to system_stm32f10x.o(i.SetSysClock) for SetSysClock
    stm32f10x_adc.o(i.ADC_DeInit) refers to stm32f10x_rcc.o(i.RCC_APB2PeriphResetCmd) for RCC_APB2PeriphResetCmd
    stm32f10x_bkp.o(i.BKP_DeInit) refers to stm32f10x_rcc.o(i.RCC_BackupResetCmd) for RCC_BackupResetCmd
    stm32f10x_can.o(i.CAN_DeInit) refers to stm32f10x_rcc.o(i.RCC_APB1PeriphResetCmd) for RCC_APB1PeriphResetCmd
    stm32f10x_can.o(i.CAN_GetITStatus) refers to stm32f10x_can.o(i.CheckITStatus) for CheckITStatus
    stm32f10x_cec.o(i.CEC_DeInit) refers to stm32f10x_rcc.o(i.RCC_APB1PeriphResetCmd) for RCC_APB1PeriphResetCmd
    stm32f10x_dac.o(i.DAC_DeInit) refers to stm32f10x_rcc.o(i.RCC_APB1PeriphResetCmd) for RCC_APB1PeriphResetCmd
    stm32f10x_flash.o(i.FLASH_EnableWriteProtection) refers to stm32f10x_flash.o(i.FLASH_WaitForLastOperation) for FLASH_WaitForLastOperation
    stm32f10x_flash.o(i.FLASH_EraseAllBank1Pages) refers to stm32f10x_flash.o(i.FLASH_WaitForLastBank1Operation) for FLASH_WaitForLastBank1Operation
    stm32f10x_flash.o(i.FLASH_EraseAllPages) refers to stm32f10x_flash.o(i.FLASH_WaitForLastOperation) for FLASH_WaitForLastOperation
    stm32f10x_flash.o(i.FLASH_EraseOptionBytes) refers to stm32f10x_flash.o(i.FLASH_GetReadOutProtectionStatus) for FLASH_GetReadOutProtectionStatus
    stm32f10x_flash.o(i.FLASH_EraseOptionBytes) refers to stm32f10x_flash.o(i.FLASH_WaitForLastOperation) for FLASH_WaitForLastOperation
    stm32f10x_flash.o(i.FLASH_ErasePage) refers to stm32f10x_flash.o(i.FLASH_WaitForLastOperation) for FLASH_WaitForLastOperation
    stm32f10x_flash.o(i.FLASH_ProgramHalfWord) refers to stm32f10x_flash.o(i.FLASH_WaitForLastOperation) for FLASH_WaitForLastOperation
    stm32f10x_flash.o(i.FLASH_ProgramOptionByteData) refers to stm32f10x_flash.o(i.FLASH_WaitForLastOperation) for FLASH_WaitForLastOperation
    stm32f10x_flash.o(i.FLASH_ProgramWord) refers to stm32f10x_flash.o(i.FLASH_WaitForLastOperation) for FLASH_WaitForLastOperation
    stm32f10x_flash.o(i.FLASH_ReadOutProtection) refers to stm32f10x_flash.o(i.FLASH_WaitForLastOperation) for FLASH_WaitForLastOperation
    stm32f10x_flash.o(i.FLASH_UserOptionByteConfig) refers to stm32f10x_flash.o(i.FLASH_WaitForLastOperation) for FLASH_WaitForLastOperation
[...]
    LfnOfs                                   0x080060e4   Data          13  ff.o(.constdata)
    vst                                      0x080060f2   Data          22  ff.o(.constdata)
    cst                                      0x08006108   Data          22  ff.o(.constdata)
    .constdata                               0x0800611e   Section     1216  ccsbcs.o(.constdata)
    Tbl                                      0x0800611e   Data         256  ccsbcs.o(.constdata)
    tbl_lower                                0x0800621e   Data         480  ccsbcs.o(.constdata)
    tbl_upper                                0x080063fe   Data         480  ccsbcs.o(.constdata)
    .constdata                               0x080065de   Section       40  _printf_hex_int_ll_ptr.o(.constdata)
    uc_hextab                                0x080065de   Data          20  _printf_hex_int_ll_ptr.o(.constdata)
    lc_hextab                                0x080065f2   Data          20  _printf_hex_int_ll_ptr.o(.constdata)
    .constdata                               0x08006606   Section       17  __printf_flags_ss_wp.o(.constdata)
    maptable                                 0x08006606   Data          17  __printf_flags_ss_wp.o(.constdata)
    .constdata                               0x08006618   Section        8  _printf_wctomb.o(.constdata)
    initial_mbstate                          0x08006618   Data           8  _printf_wctomb.o(.constdata)
    .constdata                               0x08006620   Section       38  _printf_fp_hex.o(.constdata)
    lc_hextab                                0x08006620   Data          19  _printf_fp_hex.o(.constdata)
    uc_hextab                                0x08006633   Data          19  _printf_fp_hex.o(.constdata)
    .constdata                               0x08006648   Section      148  bigflt0.o(.constdata)
    tenpwrs_x                                0x08006648   Data          60  bigflt0.o(.constdata)
    tenpwrs_i                                0x08006684   Data          64  bigflt0.o(.constdata)
    .conststring                             0x080066dc   Section       65  rtc.o(.conststring)
    .conststring                             0x08006720   Section      100  exfuns.o(.conststring)
    locale$$data                             0x080067a4   Section       28  lc_numeric_c.o(locale$$data)
    __lcnum_c_name                           0x080067a8   Data           2  lc_numeric_c.o(locale$$data)
    __lcnum_c_start                          0x080067b0   Data           0  lc_numeric_c.o(locale$$data)
    __lcnum_c_point                          0x080067bc   Data           0  lc_numeric_c.o(locale$$data)
    __lcnum_c_thousands                      0x080067be   Data           0  lc_numeric_c.o(locale$$data)
    __lcnum_c_grouping                       0x080067bf   Data           0  lc_numeric_c.o(locale$$data)
    locale$$data                             0x080067c0   Section      272  lc_ctype_c.o(locale$$data)
    __lcnum_c_end                            0x080067c0   Data           0  lc_numeric_c.o(locale$$data)
    __lcctype_c_name                         0x080067c4   Data           2  lc_ctype_c.o(locale$$data)
    __lcctype_c_start                        0x080067cc   Data           0  lc_ctype_c.o(locale$$data)
    __lcctype_c_end                          0x080068d0   Data           0  lc_ctype_c.o(locale$$data)
    .data                                    0x20000000   Section       20  stm32f10x_rcc.o(.data)
    APBAHBPrescTable                         0x20000000   Data          16  stm32f10x_rcc.o(.data)
    ADCPrescTable                            0x20000010   Data           4  stm32f10x_rcc.o(.data)
    .data                                    0x20000014   Section       30  rtc.o(.data)
    daycnt                                   0x20000030   Data           2  rtc.o(.data)
    .data                                    0x20000034   Section        8  uart1.o(.data)
    .data                                    0x2000003c   Section        1  mmc_sd.o(.data)
    .data                                    0x20000040   Section       20  malloc.o(.data)
    .data                                    0x20000054   Section      340  exfuns.o(.data)
    .data                                    0x200001a8   Section        2  diskio.o(.data)
    .data                                    0x200001ac   Section       10  ff.o(.data)
    FatFs                                    0x200001ac   Data           8  ff.o(.data)
    Fsid                                     0x200001b4   Data           2  ff.o(.data)
    .bss                                     0x200001b8   Section       16  main.o(.bss)
    .bss                                     0x200001c8   Section       10  rtc.o(.bss)
    .bss                                     0x200001d2   Section       18  spi.o(.bss)
    .bss                                     0x200001e4   Section      200  uart1.o(.bss)
    .bss                                     0x200002ac   Section    16320  malloc.o(.bss)
    .bss                                     0x2000426c   Section      512  ff.o(.bss)
    LfnBuf                                   0x2000426c   Data         512  ff.o(.bss)
    .bss                                     0x2000446c   Section       96  libspace.o(.bss)
    HEAP                                     0x200044d0   Section      512  startup_stm32f10x_md.o(HEAP)
    Heap_Mem                                 0x200044d0   Data         512  startup_stm32f10x_md.o(HEAP)
    STACK                                    0x200046d0   Section     1024  startup_stm32f10x_md.o(STACK)
    Stack_Mem                                0x200046d0   Data        1024  startup_stm32f10x_md.o(STACK)
    __initial_sp                             0x20004ad0   Data           0  startup_stm32f10x_md.o(STACK)

    Global Symbols

    Symbol Name                              Value     Ov Type        Size  Object(Section)

    BuildAttributes$$THM_ISAv4$P$D$K$B$S$PE$A:L22UL41UL21$X:L11$S22US41US21$IEEE1$IW$USESV6$~STKCKD$USESV7$~SHL$OTIME$ROPI$IEEEJ$EBA8$UX$STANDARDLIB$REQ8$PRES8$EABIv2 0x00000000   Number         0  anon$$obj.o ABSOLUTE
    __ARM_use_no_argv                        0x00000000   Number         0  main.o ABSOLUTE
    _printf_flags                            0x00000000   Number         0  printf_stubs.o ABSOLUTE
    _printf_return_value                     0x00000000   Number         0  printf_stubs.o ABSOLUTE
    _printf_sizespec                         0x00000000   Number         0  printf_stubs.o ABSOLUTE
    _printf_widthprec                        0x00000000   Number         0  printf_stubs.o ABSOLUTE
    __ARM_exceptions_init                     - Undefined Weak Reference
    __alloca_initialize                       - Undefined Weak Reference
    __arm_fini_                               - Undefined Weak Reference
    __arm_preinit_                            - Undefined Weak Reference
    __cpp_initialize__aeabi_                  - Undefined Weak Reference
    __cxa_finalize                            - Undefined Weak Reference
    __sigvec_lookup                           - Undefined Weak Reference
    _atexit_init                              - Undefined Weak Reference
    _call_atexit_fns                          - Undefined Weak Reference
    _clock_init                               - Undefined Weak Reference
    _fp_trap_init                             - Undefined Weak Reference
    _fp_trap_shutdown                         - Undefined Weak Reference
    _get_lc_collate                           - Undefined Weak Reference
    _get_lc_monetary                          - Undefined Weak Reference
    _get_lc_time                              - Undefined Weak Reference
    _getenv_init                              - Undefined Weak Reference
    _handle_redirection                       - Undefined Weak Reference
    _init_alloc                               - Undefined Weak Reference
    _init_user_alloc                          - Undefined Weak Reference
    _initio                                   - Undefined Weak Reference
    _mutex_acquire                            - Undefined Weak Reference
    _mutex_release                            - Undefined Weak Reference
    _printf_mbtowc                            - Undefined Weak Reference
    _printf_wc                                - Undefined Weak Reference
    _rand_init                                - Undefined Weak Reference
    _signal_finish                            - Undefined Weak Reference
    _signal_init                              - Undefined Weak Reference
    _terminate_alloc                          - Undefined Weak Reference
    _terminate_user_alloc                     - Undefined Weak Reference
    _terminateio                              - Undefined Weak Reference
    __Vectors_Size                           0x000000ec   Number         0  startup_stm32f10x_md.o ABSOLUTE
    __Vectors                                0x08000000   Data           4  startup_stm32f10x_md.o(RESET)
    __Vectors_End                            0x080000ec   Data           0  startup_stm32f10x_md.o(RESET)
    __main                                   0x080000ed   Thumb Code     8  __main.o(!!!main)
    __scatterload                            0x080000f5   Thumb Code     0  __scatter.o(!!!scatter)
    __scatterload_rt2                        0x080000f5   Thumb Code    44  __scatter.o(!!!scatter)
    __scatterload_rt2_thumb_only             0x080000f5   Thumb Code     0  __scatter.o(!!!scatter)
    __scatterload_null                       0x08000103   Thumb Code     0  __scatter.o(!!!scatter)
    __decompress                             0x08000129   Thumb Code    90  __dczerorl2.o(!!dczerorl2)
    __decompress1                            0x08000129   Thumb Code     0  __dczerorl2.o(!!dczerorl2)
    __scatterload_zeroinit                   0x08000185   Thumb Code    28  __scatter_zi.o(!!handler_zi)
    _printf_n                                0x080001a1   Thumb Code     0  _printf_n.o(.ARM.Collect$$_printf_percent$$00000001)
    _printf_percent                          0x080001a1   Thumb Code     0  _printf_percent.o(.ARM.Collect$$_printf_percent$$00000000)
    _printf_p                                0x080001a7   Thumb Code     0  _printf_p.o(.ARM.Collect$$_printf_percent$$00000002)
    _printf_f                                0x080001ad   Thumb Code     0  _printf_f.o(.ARM.Collect$$_printf_percent$$00000003)
    _printf_e                                0x080001b3   Thumb Code     0  _printf_e.o(.ARM.Collect$$_printf_percent$$00000004)
    _printf_g                                0x080001b9   Thumb Code     0  _printf_g.o(.ARM.Collect$$_printf_percent$$00000005)
    _printf_a                                0x080001bf   Thumb Code     0  _printf_a.o(.ARM.Collect$$_printf_percent$$00000006)
    _printf_ll                               0x080001c5   Thumb Code     0  _printf_ll.o(.ARM.Collect$$_printf_percent$$00000007)
    _printf_i                                0x080001cf   Thumb Code     0  _printf_i.o(.ARM.Collect$$_printf_percent$$00000008)
    _printf_d                                0x080001d5   Thumb Code     0  _printf_d.o(.ARM.Collect$$_printf_percent$$00000009)
    _printf_u                                0x080001db   Thumb Code     0  _printf_u.o(.ARM.Collect$$_printf_percent$$0000000A)
    _printf_o                                0x080001e1   Thumb Code     0  _printf_o.o(.ARM.Collect$$_printf_percent$$0000000B)
    _printf_x                                0x080001e7   Thumb Code     0  _printf_x.o(.ARM.Collect$$_printf_percent$$0000000C)
    _printf_lli                              0x080001ed   Thumb Code     0  _printf_lli.o(.ARM.Collect$$_printf_percent$$0000000D)
    _printf_lld                              0x080001f3   Thumb Code     0  _printf_lld.o(.ARM.Collect$$_printf_percent$$0000000E)
    _printf_llu                              0x080001f9   Thumb Code     0  _printf_llu.o(.ARM.Collect$$_printf_percent$$0000000F)
    _printf_llo                              0x080001ff   Thumb Code     0  _printf_llo.o(.ARM.Collect$$_printf_percent$$00000010)
    _printf_llx                              0x08000205   Thumb Code     0  _printf_llx.o(.ARM.Collect$$_printf_percent$$00000011)
    _printf_l                                0x0800020b   Thumb Code     0  _printf_l.o(.ARM.Collect$$_printf_percent$$00000012)
    _printf_c                                0x08000215   Thumb Code     0  _printf_c.o(.ARM.Collect$$_printf_percent$$00000013)
    _printf_s                                0x0800021b   Thumb Code     0  _printf_s.o(.ARM.Collect$$_printf_percent$$00000014)
    _printf_lc                               0x08000221   Thumb Code     0  _printf_lc.o(.ARM.Collect$$_printf_percent$$00000015)
    _printf_ls                               0x08000227   Thumb Code     0  _printf_ls.o(.ARM.Collect$$_printf_percent$$00000016)
    _printf_percent_end                      0x0800022d   Thumb Code     0  _printf_percent_end.o(.ARM.Collect$$_printf_percent$$00000017)
    __rt_lib_init                            0x08000231   Thumb Code     0  libinit.o(.ARM.Collect$$libinit$$00000000)
    __rt_lib_init_fp_1                       0x08000233   Thumb Code     0  libinit2.o(.ARM.Collect$$libinit$$00000002)
    __rt_lib_init_heap_1                     0x08000233   Thumb Code     0  libinit2.o(.ARM.Collect$$libinit$$0000000A)
    __rt_lib_init_lc_common                  0x08000233   Thumb Code     0  libinit2.o(.ARM.Collect$$libinit$$0000000F)
    __rt_lib_init_preinit_1                  0x08000233   Thumb Code     0  libinit2.o(.ARM.Collect$$libinit$$00000004)
    __rt_lib_init_rand_1                     0x08000233   Thumb Code     0  libinit2.o(.ARM.Collect$$libinit$$0000000E)
    __rt_lib_init_user_alloc_1               0x08000233   Thumb Code     0  libinit2.o(.ARM.Collect$$libinit$$0000000C)
    __rt_lib_init_lc_collate_1               0x08000239   Thumb Code     0  libinit2.o(.ARM.Collect$$libinit$$00000011)
    __rt_lib_init_lc_ctype_2                 0x08000239   Thumb Code     0  libinit2.o(.ARM.Collect$$libinit$$00000012)
    __rt_lib_init_lc_ctype_1                 0x08000245   Thumb Code     0  libinit2.o(.ARM.Collect$$libinit$$00000013)
    __rt_lib_init_lc_monetary_1              0x08000245   Thumb Code     0  libinit2.o(.ARM.Collect$$libinit$$00000015)
    __rt_lib_init_lc_numeric_2               0x08000245   Thumb Code     0  libinit2.o(.ARM.Collect$$libinit$$00000016)
    __rt_lib_init_alloca_1                   0x0800024f   Thumb Code     0  libinit2.o(.ARM.Collect$$libinit$$0000002E)
    __rt_lib_init_argv_1                     0x0800024f   Thumb Code     0  libinit2.o(.ARM.Collect$$libinit$$0000002C)
    __rt_lib_init_atexit_1                   0x0800024f   Thumb Code     0  libinit2.o(.ARM.Collect$$libinit$$0000001B)
    __rt_lib_init_clock_1                    0x0800024f   Thumb Code     0  libinit2.o(.ARM.Collect$$libinit$$00000021)
    __rt_lib_init_cpp_1                      0x0800024f   Thumb Code     0  libinit2.o(.ARM.Collect$$libinit$$00000032)
    __rt_lib_init_exceptions_1               0x0800024f   Thumb Code     0  libinit2.o(.ARM.Collect$$libinit$$00000030)
    __rt_lib_init_fp_trap_1                  0x0800024f   Thumb Code     0  libinit2.o(.ARM.Collect$$libinit$$0000001F)
    __rt_lib_init_getenv_1                   0x0800024f   Thumb Code     0  libinit2.o(.ARM.Collect$$libinit$$00000023)
    __rt_lib_init_lc_numeric_1               0x0800024f   Thumb Code     0  libinit2.o(.ARM.Collect$$libinit$$00000017)
    __rt_lib_init_lc_time_1                  0x0800024f   Thumb Code     0  libinit2.o(.ARM.Collect$$libinit$$00000019)
    __rt_lib_init_return                     0x0800024f   Thumb Code     0  libinit2.o(.ARM.Collect$$libinit$$00000033)
    __rt_lib_init_signal_1                   0x0800024f   Thumb Code     0  libinit2.o(.ARM.Collect$$libinit$$0000001D)
    __rt_lib_init_stdio_1                    0x0800024f   Thumb Code     0  libinit2.o(.ARM.Collect$$libinit$$00000025)
    __rt_lib_shutdown                        0x08000251   Thumb Code     0  libshutdown.o(.ARM.Collect$$libshutdown$$00000000)
    __rt_lib_shutdown_cpp_1                  0x08000253   Thumb Code     0  libshutdown2.o(.ARM.Collect$$libshutdown$$00000004)
    __rt_lib_shutdown_fini_1                 0x08000253   Thumb Code     0  libshutdown2.o(.ARM.Collect$$libshutdown$$00000002)
    __rt_lib_shutdown_fp_trap_1              0x08000253   Thumb Code     0  libshutdown2.o(.ARM.Collect$$libshutdown$$00000009)
    __rt_lib_shutdown_heap_1                 0x08000253   Thumb Code     0  libshutdown2.o(.ARM.Collect$$libshutdown$$00000011)
    __rt_lib_shutdown_return                 0x08000253   Thumb Code     0  libshutdown2.o(.ARM.Collect$$libshutdown$$00000012)
    __rt_lib_shutdown_signal_1               0x08000253   Thumb Code     0  libshutdown2.o(.ARM.Collect$$libshutdown$$0000000C)
    __rt_lib_shutdown_stdio_1                0x08000253   Thumb Code     0  libshutdown2.o(.ARM.Collect$$libshutdown$$00000006)
    __rt_lib_shutdown_user_alloc_1           0x08000253   Thumb Code     0  libshutdown2.o(.ARM.Collect$$libshutdown$$0000000E)
    __rt_entry                               0x08000255   Thumb Code     0  __rtentry.o(.ARM.Collect$$rtentry$$00000000)
    __rt_entry_presh_1                       0x08000255   Thumb Code     0  __rtentry2.o(.ARM.Collect$$rtentry$$00000002)
    __rt_entry_sh                            0x08000255   Thumb Code     0  __rtentry4.o(.ARM.Collect$$rtentry$$00000004)
    __rt_entry_li                            0x0800025b   Thumb Code     0  __rtentry2.o(.ARM.Collect$$rtentry$$0000000A)
    __rt_entry_postsh_1                      0x0800025b   Thumb Code     0  __rtentry2.o(.ARM.Collect$$rtentry$$00000009)
    __rt_entry_main                          0x0800025f   Thumb Code     0  __rtentry2.o(.ARM.Collect$$rtentry$$0000000D)
    __rt_entry_postli_1                      0x0800025f   Thumb Code     0  __rtentry2.o(.ARM.Collect$$rtentry$$0000000C)
    __rt_exit                                0x08000267   Thumb Code     0  rtexit.o(.ARM.Collect$$rtexit$$00000000)
    __rt_exit_ls                             0x08000269   Thumb Code     0  rtexit2.o(.ARM.Collect$$rtexit$$00000003)
    __rt_exit_prels_1                        0x08000269   Thumb Code     0  rtexit2.o(.ARM.Collect$$rtexit$$00000002)
    __rt_exit_exit                           0x0800026d   Thumb Code     0  rtexit2.o(.ARM.Collect$$rtexit$$00000004)
    Reset_Handler                            0x08000275   Thumb Code     8  startup_stm32f10x_md.o(.text)
    ADC1_2_IRQHandler                        0x0800028f   Thumb Code     0  startup_stm32f10x_md.o(.text)
    CAN1_RX1_IRQHandler                      0x0800028f   Thumb Code     0  startup_stm32f10x_md.o(.text)
    CAN1_SCE_IRQHandler                      0x0800028f   Thumb Code     0  startup_stm32f10x_md.o(.text)
    DMA1_Channel1_IRQHandler                 0x0800028f   Thumb Code     0  startup_stm32f10x_md.o(.text)
    DMA1_Channel2_IRQHandler                 0x0800028f   Thumb Code     0  startup_stm32f10x_md.o(.text)
    DMA1_Channel3_IRQHandler                 0x0800028f   Thumb Code     0  startup_stm32f10x_md.o(.text)
    DMA1_Channel4_IRQHandler                 0x0800028f   Thumb Code     0  startup_stm32f10x_md.o(.text)
    DMA1_Channel5_IRQHandler                 0x0800028f   Thumb Code     0  startup_stm32f10x_md.o(.text)
    DMA1_Channel6_IRQHandler                 0x0800028f   Thumb Code     0  startup_stm32f10x_md.o(.text)
    DMA1_Channel7_IRQHandler                 0x0800028f   Thumb Code     0  startup_stm32f10x_md.o(.text)
    EXTI0_IRQHandler                         0x0800028f   Thumb Code     0  startup_stm32f10x_md.o(.text)
    EXTI15_10_IRQHandler                     0x0800028f   Thumb Code     0  startup_stm32f10x_md.o(.text)
    EXTI1_IRQHandler                         0x0800028f   Thumb Code     0  startup_stm32f10x_md.o(.text)
    EXTI2_IRQHandler                         0x0800028f   Thumb Code     0  startup_stm32f10x_md.o(.text)
    EXTI3_IRQHandler                         0x0800028f   Thumb Code     0  startup_stm32f10x_md.o(.text)
    EXTI4_IRQHandler                         0x0800028f   Thumb Code     0  startup_stm32f10x_md.o(.text)
    EXTI9_5_IRQHandler                       0x0800028f   Thumb Code     0  startup_stm32f10x_md.o(.text)
    FLASH_IRQHandler                         0x0800028f   Thumb Code     0  startup_stm32f10x_md.o(.text)
    I2C1_ER_IRQHandler                       0x0800028f   Thumb Code     0  startup_stm32f10x_md.o(.text)
    I2C1_EV_IRQHandler                       0x0800028f   Thumb Code     0  startup_stm32f10x_md.o(.text)
    I2C2_ER_IRQHandler                       0x0800028f   Thumb Code     0  startup_stm32f10x_md.o(.text)
    I2C2_EV_IRQHandler                       0x0800028f   Thumb Code     0  startup_stm32f10x_md.o(.text)
    PVD_IRQHandler                           0x0800028f   Thumb Code     0  startup_stm32f10x_md.o(.text)
    RCC_IRQHandler                           0x0800028f   Thumb Code     0  startup_stm32f10x_md.o(.text)
    RTCAlarm_IRQHandler                      0x0800028f   Thumb Code     0  startup_stm32f10x_md.o(.text)
    SPI1_IRQHandler                          0x0800028f   Thumb Code     0  startup_stm32f10x_md.o(.text)
    SPI2_IRQHandler                          0x0800028f   Thumb Code     0  startup_stm32f10x_md.o(.text)
    TAMPER_IRQHandler                        0x0800028f   Thumb Code     0  startup_stm32f10x_md.o(.text)
    TIM1_BRK_IRQHandler                      0x0800028f   Thumb Code     0  startup_stm32f10x_md.o(.text)
    TIM1_CC_IRQHandler                       0x0800028f   Thumb Code     0  startup_stm32f10x_md.o(.text)
    TIM1_TRG_COM_IRQHandler                  0x0800028f   Thumb Code     0  startup_stm32f10x_md.o(.text)
    TIM1_UP_IRQHandler                       0x0800028f   Thumb Code     0  startup_stm32f10x_md.o(.text)
    TIM3_IRQHandler                          0x0800028f   Thumb Code     0  startup_stm32f10x_md.o(.text)
    TIM4_IRQHandler                          0x0800028f   Thumb Code     0  startup_stm32f10x_md.o(.text)
    USBWakeUp_IRQHandler                     0x0800028f   Thumb Code     0  startup_stm32f10x_md.o(.text)
    USB_HP_CAN1_TX_IRQHandler                0x0800028f   Thumb Code     0  startup_stm32f10x_md.o(.text)
    USB_LP_CAN1_RX0_IRQHandler               0x0800028f   Thumb Code     0  startup_stm32f10x_md.o(.text)
    WWDG_IRQHandler                          0x0800028f   Thumb Code     0  startup_stm32f10x_md.o(.text)
    __user_initial_stackheap                 0x08000291   Thumb Code     0  startup_stm32f10x_md.o(.text)
    __use_no_semihosting                     0x080002b5   Thumb Code     2  use_no_semi_2.o(.text)
    vsprintf                                 0x080002b9   Thumb Code    32  vsprintf.o(.text)
    __2printf                                0x080002dd   Thumb Code    20  __2printf.o(.text)
    __2sprintf                               0x080002f5   Thumb Code    38  __2sprintf.o(.text)
    _printf_str                              0x08000321   Thumb Code    82  _printf_str.o(.text)
    _printf_int_dec                          0x08000375   Thumb Code   104  _printf_dec.o(.text)
    _printf_longlong_hex                     0x080003ed   Thumb Code    86  _printf_hex_int_ll_ptr.o(.text)
    _printf_int_hex                          0x08000443   Thumb Code    28  _printf_hex_int_ll_ptr.o(.text)
    _printf_ll_hex                           0x0800045f   Thumb Code    12  _printf_hex_int_ll_ptr.o(.text)
    _printf_hex_ptr                          0x0800046b   Thumb Code    18  _printf_hex_int_ll_ptr.o(.text)
    __printf                                 0x08000481   Thumb Code   388  __printf_flags_ss_wp.o(.text)
    strlen                                   0x08000609   Thumb Code    62  strlen.o(.text)
    __aeabi_memclr                           0x08000647   Thumb Code     0  rt_memclr.o(.text)
    __rt_memclr                              0x08000647   Thumb Code    68  rt_memclr.o(.text)
    _memset                                  0x0800064b   Thumb Code     0  rt_memclr.o(.text)
    strcmp                                   0x0800068d   Thumb Code   128  strcmpv7m.o(.text)
    __use_two_region_memory                  0x0800070d   Thumb Code     2  heapauxi.o(.text)
    __rt_heap_escrow$2region                 0x0800070f   Thumb Code     2  heapauxi.o(.text)
    __rt_heap_expand$2region                 0x08000711   Thumb Code     2  heapauxi.o(.text)
    __I$use$semihosting                      0x08000713   Thumb Code     0  use_no_semi.o(.text)
    __use_no_semihosting_swi                 0x08000713   Thumb Code     2  use_no_semi.o(.text)
    _printf_pre_padding                      0x08000715   Thumb Code    44  _printf_pad.o(.text)
    _printf_post_padding                     0x08000741   Thumb Code    34  _printf_pad.o(.text)
    _printf_truncate_signed                  0x08000763   Thumb Code    18  _printf_truncate.o(.text)
    _printf_truncate_unsigned                0x08000775   Thumb Code    18  _printf_truncate.o(.text)
    _printf_int_common                       0x08000787   Thumb Code   178  _printf_intcommon.o(.text)
    _printf_charcount                        0x08000839   Thumb Code    40  _printf_charcount.o(.text)
    _printf_char_common                      0x0800086b   Thumb Code    32  _printf_char_common.o(.text)
    _sputc                                   0x08000891   Thumb Code    10  _sputc.o(.text)
    _printf_cs_common                        0x0800089b   Thumb Code    20  _printf_char.o(.text)
    _printf_char                             0x080008af   Thumb Code    16  _printf_char.o(.text)
    _printf_string                           0x080008bf   Thumb Code     8  _printf_char.o(.text)
    _printf_char_file                        0x080008c9   Thumb Code    32  _printf_char_file.o(.text)
    _printf_wctomb                           0x080008ed   Thumb Code   182  _printf_wctomb.o(.text)
    _printf_longlong_dec                     0x080009a9   Thumb Code   108  _printf_longlong_dec.o(.text)
    _printf_longlong_oct                     0x08000a25   Thumb Code    66  _printf_oct_int_ll.o(.text)
    _printf_int_oct                          0x08000a67   Thumb Code    24  _printf_oct_int_ll.o(.text)
    _printf_ll_oct                           0x08000a7f   Thumb Code    12  _printf_oct_int_ll.o(.text)
    __aeabi_memclr4                          0x08000a95   Thumb Code     0  rt_memclr_w.o(.text)
    __aeabi_memclr8                          0x08000a95   Thumb Code     0  rt_memclr_w.o(.text)
    __rt_memclr_w                            0x08000a95   Thumb Code    78  rt_memclr_w.o(.text)
    _memset_w                                0x08000a99   Thumb Code     0  rt_memclr_w.o(.text)
    _ll_udiv10                               0x08000ae3   Thumb Code   138  lludiv10.o(.text)
    __lib_sel_fp_printf                      0x08000b6d   Thumb Code     2  _printf_fp_dec.o(.text)
    _printf_fp_dec_real                      0x08000d1f   Thumb Code   620  _printf_fp_dec.o(.text)
    _printf_fp_hex_real                      0x08000f8d   Thumb Code   756  _printf_fp_hex.o(.text)
    _printf_lcs_common                       0x08001289   Thumb Code    20  _printf_wchar.o(.text)
    _printf_wchar                            0x0800129d   Thumb Code    16  _printf_wchar.o(.text)
    _printf_wstring                          0x080012ad   Thumb Code     8  _printf_wchar.o(.text)
    ferror                                   0x080012b5   Thumb Code     8  ferror.o(.text)
    _wcrtomb                                 0x080012bd   Thumb Code    64  _wcrtomb.o(.text)
    __user_setup_stackheap                   0x080012fd   Thumb Code    74  sys_stackheap_outer.o(.text)
    __rt_ctype_table                         0x08001349   Thumb Code    16  rt_ctype_table.o(.text)
    __rt_locale                              0x08001359   Thumb Code     8  rt_locale_intlibspace.o(.text)
    _printf_fp_infnan                        0x08001361   Thumb Code   112  _printf_fp_infnan.o(.text)
    _btod_etento                             0x080013e1   Thumb Code   224  bigflt0.o(.text)
    exit                                     0x080014c5   Thumb Code    18  exit.o(.text)
    __user_libspace                          0x080014d9   Thumb Code     8  libspace.o(.text)
    __user_perproc_libspace                  0x080014d9   Thumb Code     0  libspace.o(.text)
    __user_perthread_libspace                0x080014d9   Thumb Code     0  libspace.o(.text)
    _btod_d2e                                0x080014e1   Thumb Code    62  btod.o(CL$$btod_d2e)
    _d2e_denorm_low                          0x0800151f   Thumb Code    70  btod.o(CL$$btod_d2e_denorm_low)
    _d2e_norm_op1                            0x08001565   Thumb Code    96  btod.o(CL$$btod_d2e_norm_op1)
    __btod_div_common                        0x080015c5   Thumb Code   696  btod.o(CL$$btod_div_common)
    _e2e                                     0x080018fd   Thumb Code   220  btod.o(CL$$btod_e2e)
    _btod_ediv                               0x080019d9   Thumb Code    42  btod.o(CL$$btod_ediv)
    _btod_emul                               0x08001a03   Thumb Code    42  btod.o(CL$$btod_emul)
    __btod_mult_common                       0x08001a2d   Thumb Code   580  btod.o(CL$$btod_mult_common)
    BKP_DeInit                               0x08001c71   Thumb Code    16  stm32f10x_bkp.o(i.BKP_DeInit)
    BKP_ReadBackupRegister                   0x08001c81   Thumb Code    24  stm32f10x_bkp.o(i.BKP_ReadBackupRegister)
    BKP_WriteBackupRegister                  0x08001c9d   Thumb Code    22  stm32f10x_bkp.o(i.BKP_WriteBackupRegister)
    BusFault_Handler                         0x08001cb9   Thumb Code     4  stm32f10x_it.o(i.BusFault_Handler)
    DebugMon_Handler                         0x08001cbd   Thumb Code     2  stm32f10x_it.o(i.DebugMon_Handler)
    Delay_ms                                 0x08001cbf   Thumb Code    24  delay.o(i.Delay_ms)
    Delay_us                                 0x08001cd7   Thumb Code    46  delay.o(i.Delay_us)
    GPIO_Init                                0x08001d05   Thumb Code   278  stm32f10x_gpio.o(i.GPIO_Init)
    GPIO_ResetBits                           0x08001e1b   Thumb Code     4  stm32f10x_gpio.o(i.GPIO_ResetBits)
    GPIO_SetBits                             0x08001e1f   Thumb Code     4  stm32f10x_gpio.o(i.GPIO_SetBits)
    HardFault_Handler                        0x08001e23   Thumb Code     4  stm32f10x_it.o(i.HardFault_Handler)
    IIC_Start                                0x08001e29   Thumb Code    36  oled.o(i.IIC_Start)
    IIC_Stop                                 0x08001e51   Thumb Code    28  oled.o(i.IIC_Stop)
    IIC_Wait_Ack                             0x08001e71   Thumb Code    20  oled.o(i.IIC_Wait_Ack)
    Is_Leap_Year                             0x08001e89   Thumb Code    58  rtc.o(i.Is_Leap_Year)
    LED_Init                                 0x08001ec5   Thumb Code    38  led.o(i.LED_Init)
    MemManage_Handler                        0x08001ef1   Thumb Code     4  stm32f10x_it.o(i.MemManage_Handler)
    NMI_Handler                              0x08001ef5   Thumb Code     2  stm32f10x_it.o(i.NMI_Handler)
    NVIC_Init                                0x08001ef9   Thumb Code   100  misc.o(i.NVIC_Init)
    NVIC_PriorityGroupConfig                 0x08001f69   Thumb Code    10  misc.o(i.NVIC_PriorityGroupConfig)
    OLED_Clear                               0x08001f7d   Thumb Code    62  oled.o(i.OLED_Clear)
    OLED_Init                                0x08001fbd   Thumb Code   270  oled.o(i.OLED_Init)
    OLED_Set_Pos                             0x080020d1   Thumb Code    40  oled.o(i.OLED_Set_Pos)
    OLED_ShowChar                            0x080020f9   Thumb Code   154  oled.o(i.OLED_ShowChar)
    OLED_ShowString                          0x0800219d   Thumb Code    58  oled.o(i.OLED_ShowString)
    OLED_WR_Byte                             0x080021d7   Thumb Code    24  oled.o(i.OLED_WR_Byte)
    PWR_BackupAccessCmd                      0x080021f1   Thumb Code     6  stm32f10x_pwr.o(i.PWR_BackupAccessCmd)
    PendSV_Handler                           0x080021fd   Thumb Code     2  stm32f10x_it.o(i.PendSV_Handler)
    RCC_APB1PeriphClockCmd                   0x08002201   Thumb Code    26  stm32f10x_rcc.o(i.RCC_APB1PeriphClockCmd)
    RCC_APB2PeriphClockCmd                   0x08002221   Thumb Code    26  stm32f10x_rcc.o(i.RCC_APB2PeriphClockCmd)
    RCC_BackupResetCmd                       0x08002241   Thumb Code     6  stm32f10x_rcc.o(i.RCC_BackupResetCmd)
    RCC_GetClocksFreq                        0x0800224d   Thumb Code   192  stm32f10x_rcc.o(i.RCC_GetClocksFreq)
    RCC_GetFlagStatus                        0x08002321   Thumb Code    56  stm32f10x_rcc.o(i.RCC_GetFlagStatus)
    RCC_LSEConfig                            0x0800235d   Thumb Code    46  stm32f10x_rcc.o(i.RCC_LSEConfig)
    RCC_RTCCLKCmd                            0x08002391   Thumb Code     6  stm32f10x_rcc.o(i.RCC_RTCCLKCmd)
    RCC_RTCCLKConfig                         0x0800239d   Thumb Code    12  stm32f10x_rcc.o(i.RCC_RTCCLKConfig)
    RTC_ClearITPendingBit                    0x080023ad   Thumb Code    12  stm32f10x_rtc.o(i.RTC_ClearITPendingBit)
    RTC_EnterConfigMode                      0x080023bd   Thumb Code    14  stm32f10x_rtc.o(i.RTC_EnterConfigMode)
    RTC_ExitConfigMode                       0x080023d1   Thumb Code    16  stm32f10x_rtc.o(i.RTC_ExitConfigMode)
    RTC_Get                                  0x080023e5   Thumb Code   240  rtc.o(i.RTC_Get)
    RTC_GetCounter                           0x080024e5   Thumb Code    16  stm32f10x_rtc.o(i.RTC_GetCounter)
    RTC_GetITStatus                          0x080024f9   Thumb Code    32  stm32f10x_rtc.o(i.RTC_GetITStatus)
    RTC_Get_Week                             0x0800251d   Thumb Code   116  rtc.o(i.RTC_Get_Week)
    RTC_IRQHandler                           0x08002595   Thumb Code    40  rtc.o(i.RTC_IRQHandler)
    RTC_ITConfig                             0x080025bd   Thumb Code    26  stm32f10x_rtc.o(i.RTC_ITConfig)
    RTC_Init                                 0x080025dd   Thumb Code   190  rtc.o(i.RTC_Init)
    RTC_Set                                  0x080026bd   Thumb Code   188  rtc.o(i.RTC_Set)
    RTC_SetCounter                           0x08002789   Thumb Code    24  stm32f10x_rtc.o(i.RTC_SetCounter)
    RTC_SetPrescaler                         0x080027a5   Thumb Code    26  stm32f10x_rtc.o(i.RTC_SetPrescaler)
    RTC_WaitForLastTask                      0x080027c5   Thumb Code    16  stm32f10x_rtc.o(i.RTC_WaitForLastTask)
    RTC_WaitForSynchro                       0x080027d9   Thumb Code    30  stm32f10x_rtc.o(i.RTC_WaitForSynchro)
    SD_DisSelect                             0x080027fd   Thumb Code    16  mmc_sd.o(i.SD_DisSelect)
    SD_GetCSD                                0x08002811   Thumb Code    42  mmc_sd.o(i.SD_GetCSD)
    SD_GetResponse                           0x0800283b   Thumb Code    38  mmc_sd.o(i.SD_GetResponse)
    SD_GetSectorCount                        0x08002861   Thumb Code   124  mmc_sd.o(i.SD_GetSectorCount)
    SD_Initialize                            0x080028f5   Thumb Code   416  mmc_sd.o(i.SD_Initialize)
    SD_ReadDisk                              0x08002afd   Thumb Code   112  mmc_sd.o(i.SD_ReadDisk)
    SD_RecvData                              0x08002b71   Thumb Code    56  mmc_sd.o(i.SD_RecvData)
    SD_SPI_Init                              0x08002ba9   Thumb Code    56  mmc_sd.o(i.SD_SPI_Init)
    SD_SPI_ReadWriteByte                     0x08002be9   Thumb Code    12  mmc_sd.o(i.SD_SPI_ReadWriteByte)
    SD_SPI_SpeedHigh                         0x08002bf5   Thumb Code    10  mmc_sd.o(i.SD_SPI_SpeedHigh)
    SD_SPI_SpeedLow                          0x08002bff   Thumb Code    10  mmc_sd.o(i.SD_SPI_SpeedLow)
    SD_Select                                0x08002c09   Thumb Code    26  mmc_sd.o(i.SD_Select)
    SD_SendBlock                             0x08002c29   Thumb Code    82  mmc_sd.o(i.SD_SendBlock)
    SD_SendCmd                               0x08002c7b   Thumb Code   120  mmc_sd.o(i.SD_SendCmd)
    SD_WaitReady                             0x08002cf3   Thumb Code    34  mmc_sd.o(i.SD_WaitReady)
    SD_WriteDisk                             0x08002d15   Thumb Code   140  mmc_sd.o(i.SD_WriteDisk)
    SPI1_Init                                0x08002da5   Thumb Code   108  spi.o(i.SPI1_Init)
    SPI1_ReadWriteByte                       0x08002e1d   Thumb Code    78  spi.o(i.SPI1_ReadWriteByte)
    SPI1_SetSpeed                            0x08002e71   Thumb Code    26  spi.o(i.SPI1_SetSpeed)
    SPI_Cmd                                  0x08002e95   Thumb Code    24  stm32f10x_spi.o(i.SPI_Cmd)
    SPI_I2S_GetFlagStatus                    0x08002ead   Thumb Code    18  stm32f10x_spi.o(i.SPI_I2S_GetFlagStatus)
    SPI_I2S_ReceiveData                      0x08002ebf   Thumb Code     6  stm32f10x_spi.o(i.SPI_I2S_ReceiveData)
    SPI_I2S_SendData                         0x08002ec5   Thumb Code     4  stm32f10x_spi.o(i.SPI_I2S_SendData)
    SPI_Init                                 0x08002ec9   Thumb Code    60  stm32f10x_spi.o(i.SPI_Init)
    SVC_Handler                              0x08002f05   Thumb Code     2  stm32f10x_it.o(i.SVC_Handler)
    SysTick_Handler                          0x08002ff1   Thumb Code     2  stm32f10x_it.o(i.SysTick_Handler)
    SystemInit                               0x08002ff5   Thumb Code    78  system_stm32f10x.o(i.SystemInit)
    TIM2_IRQHandler                          0x08003055   Thumb Code    34  main.o(i.TIM2_IRQHandler)
    TIM_ClearFlag                            0x0800307d   Thumb Code     6  stm32f10x_tim.o(i.TIM_ClearFlag)
    TIM_ClearITPendingBit                    0x08003083   Thumb Code     6  stm32f10x_tim.o(i.TIM_ClearITPendingBit)
    TIM_Cmd                                  0x08003089   Thumb Code    24  stm32f10x_tim.o(i.TIM_Cmd)
    TIM_GetITStatus                          0x080030a1   Thumb Code    34  stm32f10x_tim.o(i.TIM_GetITStatus)
    TIM_ITConfig                             0x080030c3   Thumb Code    18  stm32f10x_tim.o(i.TIM_ITConfig)
    TIM_InternalClockConfig                  0x080030d5   Thumb Code    12  stm32f10x_tim.o(i.TIM_InternalClockConfig)
    TIM_TimeBaseInit                         0x080030e1   Thumb Code   122  stm32f10x_tim.o(i.TIM_TimeBaseInit)
    Timer_Init                               0x08003185   Thumb Code   126  timer.o(i.Timer_Init)
    USART1_IRQHandler                        0x08003205   Thumb Code    42  uart1.o(i.USART1_IRQHandler)
    USART2_IRQHandler                        0x0800323d   Thumb Code    32  uart2.o(i.USART2_IRQHandler)
    USART3_IRQHandler                        0x08003279   Thumb Code    32  uart3.o(i.USART3_IRQHandler)
    USART_Cmd                                0x080032b5   Thumb Code    24  stm32f10x_usart.o(i.USART_Cmd)
    USART_GetFlagStatus                      0x080032cd   Thumb Code    26  stm32f10x_usart.o(i.USART_GetFlagStatus)
    USART_GetITStatus                        0x080032e7   Thumb Code    84  stm32f10x_usart.o(i.USART_GetITStatus)
    USART_ITConfig                           0x0800333b   Thumb Code    74  stm32f10x_usart.o(i.USART_ITConfig)
    USART_Init                               0x08003385   Thumb Code   210  stm32f10x_usart.o(i.USART_Init)
    USART_ReceiveData                        0x0800345d   Thumb Code    10  stm32f10x_usart.o(i.USART_ReceiveData)
    USART_SendData                           0x08003467   Thumb Code     8  stm32f10x_usart.o(i.USART_SendData)
    UsageFault_Handler                       0x0800346f   Thumb Code     4  stm32f10x_it.o(i.UsageFault_Handler)
    Write_IIC_Byte                           0x08003475   Thumb Code    80  oled.o(i.Write_IIC_Byte)
    Write_IIC_Command                        0x080034c9   Thumb Code    44  oled.o(i.Write_IIC_Command)
    Write_IIC_Data                           0x080034f5   Thumb Code    44  oled.o(i.Write_IIC_Data)
    __ARM_fpclassify                         0x08003521   Thumb Code    40  fpclassify.o(i.__ARM_fpclassify)
    _is_digit                                0x08003549   Thumb Code    14  __printf_wp.o(i._is_digit)
    _sys_exit                                0x08003557   Thumb Code     4  uart1.o(i._sys_exit)
    clust2sect                               0x08003633   Thumb Code    26  ff.o(i.clust2sect)
    disk_initialize                          0x08003df7   Thumb Code    56  diskio.o(i.disk_initialize)
    disk_ioctl                               0x08003e31   Thumb Code   154  diskio.o(i.disk_ioctl)
    disk_read                                0x08003ed5   Thumb Code   106  diskio.o(i.disk_read)
    disk_status                              0x08003f3f   Thumb Code     6  diskio.o(i.disk_status)
    disk_write                               0x08003f45   Thumb Code    86  diskio.o(i.disk_write)
    exf_getfree                              0x08003f9b   Thumb Code    74  exfuns.o(i.exf_getfree)
    exfuns_init                              0x08003fe5   Thumb Code   100  exfuns.o(i.exfuns_init)
    f_close                                  0x08004059   Thumb Code    32  ff.o(i.f_close)
    f_getfree                                0x08004079   Thumb Code   258  ff.o(i.f_getfree)
    f_mount                                  0x0800417d   Thumb Code    86  ff.o(i.f_mount)
    f_open                                   0x080041d9   Thumb Code   360  ff.o(i.f_open)
    f_sync                                   0x08004345   Thumb Code   176  ff.o(i.f_sync)
    f_write                                  0x080043f5   Thumb Code   498  ff.o(i.f_write)
    ff_convert                               0x080045e9   Thumb Code    70  ccsbcs.o(i.ff_convert)
    ff_wtoupper                              0x08004635   Thumb Code    46  ccsbcs.o(i.ff_wtoupper)
    fputc                                    0x08004b05   Thumb Code    24  uart1.o(i.fputc)
    get_fat                                  0x08004bd1   Thumb Code   232  ff.o(i.get_fat)
    get_fattime                              0x08004cb9   Thumb Code     4  diskio.o(i.get_fattime)
    main                                     0x08004d29   Thumb Code   810  main.o(i.main)
    mem_init                                 0x080051c1   Thumb Code    38  malloc.o(i.mem_init)
    mem_malloc                               0x080051ed   Thumb Code   116  malloc.o(i.mem_malloc)
    mem_perused                              0x08005265   Thumb Code    42  malloc.o(i.mem_perused)
    mymalloc                                 0x080052dd   Thumb Code    28  malloc.o(i.mymalloc)
    mymemset                                 0x080052fd   Thumb Code    20  malloc.o(i.mymemset)
    put_fat                                  0x08005311   Thumb Code   310  ff.o(i.put_fat)
    u2_printf                                0x080055f9   Thumb Code    74  uart2.o(i.u2_printf)
    u3_printf                                0x08005649   Thumb Code    74  uart3.o(i.u3_printf)
    uart1_init                               0x08005699   Thumb Code   152  uart1.o(i.uart1_init)
    _get_lc_numeric                          0x08005771   Thumb Code    44  lc_numeric_c.o(locale$$code)
    _get_lc_ctype                            0x0800579d   Thumb Code    44  lc_ctype_c.o(locale$$code)
    _printf_fp_dec                           0x080057c9   Thumb Code     4  printf1.o(x$fpl$printf1)
    _printf_fp_hex                           0x080057cd   Thumb Code     4  printf2.o(x$fpl$printf2)
    __I$use$fp                               0x080057d0   Number         0  usenofp.o(x$fpl$usenofp)
    buffer                                   0x080057d0   Data         100  main.o(.constdata)
    F6x8                                     0x08005834   Data         552  oled.o(.constdata)
    F8X16                                    0x08005a5c   Data        1520  oled.o(.constdata)
    table_week                               0x0800604c   Data          12  rtc.o(.constdata)
    mon_table                                0x08006058   Data          12  rtc.o(.constdata)
    Region$$Table$$Base                      0x08006784   Number         0  anon$$obj.o(Region$$Table)
    Region$$Table$$Limit                     0x080067a4   Number         0  anon$$obj.o(Region$$Table)
    __ctype                                  0x080067cd   Data           0  lc_ctype_c.o(locale$$data)
    WEEKS                                    0x20000014   Data          28  rtc.o(.data)
    USART_RX_STA                             0x20000034   Data           2  uart1.o(.data)
    __stdout                                 0x20000038   Data           4  uart1.o(.data)
    SD_Type                                  0x2000003c   Data           1  mmc_sd.o(.data)
    mallco_dev                               0x20000040   Data          20  malloc.o(.data)
    FILE_TYPE_TBL                            0x20000054   Data         312  exfuns.o(.data)
    fs                                       0x2000018c   Data           8  exfuns.o(.data)
    file                                     0x20000194   Data           4  exfuns.o(.data)
    ftemp                                    0x20000198   Data           4  exfuns.o(.data)
    br                                       0x2000019c   Data           4  exfuns.o(.data)
    bw                                       0x200001a0   Data           4  exfuns.o(.data)
    fatbuf                                   0x200001a4   Data           4  exfuns.o(.data)
    FLASH_SECTOR_COUNT                       0x200001a8   Data           2  diskio.o(.data)
    t1                                       0x200001b8   Data          16  main.o(.bss)
    calendar                                 0x200001c8   Data          10  rtc.o(.bss)
    SPI_InitStructure                        0x200001d2   Data          18  spi.o(.bss)
    USART_RX_BUF                             0x200001e4   Data         200  uart1.o(.bss)
    membase                                  0x200002ac   Data       15360  malloc.o(.bss)
    memmapbase                               0x20003eac   Data         960  malloc.o(.bss)
    __libspace_start                         0x2000446c   Data          96  libspace.o(.bss)
    __temporary_stack_top$libspace           0x200044cc   Data           0  libspace.o(.bss)



==============================================================================

Memory Map of the image

  Image Entry point : 0x080000ed

  Load Region LR_IROM1 (Base: 0x08000000, Size: 0x00006a88, Max: 0x00010000, ABSOLUTE, COMPRESSED[0x0000695c])

    Execution Region ER_IROM1 (Exec base: 0x08000000, Load base: 0x08000000, Size: 0x000068d0, Max: 0x00010000, ABSOLUTE)

    Exec Addr    Load Addr    Size         Type   Attr      Idx    E Section Name        Object

    0x08000000   0x08000000   0x000000ec   Data   RO            3    RESET               startup_stm32f10x_md.o
    0x080000ec   0x080000ec   0x00000008   Code   RO         4788  * !!!main             c_w.l(__main.o)
    0x080000f4   0x080000f4   0x00000034   Code   RO         5065    !!!scatter          c_w.l(__scatter.o)
    0x08000128   0x08000128   0x0000005a   Code   RO         5063    !!dczerorl2         c_w.l(__dczerorl2.o)
    0x08000182   0x08000182   0x00000002   PAD
    0x08000184   0x08000184   0x0000001c   Code   RO         5067    !!handler_zi        c_w.l(__scatter_zi.o)
    0x080001a0   0x080001a0   0x00000000   Code   RO         4777    .ARM.Collect$$_printf_percent$$00000000  c_w.l(_printf_percent.o)
    0x080001a0   0x080001a0   0x00000006   Code   RO         4820    .ARM.Collect$$_printf_percent$$00000001  c_w.l(_printf_n.o)
    0x080001a6   0x080001a6   0x00000006   Code   RO         4821    .ARM.Collect$$_printf_percent$$00000002  c_w.l(_printf_p.o)
    0x080001ac   0x080001ac   0x00000006   Code   RO         4825    .ARM.Collect$$_printf_percent$$00000003  c_w.l(_printf_f.o)
    0x080001b2   0x080001b2   0x00000006   Code   RO         4826    .ARM.Collect$$_printf_percent$$00000004  c_w.l(_printf_e.o)
    0x080001b8   0x080001b8   0x00000006   Code   RO         4827    .ARM.Collect$$_printf_percent$$00000005  c_w.l(_printf_g.o)
    0x080001be   0x080001be   0x00000006   Code   RO         4828    .ARM.Collect$$_printf_percent$$00000006  c_w.l(_printf_a.o)
    0x080001c4   0x080001c4   0x0000000a   Code   RO         4833    .ARM.Collect$$_printf_percent$$00000007  c_w.l(_printf_ll.o)
    0x080001ce   0x080001ce   0x00000006   Code   RO         4823    .ARM.Collect$$_printf_percent$$00000008  c_w.l(_printf_i.o)
    0x080001d4   0x080001d4   0x00000006   Code   RO         4776    .ARM.Collect$$_printf_percent$$00000009  c_w.l(_printf_d.o)
    0x080001da   0x080001da   0x00000006   Code   RO         4824    .ARM.Collect$$_printf_percent$$0000000A  c_w.l(_printf_u.o)
    0x080001e0   0x080001e0   0x00000006   Code   RO         4822    .ARM.Collect$$_printf_percent$$0000000B  c_w.l(_printf_o.o)
    0x080001e6   0x080001e6   0x00000006   Code   RO         4775    .ARM.Collect$$_printf_percent$$0000000C  c_w.l(_printf_x.o)
    0x080001ec   0x080001ec   0x00000006   Code   RO         4830    .ARM.Collect$$_printf_percent$$0000000D  c_w.l(_printf_lli.o)
    0x080001f2   0x080001f2   0x00000006   Code   RO         4831    .ARM.Collect$$_printf_percent$$0000000E  c_w.l(_printf_lld.o)
    0x080001f8   0x080001f8   0x00000006   Code   RO         4832    .ARM.Collect$$_printf_percent$$0000000F  c_w.l(_printf_llu.o)
    0x080001fe   0x080001fe   0x00000006   Code   RO         4837    .ARM.Collect$$_printf_percent$$00000010  c_w.l(_printf_llo.o)
    0x08000204   0x08000204   0x00000006   Code   RO         4838    .ARM.Collect$$_printf_percent$$00000011  c_w.l(_printf_llx.o)
    0x0800020a   0x0800020a   0x0000000a   Code   RO         4834    .ARM.Collect$$_printf_percent$$00000012  c_w.l(_printf_l.o)
    0x08000214   0x08000214   0x00000006   Code   RO         4773    .ARM.Collect$$_printf_percent$$00000013  c_w.l(_printf_c.o)
    0x0800021a   0x0800021a   0x00000006   Code   RO         4774    .ARM.Collect$$_printf_percent$$00000014  c_w.l(_printf_s.o)
    0x08000220   0x08000220   0x00000006   Code   RO         4835    .ARM.Collect$$_printf_percent$$00000015  c_w.l(_printf_lc.o)
    0x08000226   0x08000226   0x00000006   Code   RO         4836    .ARM.Collect$$_printf_percent$$00000016  c_w.l(_printf_ls.o)
    0x0800022c   0x0800022c   0x00000004   Code   RO         4829    .ARM.Collect$$_printf_percent$$00000017  c_w.l(_printf_percent_end.o)
    0x08000230   0x08000230   0x00000002   Code   RO         4927    .ARM.Collect$$libinit$$00000000  c_w.l(libinit.o)
    0x08000232   0x08000232   0x00000000   Code   RO         4942    .ARM.Collect$$libinit$$00000002  c_w.l(libinit2.o)
    0x08000232   0x08000232   0x00000000   Code   RO         4944    .ARM.Collect$$libinit$$00000004  c_w.l(libinit2.o)
    0x08000232   0x08000232   0x00000000   Code   RO         4947    .ARM.Collect$$libinit$$0000000A  c_w.l(libinit2.o)
    0x08000232   0x08000232   0x00000000   Code   RO         4949    .ARM.Collect$$libinit$$0000000C  c_w.l(libinit2.o)
    0x08000232   0x08000232   0x00000000   Code   RO         4951    .ARM.Collect$$libinit$$0000000E  c_w.l(libinit2.o)
    0x08000232   0x08000232   0x00000006   Code   RO         4952    .ARM.Collect$$libinit$$0000000F  c_w.l(libinit2.o)
    0x08000238   0x08000238   0x00000000   Code   RO         4954    .ARM.Collect$$libinit$$00000011  c_w.l(libinit2.o)
    0x08000238   0x08000238   0x0000000c   Code   RO         4955    .ARM.Collect$$libinit$$00000012  c_w.l(libinit2.o)
    0x08000244   0x08000244   0x00000000   Code   RO         4956    .ARM.Collect$$libinit$$00000013  c_w.l(libinit2.o)
    0x08000244   0x08000244   0x00000000   Code   RO         4958    .ARM.Collect$$libinit$$00000015  c_w.l(libinit2.o)
    0x08000244   0x08000244   0x0000000a   Code   RO         4959    .ARM.Collect$$libinit$$00000016  c_w.l(libinit2.o)
    0x0800024e   0x0800024e   0x00000000   Code   RO         4960    .ARM.Collect$$libinit$$00000017  c_w.l(libinit2.o)
    0x0800024e   0x0800024e   0x00000000   Code   RO         4962    .ARM.Collect$$libinit$$00000019  c_w.l(libinit2.o)
    0x0800024e   0x0800024e   0x00000000   Code   RO         4964    .ARM.Collect$$libinit$$0000001B  c_w.l(libinit2.o)
    0x0800024e   0x0800024e   0x00000000   Code   RO         4966    .ARM.Collect$$libinit$$0000001D  c_w.l(libinit2.o)
    0x0800024e   0x0800024e   0x00000000   Code   RO         4968    .ARM.Collect$$libinit$$0000001F  c_w.l(libinit2.o)
    0x0800024e   0x0800024e   0x00000000   Code   RO         4970    .ARM.Collect$$libinit$$00000021  c_w.l(libinit2.o)
    0x0800024e   0x0800024e   0x00000000   Code   RO         4972    .ARM.Collect$$libinit$$00000023  c_w.l(libinit2.o)
    0x0800024e   0x0800024e   0x00000000   Code   RO         4974    .ARM.Collect$$libinit$$00000025  c_w.l(libinit2.o)
    0x0800024e   0x0800024e   0x00000000   Code   RO         4978    .ARM.Collect$$libinit$$0000002C  c_w.l(libinit2.o)
    0x0800024e   0x0800024e   0x00000000   Code   RO         4980    .ARM.Collect$$libinit$$0000002E  c_w.l(libinit2.o)
    0x0800024e   0x0800024e   0x00000000   Code   RO         4982    .ARM.Collect$$libinit$$00000030  c_w.l(libinit2.o)
    0x0800024e   0x0800024e   0x00000000   Code   RO         4984    .ARM.Collect$$libinit$$00000032  c_w.l(libinit2.o)
    0x0800024e   0x0800024e   0x00000002   Code   RO         4985    .ARM.Collect$$libinit$$00000033  c_w.l(libinit2.o)
    0x08000250   0x08000250   0x00000002   Code   RO         5003    .ARM.Collect$$libshutdown$$00000000  c_w.l(libshutdown.o)
    0x08000252   0x08000252   0x00000000   Code   RO         5013    .ARM.Collect$$libshutdown$$00000002  c_w.l(libshutdown2.o)
    0x08000252   0x08000252   0x00000000   Code   RO         5015    .ARM.Collect$$libshutdown$$00000004  c_w.l(libshutdown2.o)
    0x08000252   0x08000252   0x00000000   Code   RO         5017    .ARM.Collect$$libshutdown$$00000006  c_w.l(libshutdown2.o)
    0x08000252   0x08000252   0x00000000   Code   RO         5020    .ARM.Collect$$libshutdown$$00000009  c_w.l(libshutdown2.o)
    0x08000252   0x08000252   0x00000000   Code   RO         5023    .ARM.Collect$$libshutdown$$0000000C  c_w.l(libshutdown2.o)
    0x08000252   0x08000252   0x00000000   Code   RO         5025    .ARM.Collect$$libshutdown$$0000000E  c_w.l(libshutdown2.o)
    0x08000252   0x08000252   0x00000000   Code   RO         5028    .ARM.Collect$$libshutdown$$00000011  c_w.l(libshutdown2.o)
    0x08000252   0x08000252   0x00000002   Code   RO         5029    .ARM.Collect$$libshutdown$$00000012  c_w.l(libshutdown2.o)
    0x08000254   0x08000254   0x00000000   Code   RO         4792    .ARM.Collect$$rtentry$$00000000  c_w.l(__rtentry.o)
    0x08000254   0x08000254   0x00000000   Code   RO         4850    .ARM.Collect$$rtentry$$00000002  c_w.l(__rtentry2.o)
    0x08000254   0x08000254   0x00000006   Code   RO         4862    .ARM.Collect$$rtentry$$00000004  c_w.l(__rtentry4.o)
    0x0800025a   0x0800025a   0x00000000   Code   RO         4852    .ARM.Collect$$rtentry$$00000009  c_w.l(__rtentry2.o)
    0x0800025a   0x0800025a   0x00000004   Code   RO         4853    .ARM.Collect$$rtentry$$0000000A  c_w.l(__rtentry2.o)
    0x0800025e   0x0800025e   0x00000000   Code   RO         4855    .ARM.Collect$$rtentry$$0000000C  c_w.l(__rtentry2.o)
    0x0800025e   0x0800025e   0x00000008   Code   RO         4856    .ARM.Collect$$rtentry$$0000000D  c_w.l(__rtentry2.o)
    0x08000266   0x08000266   0x00000002   Code   RO         4936    .ARM.Collect$$rtexit$$00000000  c_w.l(rtexit.o)
    0x08000268   0x08000268   0x00000000   Code   RO         4987    .ARM.Collect$$rtexit$$00000002  c_w.l(rtexit2.o)
    0x08000268   0x08000268   0x00000004   Code   RO         4988    .ARM.Collect$$rtexit$$00000003  c_w.l(rtexit2.o)
    0x0800026c   0x0800026c   0x00000006   Code   RO         4989    .ARM.Collect$$rtexit$$00000004  c_w.l(rtexit2.o)
    0x08000272   0x08000272   0x00000002   PAD
    0x08000274   0x08000274   0x00000040   Code   RO            4    .text               startup_stm32f10x_md.o
    0x080002b4   0x080002b4   0x00000002   Code   RO         4714    .text               c_w.l(use_no_semi_2.o)
    0x080002b6   0x080002b6   0x00000002   PAD
    0x080002b8   0x080002b8   0x00000024   Code   RO         4716    .text               c_w.l(vsprintf.o)
    0x080002dc   0x080002dc   0x00000018   Code   RO         4718    .text               c_w.l(__2printf.o)
    0x080002f4   0x080002f4   0x0000002c   Code   RO         4720    .text               c_w.l(__2sprintf.o)
    0x08000320   0x08000320   0x00000052   Code   RO         4728    .text               c_w.l(_printf_str.o)
    0x08000372   0x08000372   0x00000002   PAD
    0x08000374   0x08000374   0x00000078   Code   RO         4730    .text               c_w.l(_printf_dec.o)
    0x080003ec   0x080003ec   0x00000094   Code   RO         4750    .text               c_w.l(_printf_hex_int_ll_ptr.o)
    0x08000480   0x08000480   0x00000188   Code   RO         4770    .text               c_w.l(__printf_flags_ss_wp.o)
    0x08000608   0x08000608   0x0000003e   Code   RO         4780    .text               c_w.l(strlen.o)
    0x08000646   0x08000646   0x00000044   Code   RO         4782    .text               c_w.l(rt_memclr.o)
    0x0800068a   0x0800068a   0x00000002   PAD
    0x0800068c   0x0800068c   0x00000080   Code   RO         4784    .text               c_w.l(strcmpv7m.o)
    0x0800070c   0x0800070c   0x00000006   Code   RO         4786    .text               c_w.l(heapauxi.o)
    0x08000712   0x08000712   0x00000002   Code   RO         4790    .text               c_w.l(use_no_semi.o)
    0x08000714   0x08000714   0x0000004e   Code   RO         4793    .text               c_w.l(_printf_pad.o)
    0x08000762   0x08000762   0x00000024   Code   RO         4795    .text               c_w.l(_printf_truncate.o)
    0x08000786   0x08000786   0x000000b2   Code   RO         4797    .text               c_w.l(_printf_intcommon.o)
    0x08000838   0x08000838   0x00000028   Code   RO         4799    .text               c_w.l(_printf_charcount.o)
    0x08000860   0x08000860   0x00000030   Code   RO         4801    .text               c_w.l(_printf_char_common.o)
    0x08000890   0x08000890   0x0000000a   Code   RO         4803    .text               c_w.l(_sputc.o)
    0x0800089a   0x0800089a   0x0000002c   Code   RO         4805    .text               c_w.l(_printf_char.o)
    0x080008c6   0x080008c6   0x00000002   PAD
    0x080008c8   0x080008c8   0x00000024   Code   RO         4807    .text               c_w.l(_printf_char_file.o)
    0x080008ec   0x080008ec   0x000000bc   Code   RO         4809    .text               c_w.l(_printf_wctomb.o)
    0x080009a8   0x080009a8   0x0000007c   Code   RO         4812    .text               c_w.l(_printf_longlong_dec.o)
    0x08000a24   0x08000a24   0x00000070   Code   RO         4818    .text               c_w.l(_printf_oct_int_ll.o)
    0x08000a94   0x08000a94   0x0000004e   Code   RO         4839    .text               c_w.l(rt_memclr_w.o)
    0x08000ae2   0x08000ae2   0x0000008a   Code   RO         4864    .text               c_w.l(lludiv10.o)
    0x08000b6c   0x08000b6c   0x0000041e   Code   RO         4866    .text               c_w.l(_printf_fp_dec.o)
    0x08000f8a   0x08000f8a   0x00000002   PAD
    0x08000f8c   0x08000f8c   0x000002fc   Code   RO         4868    .text               c_w.l(_printf_fp_hex.o)
    0x08001288   0x08001288   0x0000002c   Code   RO         4873    .text               c_w.l(_printf_wchar.o)
    0x080012b4   0x080012b4   0x00000008   Code   RO         4875    .text               c_w.l(ferror.o)
    0x080012bc   0x080012bc   0x00000040   Code   RO         4879    .text               c_w.l(_wcrtomb.o)
    0x080012fc   0x080012fc   0x0000004a   Code   RO         4881    .text               c_w.l(sys_stackheap_outer.o)
    0x08001346   0x08001346   0x00000002   PAD
    0x08001348   0x08001348   0x00000010   Code   RO         4883    .text               c_w.l(rt_ctype_table.o)
    0x08001358   0x08001358   0x00000008   Code   RO         4888    .text               c_w.l(rt_locale_intlibspace.o)
    0x08001360   0x08001360   0x00000080   Code   RO         4890    .text               c_w.l(_printf_fp_infnan.o)
    0x080013e0   0x080013e0   0x000000e4   Code   RO         4892    .text               c_w.l(bigflt0.o)
    0x080014c4   0x080014c4   0x00000012   Code   RO         4920    .text               c_w.l(exit.o)
    0x080014d6   0x080014d6   0x00000002   PAD
    0x080014d8   0x080014d8   0x00000008   Code   RO         4933    .text               c_w.l(libspace.o)
    0x080014e0   0x080014e0   0x0000003e   Code   RO         4895    CL$$btod_d2e        c_w.l(btod.o)
    0x0800151e   0x0800151e   0x00000046   Code   RO         4897    CL$$btod_d2e_denorm_low  c_w.l(btod.o)
    0x08001564   0x08001564   0x00000060   Code   RO         4896    CL$$btod_d2e_norm_op1  c_w.l(btod.o)
    0x080015c4   0x080015c4   0x00000338   Code   RO         4905    CL$$btod_div_common  c_w.l(btod.o)
    0x080018fc   0x080018fc   0x000000dc   Code   RO         4902    CL$$btod_e2e        c_w.l(btod.o)
    0x080019d8   0x080019d8   0x0000002a   Code   RO         4899    CL$$btod_ediv       c_w.l(btod.o)
    0x08001a02   0x08001a02   0x0000002a   Code   RO         4898    CL$$btod_emul       c_w.l(btod.o)
    0x08001a2c   0x08001a2c   0x00000244   Code   RO         4904    CL$$btod_mult_common  c_w.l(btod.o)
    0x08001c70   0x08001c70   0x00000010   Code   RO          426    i.BKP_DeInit        stm32f10x_bkp.o
    0x08001c80   0x08001c80   0x0000001c   Code   RO          431    i.BKP_ReadBackupRegister  stm32f10x_bkp.o
    0x08001c9c   0x08001c9c   0x0000001c   Code   RO          435    i.BKP_WriteBackupRegister  stm32f10x_bkp.o
    0x08001cb8   0x08001cb8   0x00000004   Code   RO         3321    i.BusFault_Handler  stm32f10x_it.o
    0x08001cbc   0x08001cbc   0x00000002   Code   RO         3322    i.DebugMon_Handler  stm32f10x_it.o
    0x08001cbe   0x08001cbe   0x00000018   Code   RO         3196    i.Delay_ms          delay.o
    0x08001cd6   0x08001cd6   0x0000002e   Code   RO         3198    i.Delay_us          delay.o
    0x08001d04   0x08001d04   0x00000116   Code   RO         1347    i.GPIO_Init         stm32f10x_gpio.o
    0x08001e1a   0x08001e1a   0x00000004   Code   RO         1354    i.GPIO_ResetBits    stm32f10x_gpio.o
    0x08001e1e   0x08001e1e   0x00000004   Code   RO         1355    i.GPIO_SetBits      stm32f10x_gpio.o
    0x08001e22   0x08001e22   0x00000004   Code   RO         3323    i.HardFault_Handler  stm32f10x_it.o
    0x08001e26   0x08001e26   0x00000002   PAD
    0x08001e28   0x08001e28   0x00000028   Code   RO         3554    i.IIC_Start         oled.o
    0x08001e50   0x08001e50   0x00000020   Code   RO         3555    i.IIC_Stop          oled.o
    0x08001e70   0x08001e70   0x00000018   Code   RO         3556    i.IIC_Wait_Ack      oled.o
    0x08001e88   0x08001e88   0x0000003a   Code   RO         3703    i.Is_Leap_Year      rtc.o
    0x08001ec2   0x08001ec2   0x00000002   PAD
    0x08001ec4   0x08001ec4   0x0000002c   Code   RO         3540    i.LED_Init          led.o
    0x08001ef0   0x08001ef0   0x00000004   Code   RO         3324    i.MemManage_Handler  stm32f10x_it.o
    0x08001ef4   0x08001ef4   0x00000002   Code   RO         3325    i.NMI_Handler       stm32f10x_it.o
    0x08001ef6   0x08001ef6   0x00000002   PAD
    0x08001ef8   0x08001ef8   0x00000070   Code   RO          137    i.NVIC_Init         misc.o
    0x08001f68   0x08001f68   0x00000014   Code   RO          138    i.NVIC_PriorityGroupConfig  misc.o
    0x08001f7c   0x08001f7c   0x0000003e   Code   RO         3557    i.OLED_Clear        oled.o
    0x08001fba   0x08001fba   0x00000002   PAD
    0x08001fbc   0x08001fbc   0x00000114   Code   RO         3561    i.OLED_Init         oled.o
    0x080020d0   0x080020d0   0x00000028   Code   RO         3563    i.OLED_Set_Pos      oled.o
    0x080020f8   0x080020f8   0x000000a4   Code   RO         3565    i.OLED_ShowChar     oled.o
    0x0800219c   0x0800219c   0x0000003a   Code   RO         3567    i.OLED_ShowString   oled.o
    0x080021d6   0x080021d6   0x00000018   Code   RO         3568    i.OLED_WR_Byte      oled.o
    0x080021ee   0x080021ee   0x00000002   PAD
    0x080021f0   0x080021f0   0x0000000c   Code   RO         1710    i.PWR_BackupAccessCmd  stm32f10x_pwr.o
    0x080021fc   0x080021fc   0x00000002   Code   RO         3326    i.PendSV_Handler    stm32f10x_it.o
    0x080021fe   0x080021fe   0x00000002   PAD
    0x08002200   0x08002200   0x00000020   Code   RO         1775    i.RCC_APB1PeriphClockCmd  stm32f10x_rcc.o
    0x08002220   0x08002220   0x00000020   Code   RO         1777    i.RCC_APB2PeriphClockCmd  stm32f10x_rcc.o
    0x08002240   0x08002240   0x0000000c   Code   RO         1780    i.RCC_BackupResetCmd  stm32f10x_rcc.o
    0x0800224c   0x0800224c   0x000000d4   Code   RO         1785    i.RCC_GetClocksFreq  stm32f10x_rcc.o
    0x08002320   0x08002320   0x0000003c   Code   RO         1786    i.RCC_GetFlagStatus  stm32f10x_rcc.o
    0x0800235c   0x0800235c   0x00000034   Code   RO         1793    i.RCC_LSEConfig     stm32f10x_rcc.o
    0x08002390   0x08002390   0x0000000c   Code   RO         1800    i.RCC_RTCCLKCmd     stm32f10x_rcc.o
    0x0800239c   0x0800239c   0x00000010   Code   RO         1801    i.RCC_RTCCLKConfig  stm32f10x_rcc.o
    0x080023ac   0x080023ac   0x00000010   Code   RO         1977    i.RTC_ClearITPendingBit  stm32f10x_rtc.o
    0x080023bc   0x080023bc   0x00000014   Code   RO         1978    i.RTC_EnterConfigMode  stm32f10x_rtc.o
    0x080023d0   0x080023d0   0x00000014   Code   RO         1979    i.RTC_ExitConfigMode  stm32f10x_rtc.o
    0x080023e4   0x080023e4   0x00000100   Code   RO         3704    i.RTC_Get           rtc.o
    0x080024e4   0x080024e4   0x00000014   Code   RO         1980    i.RTC_GetCounter    stm32f10x_rtc.o
    0x080024f8   0x080024f8   0x00000024   Code   RO         1983    i.RTC_GetITStatus   stm32f10x_rtc.o
    0x0800251c   0x0800251c   0x00000078   Code   RO         3705    i.RTC_Get_Week      rtc.o
    0x08002594   0x08002594   0x00000028   Code   RO         3706    i.RTC_IRQHandler    rtc.o
    0x080025bc   0x080025bc   0x00000020   Code   RO         1984    i.RTC_ITConfig      stm32f10x_rtc.o
    0x080025dc   0x080025dc   0x000000be   Code   RO         3707    i.RTC_Init          rtc.o
    0x0800269a   0x0800269a   0x00000020   Code   RO         3708    i.RTC_NVIC_Config   rtc.o
    0x080026ba   0x080026ba   0x00000002   PAD
    0x080026bc   0x080026bc   0x000000cc   Code   RO         3709    i.RTC_Set           rtc.o
    0x08002788   0x08002788   0x0000001c   Code   RO         1986    i.RTC_SetCounter    stm32f10x_rtc.o
    0x080027a4   0x080027a4   0x00000020   Code   RO         1987    i.RTC_SetPrescaler  stm32f10x_rtc.o
    0x080027c4   0x080027c4   0x00000014   Code   RO         1988    i.RTC_WaitForLastTask  stm32f10x_rtc.o
    0x080027d8   0x080027d8   0x00000024   Code   RO         1989    i.RTC_WaitForSynchro  stm32f10x_rtc.o
    0x080027fc   0x080027fc   0x00000014   Code   RO         3906    i.SD_DisSelect      mmc_sd.o
    0x08002810   0x08002810   0x0000002a   Code   RO         3908    i.SD_GetCSD         mmc_sd.o
    0x0800283a   0x0800283a   0x00000026   Code   RO         3909    i.SD_GetResponse    mmc_sd.o
    0x08002860   0x08002860   0x00000094   Code   RO         3910    i.SD_GetSectorCount  mmc_sd.o
    0x080028f4   0x080028f4   0x00000208   Code   RO         3911    i.SD_Initialize     mmc_sd.o
    0x08002afc   0x08002afc   0x00000074   Code   RO         3912    i.SD_ReadDisk       mmc_sd.o
    0x08002b70   0x08002b70   0x00000038   Code   RO         3913    i.SD_RecvData       mmc_sd.o
    0x08002ba8   0x08002ba8   0x00000040   Code   RO         3914    i.SD_SPI_Init       mmc_sd.o
    0x08002be8   0x08002be8   0x0000000c   Code   RO         3915    i.SD_SPI_ReadWriteByte  mmc_sd.o
    0x08002bf4   0x08002bf4   0x0000000a   Code   RO         3916    i.SD_SPI_SpeedHigh  mmc_sd.o
    0x08002bfe   0x08002bfe   0x0000000a   Code   RO         3917    i.SD_SPI_SpeedLow   mmc_sd.o
    0x08002c08   0x08002c08   0x00000020   Code   RO         3918    i.SD_Select         mmc_sd.o
    0x08002c28   0x08002c28   0x00000052   Code   RO         3919    i.SD_SendBlock      mmc_sd.o
    0x08002c7a   0x08002c7a   0x00000078   Code   RO         3920    i.SD_SendCmd        mmc_sd.o
    0x08002cf2   0x08002cf2   0x00000022   Code   RO         3921    i.SD_WaitReady      mmc_sd.o
    0x08002d14   0x08002d14   0x00000090   Code   RO         3922    i.SD_WriteDisk      mmc_sd.o
    0x08002da4   0x08002da4   0x00000078   Code   RO         3759    i.SPI1_Init         spi.o
    0x08002e1c   0x08002e1c   0x00000054   Code   RO         3760    i.SPI1_ReadWriteByte  spi.o
    0x08002e70   0x08002e70   0x00000024   Code   RO         3761    i.SPI1_SetSpeed     spi.o
    0x08002e94   0x08002e94   0x00000018   Code   RO         2263    i.SPI_Cmd           stm32f10x_spi.o
    0x08002eac   0x08002eac   0x00000012   Code   RO         2271    i.SPI_I2S_GetFlagStatus  stm32f10x_spi.o
    0x08002ebe   0x08002ebe   0x00000006   Code   RO         2274    i.SPI_I2S_ReceiveData  stm32f10x_spi.o
    0x08002ec4   0x08002ec4   0x00000004   Code   RO         2275    i.SPI_I2S_SendData  stm32f10x_spi.o
    0x08002ec8   0x08002ec8   0x0000003c   Code   RO         2276    i.SPI_Init          stm32f10x_spi.o
    0x08002f04   0x08002f04   0x00000002   Code   RO         3327    i.SVC_Handler       stm32f10x_it.o
    0x08002f06   0x08002f06   0x00000008   Code   RO           24    i.SetSysClock       system_stm32f10x.o
    0x08002f0e   0x08002f0e   0x00000002   PAD
    0x08002f10   0x08002f10   0x000000e0   Code   RO           25    i.SetSysClockTo72   system_stm32f10x.o
    0x08002ff0   0x08002ff0   0x00000002   Code   RO         3328    i.SysTick_Handler   stm32f10x_it.o
    0x08002ff2   0x08002ff2   0x00000002   PAD
    0x08002ff4   0x08002ff4   0x00000060   Code   RO           27    i.SystemInit        system_stm32f10x.o
    0x08003054   0x08003054   0x00000028   Code   RO         3233    i.TIM2_IRQHandler   main.o
    0x0800307c   0x0800307c   0x00000006   Code   RO         2415    i.TIM_ClearFlag     stm32f10x_tim.o
    0x08003082   0x08003082   0x00000006   Code   RO         2416    i.TIM_ClearITPendingBit  stm32f10x_tim.o
    0x08003088   0x08003088   0x00000018   Code   RO         2421    i.TIM_Cmd           stm32f10x_tim.o
    0x080030a0   0x080030a0   0x00000022   Code   RO         2442    i.TIM_GetITStatus   stm32f10x_tim.o
    0x080030c2   0x080030c2   0x00000012   Code   RO         2446    i.TIM_ITConfig      stm32f10x_tim.o
    0x080030d4   0x080030d4   0x0000000c   Code   RO         2448    i.TIM_InternalClockConfig  stm32f10x_tim.o
    0x080030e0   0x080030e0   0x000000a4   Code   RO         2492    i.TIM_TimeBaseInit  stm32f10x_tim.o
    0x08003184   0x08003184   0x0000007e   Code   RO         3894    i.Timer_Init        timer.o
    0x08003202   0x08003202   0x00000002   PAD
    0x08003204   0x08003204   0x00000038   Code   RO         3787    i.USART1_IRQHandler  uart1.o
    0x0800323c   0x0800323c   0x0000003c   Code   RO         3833    i.USART2_IRQHandler  uart2.o
    0x08003278   0x08003278   0x0000003c   Code   RO         3867    i.USART3_IRQHandler  uart3.o
    0x080032b4   0x080032b4   0x00000018   Code   RO         2960    i.USART_Cmd         stm32f10x_usart.o
    0x080032cc   0x080032cc   0x0000001a   Code   RO         2963    i.USART_GetFlagStatus  stm32f10x_usart.o
    0x080032e6   0x080032e6   0x00000054   Code   RO         2964    i.USART_GetITStatus  stm32f10x_usart.o
    0x0800333a   0x0800333a   0x0000004a   Code   RO         2966    i.USART_ITConfig    stm32f10x_usart.o
    0x08003384   0x08003384   0x000000d8   Code   RO         2967    i.USART_Init        stm32f10x_usart.o
    0x0800345c   0x0800345c   0x0000000a   Code   RO         2974    i.USART_ReceiveData  stm32f10x_usart.o
    0x08003466   0x08003466   0x00000008   Code   RO         2977    i.USART_SendData    stm32f10x_usart.o
    0x0800346e   0x0800346e   0x00000004   Code   RO         3329    i.UsageFault_Handler  stm32f10x_it.o
    0x08003472   0x08003472   0x00000002   PAD
    0x08003474   0x08003474   0x00000054   Code   RO         3569    i.Write_IIC_Byte    oled.o
    0x080034c8   0x080034c8   0x0000002c   Code   RO         3570    i.Write_IIC_Command  oled.o
    0x080034f4   0x080034f4   0x0000002c   Code   RO         3571    i.Write_IIC_Data    oled.o
    0x08003520   0x08003520   0x00000028   Code   RO         4931    i.__ARM_fpclassify  m_ws.l(fpclassify.o)
    0x08003548   0x08003548   0x0000000e   Code   RO         4763    i._is_digit         c_w.l(__printf_wp.o)
    0x08003556   0x08003556   0x00000004   Code   RO         3788    i._sys_exit         uart1.o
    0x0800355a   0x0800355a   0x00000002   PAD
    0x0800355c   0x0800355c   0x00000090   Code   RO         4348    i.check_fs          ff.o
    0x080035ec   0x080035ec   0x00000014   Code   RO         4349    i.chk_chr           ff.o
    0x08003600   0x08003600   0x00000032   Code   RO         4350    i.clmt_clust        ff.o
    0x08003632   0x08003632   0x0000001a   Code   RO         4351    i.clust2sect        ff.o
    0x0800364c   0x0800364c   0x00000090   Code   RO         4352    i.cmp_lfn           ff.o
    0x080036dc   0x080036dc   0x000000d6   Code   RO         4353    i.create_chain      ff.o
    0x080037b2   0x080037b2   0x00000002   PAD
    0x080037b4   0x080037b4   0x00000230   Code   RO         4354    i.create_name       ff.o
    0x080039e4   0x080039e4   0x0000005c   Code   RO         4355    i.dir_alloc         ff.o
    0x08003a40   0x08003a40   0x000000de   Code   RO         4356    i.dir_find          ff.o
    0x08003b1e   0x08003b1e   0x00000110   Code   RO         4357    i.dir_next          ff.o
    0x08003c2e   0x08003c2e   0x0000012a   Code   RO         4359    i.dir_register      ff.o
    0x08003d58   0x08003d58   0x0000009e   Code   RO         4361    i.dir_sdi           ff.o
    0x08003df6   0x08003df6   0x00000038   Code   RO         4281    i.disk_initialize   diskio.o
    0x08003e2e   0x08003e2e   0x00000002   PAD
    0x08003e30   0x08003e30   0x000000a4   Code   RO         4282    i.disk_ioctl        diskio.o
    0x08003ed4   0x08003ed4   0x0000006a   Code   RO         4283    i.disk_read         diskio.o
    0x08003f3e   0x08003f3e   0x00000006   Code   RO         4284    i.disk_status       diskio.o
    0x08003f44   0x08003f44   0x00000056   Code   RO         4285    i.disk_write        diskio.o
    0x08003f9a   0x08003f9a   0x0000004a   Code   RO         4089    i.exf_getfree       exfuns.o
    0x08003fe4   0x08003fe4   0x00000074   Code   RO         4090    i.exfuns_init       exfuns.o
    0x08004058   0x08004058   0x00000020   Code   RO         4363    i.f_close           ff.o
    0x08004078   0x08004078   0x00000102   Code   RO         4365    i.f_getfree         ff.o
    0x0800417a   0x0800417a   0x00000002   PAD
    0x0800417c   0x0800417c   0x0000005c   Code   RO         4371    i.f_mount           ff.o
    0x080041d8   0x080041d8   0x0000016c   Code   RO         4372    i.f_open            ff.o
    0x08004344   0x08004344   0x000000b0   Code   RO         4382    i.f_sync            ff.o
    0x080043f4   0x080043f4   0x000001f2   Code   RO         4386    i.f_write           ff.o
    0x080045e6   0x080045e6   0x00000002   PAD
    0x080045e8   0x080045e8   0x0000004c   Code   RO         4692    i.ff_convert        ccsbcs.o
    0x08004634   0x08004634   0x00000038   Code   RO         4693    i.ff_wtoupper       ccsbcs.o
    0x0800466c   0x0800466c   0x00000388   Code   RO         4387    i.find_volume       ff.o
    0x080049f4   0x080049f4   0x00000080   Code   RO         4388    i.fit_lfn           ff.o
    0x08004a74   0x08004a74   0x00000090   Code   RO         4389    i.follow_path       ff.o
    0x08004b04   0x08004b04   0x0000001c   Code   RO         3789    i.fputc             uart1.o
    0x08004b20   0x08004b20   0x000000b0   Code   RO         4390    i.gen_numname       ff.o
    0x08004bd0   0x08004bd0   0x000000e8   Code   RO         4391    i.get_fat           ff.o
    0x08004cb8   0x08004cb8   0x00000004   Code   RO         4288    i.get_fattime       diskio.o
    0x08004cbc   0x08004cbc   0x0000004a   Code   RO         4393    i.get_ldnumber      ff.o
    0x08004d06   0x08004d06   0x00000020   Code   RO         4394    i.ld_clust          ff.o
    0x08004d26   0x08004d26   0x00000002   PAD
    0x08004d28   0x08004d28   0x00000458   Code   RO         3234    i.main              main.o
    0x08005180   0x08005180   0x00000026   Code   RO         4395    i.mem_cmp           ff.o
    0x080051a6   0x080051a6   0x0000001a   Code   RO         4396    i.mem_cpy           ff.o
    0x080051c0   0x080051c0   0x0000002c   Code   RO         4021    i.mem_init          malloc.o
    0x080051ec   0x080051ec   0x00000078   Code   RO         4022    i.mem_malloc        malloc.o
    0x08005264   0x08005264   0x00000030   Code   RO         4023    i.mem_perused       malloc.o
    0x08005294   0x08005294   0x00000014   Code   RO         4397    i.mem_set           ff.o
    0x080052a8   0x080052a8   0x00000032   Code   RO         4398    i.move_window       ff.o
    0x080052da   0x080052da   0x00000002   PAD
    0x080052dc   0x080052dc   0x00000020   Code   RO         4025    i.mymalloc          malloc.o
    0x080052fc   0x080052fc   0x00000014   Code   RO         4027    i.mymemset          malloc.o
    0x08005310   0x08005310   0x00000136   Code   RO         4400    i.put_fat           ff.o
    0x08005446   0x08005446   0x0000006c   Code   RO         4402    i.remove_chain      ff.o
    0x080054b2   0x080054b2   0x00000010   Code   RO         4403    i.st_clust          ff.o
    0x080054c2   0x080054c2   0x00000020   Code   RO         4404    i.sum_sfn           ff.o
    0x080054e2   0x080054e2   0x000000c8   Code   RO         4405    i.sync_fs           ff.o
    0x080055aa   0x080055aa   0x0000004c   Code   RO         4406    i.sync_window       ff.o
    0x080055f6   0x080055f6   0x00000002   PAD
    0x080055f8   0x080055f8   0x00000050   Code   RO         3834    i.u2_printf         uart2.o
    0x08005648   0x08005648   0x00000050   Code   RO         3868    i.u3_printf         uart3.o
    0x08005698   0x08005698   0x000000a0   Code   RO         3790    i.uart1_init        uart1.o
    0x08005738   0x08005738   0x00000036   Code   RO         4407    i.validate          ff.o
    0x0800576e   0x0800576e   0x00000002   PAD
    0x08005770   0x08005770   0x0000002c   Code   RO         4918    locale$$code        c_w.l(lc_numeric_c.o)
    0x0800579c   0x0800579c   0x0000002c   Code   RO         4939    locale$$code        c_w.l(lc_ctype_c.o)
    0x080057c8   0x080057c8   0x00000004   Code   RO         4841    x$fpl$printf1       fz_ws.l(printf1.o)
    0x080057cc   0x080057cc   0x00000004   Code   RO         4843    x$fpl$printf2       fz_ws.l(printf2.o)
    0x080057d0   0x080057d0   0x00000000   Code   RO         4930    x$fpl$usenofp       fz_ws.l(usenofp.o)
    0x080057d0   0x080057d0   0x00000064   Data   RO         3236    .constdata          main.o
    0x08005834   0x08005834   0x00000818   Data   RO         3574    .constdata          oled.o
    0x0800604c   0x0800604c   0x00000018   Data   RO         3711    .constdata          rtc.o
    0x08006064   0x08006064   0x000000ba   Data   RO         4409    .constdata          ff.o
    0x0800611e   0x0800611e   0x000004c0   Data   RO         4694    .constdata          ccsbcs.o
    0x080065de   0x080065de   0x00000028   Data   RO         4751    .constdata          c_w.l(_printf_hex_int_ll_ptr.o)
    0x08006606   0x08006606   0x00000011   Data   RO         4771    .constdata          c_w.l(__printf_flags_ss_wp.o)
    0x08006617   0x08006617   0x00000001   PAD
    0x08006618   0x08006618   0x00000008   Data   RO         4810    .constdata          c_w.l(_printf_wctomb.o)
    0x08006620   0x08006620   0x00000026   Data   RO         4869    .constdata          c_w.l(_printf_fp_hex.o)
    0x08006646   0x08006646   0x00000002   PAD
    0x08006648   0x08006648   0x00000094   Data   RO         4893    .constdata          c_w.l(bigflt0.o)
    0x080066dc   0x080066dc   0x00000041   Data   RO         3712    .conststring        rtc.o
    0x0800671d   0x0800671d   0x00000003   PAD
    0x08006720   0x08006720   0x00000064   Data   RO         4093    .conststring        exfuns.o
    0x08006784   0x08006784   0x00000020   Data   RO         5061    Region$$Table       anon$$obj.o
    0x080067a4   0x080067a4   0x0000001c   Data   RO         4917    locale$$data        c_w.l(lc_numeric_c.o)
    0x080067c0   0x080067c0   0x00000110   Data   RO         4938    locale$$data        c_w.l(lc_ctype_c.o)


    Execution Region RW_IRAM1 (Exec base: 0x20000000, Load base: 0x080068d0, Size: 0x00004ad0, Max: 0x00005000, ABSOLUTE, COMPRESSED[0x0000008c])

    Exec Addr    Load Addr    Size         Type   Attr      Idx    E Section Name        Object

    0x20000000   COMPRESSED   0x00000014   Data   RW         1805    .data               stm32f10x_rcc.o
    0x20000014   COMPRESSED   0x0000001e   Data   RW         3713    .data               rtc.o
    0x20000032   COMPRESSED   0x00000002   PAD
    0x20000034   COMPRESSED   0x00000008   Data   RW         3792    .data               uart1.o
    0x2000003c   COMPRESSED   0x00000001   Data   RW         3923    .data               mmc_sd.o
    0x2000003d   COMPRESSED   0x00000003   PAD
    0x20000040   COMPRESSED   0x00000014   Data   RW         4031    .data               malloc.o
    0x20000054   COMPRESSED   0x00000154   Data   RW         4094    .data               exfuns.o
    0x200001a8   COMPRESSED   0x00000002   Data   RW         4289    .data               diskio.o
    0x200001aa   COMPRESSED   0x00000002   PAD
    0x200001ac   COMPRESSED   0x0000000a   Data   RW         4410    .data               ff.o
    0x200001b6   COMPRESSED   0x00000002   PAD
    0x200001b8        -       0x00000010   Zero   RW         3235    .bss                main.o
    0x200001c8        -       0x0000000a   Zero   RW         3710    .bss                rtc.o
    0x200001d2        -       0x00000012   Zero   RW         3762    .bss                spi.o
    0x200001e4        -       0x000000c8   Zero   RW         3791    .bss                uart1.o
    0x200002ac        -       0x00003fc0   Zero   RW         4029    .bss                malloc.o
    0x2000426c        -       0x00000200   Zero   RW         4408    .bss                ff.o
    0x2000446c        -       0x00000060   Zero   RW         4934    .bss                c_w.l(libspace.o)
    0x200044cc   COMPRESSED   0x00000004   PAD
    0x200044d0        -       0x00000200   Zero   RW            2    HEAP                startup_stm32f10x_md.o
    0x200046d0        -       0x00000400   Zero   RW            1    STACK               startup_stm32f10x_md.o


==============================================================================

Image component sizes


      Code (inc. data)   RO Data    RW Data    ZI Data      Debug   Object Name

       132         16       1216          0          0       2167   ccsbcs.o
         0          0          0          0          0       4500   core_cm3.o
        70          0          0          0          0       1122   delay.o
       422         10          0          2          0       6781   diskio.o
       190         16        100        340          0       5208   exfuns.o
      6240         74        186         10        512      39290   ff.o
        44          6          0          0          0        555   led.o
      1152        308        100          0         16       6641   main.o
       264         20          0         20      16320       4830   malloc.o
       132         22          0          0          0     205231   misc.o
      1448        154          0          1          0      11994   mmc_sd.o
       892         32       2072          0          0       9138   oled.o
       900         36         89         30         10       6412   rtc.o
       240         28          0          0         18       2269   spi.o
        64         26        236          0       1536        900   startup_stm32f10x_md.o
         0          0          0          0          0       1756   stm32f10x_adc.o
        72         10          0          0          0       2924   stm32f10x_bkp.o
       286          0          0          0          0      11684   stm32f10x_gpio.o
        26          0          0          0          0       4610   stm32f10x_it.o
        12          6          0          0          0        574   stm32f10x_pwr.o
       428         58          0         20          0      16578   stm32f10x_rcc.o
       260         48          0          0          0       5772   stm32f10x_rtc.o
       112          0          0          0          0      11166   stm32f10x_spi.o
       264         42          0          0          0      25496   stm32f10x_tim.o
       442          6          0          0          0      12757   stm32f10x_usart.o
       328         28          0          0          0      52977   system_stm32f10x.o
       126          0          0          0          0        649   timer.o
       248         26          0          8        200       4509   uart1.o
       140         34          0          0          0       1864   uart2.o
       140         34          0          0          0       1304   uart3.o

    ----------------------------------------------------------------------
     15114       1040       4034        440      18612     461658   Object Totals
         0          0         32          0          0          0   (incl. Generated)
        40          0          3          9          0          0   (incl. Padding)

    ----------------------------------------------------------------------

      Code (inc. data)   RO Data    RW Data    ZI Data      Debug   Library Member Name

        24          4          0          0          0         84   __2printf.o
        44          6          0          0          0         84   __2sprintf.o
        90          0          0          0          0          0   __dczerorl2.o
         8          0          0          0          0         68   __main.o
       392          4         17          0          0         92   __printf_flags_ss_wp.o
        14          0          0          0          0         68   __printf_wp.o
         0          0          0          0          0          0   __rtentry.o
        12          0          0          0          0          0   __rtentry2.o
         6          0          0          0          0          0   __rtentry4.o
        52          8          0          0          0          0   __scatter.o
        28          0          0          0          0          0   __scatter_zi.o
         6          0          0          0          0          0   _printf_a.o
         6          0          0          0          0          0   _printf_c.o
        44          0          0          0          0        108   _printf_char.o
        48          6          0          0          0         96   _printf_char_common.o
        36          4          0          0          0         80   _printf_char_file.o
        40          0          0          0          0         68   _printf_charcount.o
         6          0          0          0          0          0   _printf_d.o
       120         16          0          0          0         92   _printf_dec.o
         6          0          0          0          0          0   _printf_e.o
         6          0          0          0          0          0   _printf_f.o
      1054          0          0          0          0        216   _printf_fp_dec.o
       764          8         38          0          0        100   _printf_fp_hex.o
       128         16          0          0          0         84   _printf_fp_infnan.o
         6          0          0          0          0          0   _printf_g.o
       148          4         40          0          0        160   _printf_hex_int_ll_ptr.o
         6          0          0          0          0          0   _printf_i.o
       178          0          0          0          0         88   _printf_intcommon.o
        10          0          0          0          0          0   _printf_l.o
         6          0          0          0          0          0   _printf_lc.o
        10          0          0          0          0          0   _printf_ll.o
         6          0          0          0          0          0   _printf_lld.o
         6          0          0          0          0          0   _printf_lli.o
         6          0          0          0          0          0   _printf_llo.o
         6          0          0          0          0          0   _printf_llu.o
         6          0          0          0          0          0   _printf_llx.o
       124         16          0          0          0         92   _printf_longlong_dec.o
         6          0          0          0          0          0   _printf_ls.o
         6          0          0          0          0          0   _printf_n.o
         6          0          0          0          0          0   _printf_o.o
       112         10          0          0          0        124   _printf_oct_int_ll.o
         6          0          0          0          0          0   _printf_p.o
        78          0          0          0          0        108   _printf_pad.o
         0          0          0          0          0          0   _printf_percent.o
         4          0          0          0          0          0   _printf_percent_end.o
         6          0          0          0          0          0   _printf_s.o
        82          0          0          0          0         80   _printf_str.o
        36          0          0          0          0         84   _printf_truncate.o
         6          0          0          0          0          0   _printf_u.o
        44          0          0          0          0        108   _printf_wchar.o
       188          6          8          0          0         92   _printf_wctomb.o
         6          0          0          0          0          0   _printf_x.o
        10          0          0          0          0         68   _sputc.o
        64          0          0          0          0         92   _wcrtomb.o
       228          4        148          0          0         96   bigflt0.o
      1936        128          0          0          0        672   btod.o
        18          0          0          0          0         80   exit.o
         8          0          0          0          0         68   ferror.o
         6          0          0          0          0        152   heapauxi.o
        44         10        272          0          0         76   lc_ctype_c.o
        44         10         28          0          0         76   lc_numeric_c.o
         2          0          0          0          0          0   libinit.o
        30          0          0          0          0          0   libinit2.o
         2          0          0          0          0          0   libshutdown.o
         2          0          0          0          0          0   libshutdown2.o
         8          4          0          0         96         68   libspace.o
       138          0          0          0          0         80   lludiv10.o
        16          4          0          0          0         76   rt_ctype_table.o
         8          4          0          0          0         68   rt_locale_intlibspace.o
        68          0          0          0          0         68   rt_memclr.o
        78          0          0          0          0         80   rt_memclr_w.o
         2          0          0          0          0          0   rtexit.o
        10          0          0          0          0          0   rtexit2.o
       128          0          0          0          0         68   strcmpv7m.o
        62          0          0          0          0         76   strlen.o
        74          0          0          0          0         80   sys_stackheap_outer.o
         2          0          0          0          0         68   use_no_semi.o
         2          0          0          0          0         68   use_no_semi_2.o
        36          4          0          0          0         76   vsprintf.o
         4          0          0          0          0         68   printf1.o
         4          0          0          0          0         68   printf2.o
         0          0          0          0          0          0   usenofp.o
        40          0          0          0          0         68   fpclassify.o

    ----------------------------------------------------------------------
      7130        276        554          0        100       4636   Library Totals
        18          0          3          0          4          0   (incl. Padding)

    ----------------------------------------------------------------------

      Code (inc. data)   RO Data    RW Data    ZI Data      Debug   Library Name

      7064        276        551          0         96       4432   c_w.l
         8          0          0          0          0        136   fz_ws.l
        40          0          0          0          0         68   m_ws.l

    ----------------------------------------------------------------------
      7130        276        554          0        100       4636   Library Totals

    ----------------------------------------------------------------------

==============================================================================


      Code (inc. data)   RO Data    RW Data    ZI Data      Debug   

     22244       1316       4588        440      18712     455630   Grand Totals
     22244       1316       4588        140      18712     455630   ELF Image Totals (compressed)
     22244       1316       4588        140          0          0   ROM Totals

==============================================================================

    Total RO  Size (Code + RO Data)                26832 (  26.20kB)
    Total RW  Size (RW Data + ZI Data)             19152 (  18.70kB)
    Total ROM Size (Code + RO Data + RW Data)      26972 (  26.34kB)

==============================================================================

