Component: ARM Compiler 5.06 update 7 (build 960) Tool: armlink [4d3601]

==============================================================================

Section Cross References

    startup_stm32f10x_md.o(RESET) refers to startup_stm32f10x_md.o(STACK) for __initial_sp
    startup_stm32f10x_md.o(RESET) refers to startup_stm32f10x_md.o(.text) for Reset_Handler
    startup_stm32f10x_md.o(RESET) refers to stm32f10x_it.o(i.NMI_Handler) for NMI_Handler
    startup_stm32f10x_md.o(RESET) refers to stm32f10x_it.o(i.HardFault_Handler) for HardFault_Handler
    startup_stm32f10x_md.o(RESET) refers to stm32f10x_it.o(i.MemManage_Handler) for MemManage_Handler
    startup_stm32f10x_md.o(RESET) refers to stm32f10x_it.o(i.BusFault_Handler) for BusFault_Handler
    startup_stm32f10x_md.o(RESET) refers to stm32f10x_it.o(i.UsageFault_Handler) for UsageFault_Handler
    startup_stm32f10x_md.o(RESET) refers to stm32f10x_it.o(i.SVC_Handler) for SVC_Handler
    startup_stm32f10x_md.o(RESET) refers to stm32f10x_it.o(i.DebugMon_Handler) for DebugMon_Handler
    startup_stm32f10x_md.o(RESET) refers to stm32f10x_it.o(i.PendSV_Handler) for PendSV_Handler
    startup_stm32f10x_md.o(RESET) refers to stm32f10x_it.o(i.SysTick_Handler) for SysTick_Handler
    startup_stm32f10x_md.o(RESET) refers to uart1.o(i.USART1_IRQHandler) for USART1_IRQHandler
    startup_stm32f10x_md.o(RESET) refers to uart2.o(i.USART2_IRQHandler) for USART2_IRQHandler
    startup_stm32f10x_md.o(RESET) refers to uart3.o(i.USART3_IRQHandler) for USART3_IRQHandler
    startup_stm32f10x_md.o(.text) refers to system_stm32f10x.o(i.SystemInit) for SystemInit
    startup_stm32f10x_md.o(.text) refers to entry.o(.ARM.Collect$$$$00000000) for __main
    system_stm32f10x.o(i.SetSysClock) refers to system_stm32f10x.o(i.SetSysClockTo72) for SetSysClockTo72
    system_stm32f10x.o(i.SystemCoreClockUpdate) refers to system_stm32f10x.o(.data) for SystemCoreClock
    system_stm32f10x.o(i.SystemInit) refers to system_stm32f10x.o(i.SetSysClock) for SetSysClock
    stm32f10x_adc.o(i.ADC_DeInit) refers to stm32f10x_rcc.o(i.RCC_APB2PeriphResetCmd) for RCC_APB2PeriphResetCmd
    stm32f10x_bkp.o(i.BKP_DeInit) refers to stm32f10x_rcc.o(i.RCC_BackupResetCmd) for RCC_BackupResetCmd
    stm32f10x_can.o(i.CAN_DeInit) refers to stm32f10x_rcc.o(i.RCC_APB1PeriphResetCmd) for RCC_APB1PeriphResetCmd
    stm32f10x_can.o(i.CAN_GetITStatus) refers to stm32f10x_can.o(i.CheckITStatus) for CheckITStatus
    stm32f10x_cec.o(i.CEC_DeInit) refers to stm32f10x_rcc.o(i.RCC_APB1PeriphResetCmd) for RCC_APB1PeriphResetCmd
    stm32f10x_dac.o(i.DAC_DeInit) refers to stm32f10x_rcc.o(i.RCC_APB1PeriphResetCmd) for RCC_APB1PeriphResetCmd
    stm32f10x_flash.o(i.FLASH_EnableWriteProtection) refers to stm32f10x_flash.o(i.FLASH_WaitForLastOperation) for FLASH_WaitForLastOperation
    stm32f10x_flash.o(i.FLASH_EraseAllBank1Pages) refers to stm32f10x_flash.o(i.FLASH_WaitForLastBank1Operation) for FLASH_WaitForLastBank1Operation
    stm32f10x_flash.o(i.FLASH_EraseAllPages) refers to stm32f10x_flash.o(i.FLASH_WaitForLastOperation) for FLASH_WaitForLastOperation
    stm32f10x_flash.o(i.FLASH_EraseOptionBytes) refers to stm32f10x_flash.o(i.FLASH_GetReadOutProtectionStatus) for FLASH_GetReadOutProtectionStatus
    stm32f10x_flash.o(i.FLASH_EraseOptionBytes) refers to stm32f10x_flash.o(i.FLASH_WaitForLastOperation) for FLASH_WaitForLastOperation
    stm32f10x_flash.o(i.FLASH_ErasePage) refers to stm32f10x_flash.o(i.FLASH_WaitForLastOperation) for FLASH_WaitForLastOperation
    stm32f10x_flash.o(i.FLASH_ProgramHalfWord) refers to stm32f10x_flash.o(i.FLASH_WaitForLastOperation) for FLASH_WaitForLastOperation
    stm32f10x_flash.o(i.FLASH_ProgramOptionByteData) refers to stm32f10x_flash.o(i.FLASH_WaitForLastOperation) for FLASH_WaitForLastOperation
    stm32f10x_flash.o(i.FLASH_ProgramWord) refers to stm32f10x_flash.o(i.FLASH_WaitForLastOperation) for FLASH_WaitForLastOperation
    stm32f10x_flash.o(i.FLASH_ReadOutProtection) refers to stm32f10x_flash.o(i.FLASH_WaitForLastOperation) for FLASH_WaitForLastOperation
    stm32f10x_flash.o(i.FLASH_UserOptionByteConfig) refers to stm32f10x_flash.o(i.FLASH_WaitForLastOperation) for FLASH_WaitForLastOperation
    stm32f10x_flash.o(i.FLASH_WaitForLastBank1Operation) refers to stm32f10x_flash.o(i.FLASH_GetBank1Status) for FLASH_GetBank1Status
    stm32f10x_flash.o(i.FLASH_WaitForLastOperation) refers to stm32f10x_flash.o(i.FLASH_GetBank1Status) for FLASH_GetBank1Status
    stm32f10x_gpio.o(i.GPIO_AFIODeInit) refers to stm32f10x_rcc.o(i.RCC_APB2PeriphResetCmd) for RCC_APB2PeriphResetCmd
    stm32f10x_gpio.o(i.GPIO_DeInit) refers to stm32f10x_rcc.o(i.RCC_APB2PeriphResetCmd) for RCC_APB2PeriphResetCmd
    stm32f10x_i2c.o(i.I2C_DeInit) refers to stm32f10x_rcc.o(i.RCC_APB1PeriphResetCmd) for RCC_APB1PeriphResetCmd
    stm32f10x_i2c.o(i.I2C_Init) refers to stm32f10x_rcc.o(i.RCC_GetClocksFreq) for RCC_GetClocksFreq
[...]
    Removing stm32f10x_sdio.o(i.SDIO_SendCEATACmd), (12 bytes).
    Removing stm32f10x_sdio.o(i.SDIO_SendCommand), (44 bytes).
    Removing stm32f10x_sdio.o(i.SDIO_SendSDIOSuspendCmd), (12 bytes).
    Removing stm32f10x_sdio.o(i.SDIO_SetPowerState), (28 bytes).
    Removing stm32f10x_sdio.o(i.SDIO_SetSDIOOperation), (12 bytes).
    Removing stm32f10x_sdio.o(i.SDIO_SetSDIOReadWaitMode), (12 bytes).
    Removing stm32f10x_sdio.o(i.SDIO_StartSDIOReadWait), (12 bytes).
    Removing stm32f10x_sdio.o(i.SDIO_StopSDIOReadWait), (12 bytes).
    Removing stm32f10x_sdio.o(i.SDIO_StructInit), (16 bytes).
    Removing stm32f10x_sdio.o(i.SDIO_WriteData), (12 bytes).
    Removing stm32f10x_spi.o(i.I2S_Cmd), (24 bytes).
    Removing stm32f10x_spi.o(i.I2S_Init), (232 bytes).
    Removing stm32f10x_spi.o(i.I2S_StructInit), (20 bytes).
    Removing stm32f10x_spi.o(i.SPI_BiDirectionalLineConfig), (28 bytes).
    Removing stm32f10x_spi.o(i.SPI_CalculateCRC), (24 bytes).
    Removing stm32f10x_spi.o(i.SPI_DataSizeConfig), (18 bytes).
    Removing stm32f10x_spi.o(i.SPI_GetCRC), (16 bytes).
    Removing stm32f10x_spi.o(i.SPI_GetCRCPolynomial), (6 bytes).
    Removing stm32f10x_spi.o(i.SPI_I2S_ClearFlag), (6 bytes).
    Removing stm32f10x_spi.o(i.SPI_I2S_ClearITPendingBit), (20 bytes).
    Removing stm32f10x_spi.o(i.SPI_I2S_DMACmd), (18 bytes).
    Removing stm32f10x_spi.o(i.SPI_I2S_DeInit), (88 bytes).
    Removing stm32f10x_spi.o(i.SPI_I2S_GetITStatus), (52 bytes).
    Removing stm32f10x_spi.o(i.SPI_I2S_ITConfig), (32 bytes).
    Removing stm32f10x_spi.o(i.SPI_NSSInternalSoftwareConfig), (30 bytes).
    Removing stm32f10x_spi.o(i.SPI_SSOutputCmd), (24 bytes).
    Removing stm32f10x_spi.o(i.SPI_StructInit), (24 bytes).
    Removing stm32f10x_spi.o(i.SPI_TransmitCRC), (10 bytes).
    Removing stm32f10x_tim.o(i.TI1_Config), (128 bytes).
    Removing stm32f10x_tim.o(i.TI2_Config), (152 bytes).
    Removing stm32f10x_tim.o(i.TI3_Config), (144 bytes).
    Removing stm32f10x_tim.o(i.TI4_Config), (152 bytes).
    Removing stm32f10x_tim.o(i.TIM_ARRPreloadConfig), (24 bytes).
    Removing stm32f10x_tim.o(i.TIM_BDTRConfig), (32 bytes).
    Removing stm32f10x_tim.o(i.TIM_BDTRStructInit), (18 bytes).
    Removing stm32f10x_tim.o(i.TIM_CCPreloadControl), (24 bytes).
    Removing stm32f10x_tim.o(i.TIM_CCxCmd), (30 bytes).
    Removing stm32f10x_tim.o(i.TIM_CCxNCmd), (30 bytes).
    Removing stm32f10x_tim.o(i.TIM_ClearFlag), (6 bytes).
    Removing stm32f10x_tim.o(i.TIM_ClearITPendingBit), (6 bytes).
    Removing stm32f10x_tim.o(i.TIM_ClearOC1Ref), (18 bytes).
    Removing stm32f10x_tim.o(i.TIM_ClearOC2Ref), (24 bytes).
    Removing stm32f10x_tim.o(i.TIM_ClearOC3Ref), (18 bytes).
    Removing stm32f10x_tim.o(i.TIM_ClearOC4Ref), (24 bytes).
    Removing stm32f10x_tim.o(i.TIM_Cmd), (24 bytes).
    Removing stm32f10x_tim.o(i.TIM_CounterModeConfig), (18 bytes).
    Removing stm32f10x_tim.o(i.TIM_CtrlPWMOutputs), (30 bytes).
    Removing stm32f10x_tim.o(i.TIM_DMACmd), (18 bytes).
    Removing stm32f10x_tim.o(i.TIM_DMAConfig), (10 bytes).
    Removing stm32f10x_tim.o(i.TIM_DeInit), (488 bytes).
    Removing stm32f10x_tim.o(i.TIM_ETRClockMode1Config), (54 bytes).
    Removing stm32f10x_tim.o(i.TIM_ETRClockMode2Config), (32 bytes).
    Removing stm32f10x_tim.o(i.TIM_ETRConfig), (28 bytes).
    Removing stm32f10x_tim.o(i.TIM_EncoderInterfaceConfig), (66 bytes).
    Removing stm32f10x_tim.o(i.TIM_ForcedOC1Config), (18 bytes).
    Removing stm32f10x_tim.o(i.TIM_ForcedOC2Config), (26 bytes).
    Removing stm32f10x_tim.o(i.TIM_ForcedOC3Config), (18 bytes).
    Removing stm32f10x_tim.o(i.TIM_ForcedOC4Config), (26 bytes).
    Removing stm32f10x_tim.o(i.TIM_GenerateEvent), (4 bytes).
    Removing stm32f10x_tim.o(i.TIM_GetCapture1), (6 bytes).
    Removing stm32f10x_tim.o(i.TIM_GetCapture2), (6 bytes).
    Removing stm32f10x_tim.o(i.TIM_GetCapture3), (6 bytes).
    Removing stm32f10x_tim.o(i.TIM_GetCapture4), (8 bytes).
    Removing stm32f10x_tim.o(i.TIM_GetCounter), (6 bytes).
    Removing stm32f10x_tim.o(i.TIM_GetFlagStatus), (18 bytes).
    Removing stm32f10x_tim.o(i.TIM_GetITStatus), (34 bytes).
    Removing stm32f10x_tim.o(i.TIM_GetPrescaler), (6 bytes).
    Removing stm32f10x_tim.o(i.TIM_ICInit), (172 bytes).
    Removing stm32f10x_tim.o(i.TIM_ICStructInit), (18 bytes).
    Removing stm32f10x_tim.o(i.TIM_ITConfig), (18 bytes).
    Removing stm32f10x_tim.o(i.TIM_ITRxExternalClockConfig), (24 bytes).
    Removing stm32f10x_tim.o(i.TIM_InternalClockConfig), (12 bytes).
    Removing stm32f10x_tim.o(i.TIM_OC1FastConfig), (18 bytes).
    Removing stm32f10x_tim.o(i.TIM_OC1Init), (152 bytes).
    Removing stm32f10x_tim.o(i.TIM_OC1NPolarityConfig), (18 bytes).
    Removing stm32f10x_tim.o(i.TIM_OC1PolarityConfig), (18 bytes).
    Removing stm32f10x_tim.o(i.TIM_OC1PreloadConfig), (18 bytes).
    Removing stm32f10x_tim.o(i.TIM_OC2FastConfig), (26 bytes).
    Removing stm32f10x_tim.o(i.TIM_OC2Init), (164 bytes).
    Removing stm32f10x_tim.o(i.TIM_OC2NPolarityConfig), (26 bytes).
    Removing stm32f10x_tim.o(i.TIM_OC2PolarityConfig), (26 bytes).
    Removing stm32f10x_tim.o(i.TIM_OC2PreloadConfig), (26 bytes).
    Removing stm32f10x_tim.o(i.TIM_OC3FastConfig), (18 bytes).
    Removing stm32f10x_tim.o(i.TIM_OC3Init), (160 bytes).
    Removing stm32f10x_tim.o(i.TIM_OC3NPolarityConfig), (26 bytes).
    Removing stm32f10x_tim.o(i.TIM_OC3PolarityConfig), (26 bytes).
    Removing stm32f10x_tim.o(i.TIM_OC3PreloadConfig), (18 bytes).
    Removing stm32f10x_tim.o(i.TIM_OC4FastConfig), (26 bytes).
    Removing stm32f10x_tim.o(i.TIM_OC4Init), (124 bytes).
    Removing stm32f10x_tim.o(i.TIM_OC4PolarityConfig), (26 bytes).
    Removing stm32f10x_tim.o(i.TIM_OC4PreloadConfig), (26 bytes).
    Removing stm32f10x_tim.o(i.TIM_OCStructInit), (20 bytes).
    Removing stm32f10x_tim.o(i.TIM_PWMIConfig), (124 bytes).
    Removing stm32f10x_tim.o(i.TIM_PrescalerConfig), (6 bytes).
    Removing stm32f10x_tim.o(i.TIM_SelectCCDMA), (24 bytes).
    Removing stm32f10x_tim.o(i.TIM_SelectCOM), (24 bytes).
    Removing stm32f10x_tim.o(i.TIM_SelectHallSensor), (24 bytes).
    Removing stm32f10x_tim.o(i.TIM_SelectInputTrigger), (18 bytes).
    Removing stm32f10x_tim.o(i.TIM_SelectMasterSlaveMode), (18 bytes).
    Removing stm32f10x_tim.o(i.TIM_SelectOCxM), (82 bytes).
    Removing stm32f10x_tim.o(i.TIM_SelectOnePulseMode), (18 bytes).
    Removing stm32f10x_tim.o(i.TIM_SelectOutputTrigger), (18 bytes).
    Removing stm32f10x_tim.o(i.TIM_SelectSlaveMode), (18 bytes).
    Removing stm32f10x_tim.o(i.TIM_SetAutoreload), (4 bytes).
    Removing stm32f10x_tim.o(i.TIM_SetClockDivision), (18 bytes).
    Removing stm32f10x_tim.o(i.TIM_SetCompare1), (4 bytes).
    Removing stm32f10x_tim.o(i.TIM_SetCompare2), (4 bytes).
    Removing stm32f10x_tim.o(i.TIM_SetCompare3), (4 bytes).
    Removing stm32f10x_tim.o(i.TIM_SetCompare4), (6 bytes).
    Removing stm32f10x_tim.o(i.TIM_SetCounter), (4 bytes).
    Removing stm32f10x_tim.o(i.TIM_SetIC1Prescaler), (18 bytes).
    Removing stm32f10x_tim.o(i.TIM_SetIC2Prescaler), (26 bytes).
    Removing stm32f10x_tim.o(i.TIM_SetIC3Prescaler), (18 bytes).
    Removing stm32f10x_tim.o(i.TIM_SetIC4Prescaler), (26 bytes).
    Removing stm32f10x_tim.o(i.TIM_TIxExternalClockConfig), (62 bytes).
    Removing stm32f10x_tim.o(i.TIM_TimeBaseInit), (164 bytes).
    Removing stm32f10x_tim.o(i.TIM_TimeBaseStructInit), (18 bytes).
    Removing stm32f10x_tim.o(i.TIM_UpdateDisableConfig), (24 bytes).
    Removing stm32f10x_tim.o(i.TIM_UpdateRequestConfig), (24 bytes).
    Removing stm32f10x_usart.o(i.USART_ClearFlag), (18 bytes).
    Removing stm32f10x_usart.o(i.USART_ClearITPendingBit), (30 bytes).
    Removing stm32f10x_usart.o(i.USART_ClockInit), (34 bytes).
    Removing stm32f10x_usart.o(i.USART_ClockStructInit), (12 bytes).
    Removing stm32f10x_usart.o(i.USART_DMACmd), (18 bytes).
    Removing stm32f10x_usart.o(i.USART_DeInit), (156 bytes).
    Removing stm32f10x_usart.o(i.USART_HalfDuplexCmd), (24 bytes).
    Removing stm32f10x_usart.o(i.USART_IrDACmd), (24 bytes).
    Removing stm32f10x_usart.o(i.USART_IrDAConfig), (18 bytes).
    Removing stm32f10x_usart.o(i.USART_LINBreakDetectLengthConfig), (18 bytes).
    Removing stm32f10x_usart.o(i.USART_LINCmd), (24 bytes).
    Removing stm32f10x_usart.o(i.USART_OneBitMethodCmd), (24 bytes).
    Removing stm32f10x_usart.o(i.USART_OverSampling8Cmd), (22 bytes).
    Removing stm32f10x_usart.o(i.USART_ReceiverWakeUpCmd), (24 bytes).
    Removing stm32f10x_usart.o(i.USART_SendBreak), (10 bytes).
    Removing stm32f10x_usart.o(i.USART_SetAddress), (18 bytes).
    Removing stm32f10x_usart.o(i.USART_SetGuardTime), (16 bytes).
    Removing stm32f10x_usart.o(i.USART_SetPrescaler), (16 bytes).
    Removing stm32f10x_usart.o(i.USART_SmartCardCmd), (24 bytes).
    Removing stm32f10x_usart.o(i.USART_SmartCardNACKCmd), (24 bytes).
    Removing stm32f10x_usart.o(i.USART_StructInit), (24 bytes).
    Removing stm32f10x_usart.o(i.USART_WakeUpConfig), (18 bytes).
    Removing stm32f10x_wwdg.o(i.WWDG_ClearFlag), (12 bytes).
    Removing stm32f10x_wwdg.o(i.WWDG_DeInit), (22 bytes).
    Removing stm32f10x_wwdg.o(i.WWDG_Enable), (16 bytes).
    Removing stm32f10x_wwdg.o(i.WWDG_EnableIT), (12 bytes).
    Removing stm32f10x_wwdg.o(i.WWDG_GetFlagStatus), (12 bytes).
    Removing stm32f10x_wwdg.o(i.WWDG_SetCounter), (16 bytes).
    Removing stm32f10x_wwdg.o(i.WWDG_SetPrescaler), (24 bytes).
    Removing stm32f10x_wwdg.o(i.WWDG_SetWindowValue), (40 bytes).
    Removing delay.o(i.delay_us), (76 bytes).
    Removing sys.o(.emb_text), (6 bytes).
    Removing sys.o(i.INTX_DISABLE), (4 bytes).
    Removing sys.o(i.INTX_ENABLE), (4 bytes).
    Removing sys.o(i.WFI_SET), (4 bytes).
    Removing uart1.o(i._sys_exit), (4 bytes).
    Removing uart2.o(i.uart2_init), (164 bytes).
    Removing uart3.o(i.uart3_init), (168 bytes).
    Removing main.o(i.SD_Read_Sectorx), (144 bytes).
    Removing malloc.o(i.mem_free), (72 bytes).
    Removing malloc.o(i.myfree), (28 bytes).
    Removing malloc.o(i.mymemcpy), (26 bytes).
    Removing malloc.o(i.myrealloc), (56 bytes).
    Removing malloc.o(.constdata), (12 bytes).
    Removing exfuns.o(i.char_upper), (26 bytes).
    Removing exfuns.o(i.f_typetell), (192 bytes).
    Removing exfuns.o(.bss), (68 bytes).
    Removing fattester.o(i.mf_close), (20 bytes).
    Removing fattester.o(i.mf_closedir), (16 bytes).
    Removing fattester.o(i.mf_fmkfs), (20 bytes).
    Removing fattester.o(i.mf_getlabel), (132 bytes).
    Removing fattester.o(i.mf_gets), (76 bytes).
    Removing fattester.o(i.mf_lseek), (20 bytes).
    Removing fattester.o(i.mf_mkdir), (12 bytes).
    Removing fattester.o(i.mf_mount), (24 bytes).
    Removing fattester.o(i.mf_open), (28 bytes).
    Removing fattester.o(i.mf_opendir), (20 bytes).
    Removing fattester.o(i.mf_putc), (24 bytes).
    Removing fattester.o(i.mf_puts), (24 bytes).
    Removing fattester.o(i.mf_read), (344 bytes).
    Removing fattester.o(i.mf_readdir), (396 bytes).
    Removing fattester.o(i.mf_rename), (16 bytes).
    Removing fattester.o(i.mf_scan_files), (140 bytes).
    Removing fattester.o(i.mf_setlabel), (92 bytes).
    Removing fattester.o(i.mf_showfree), (168 bytes).
    Removing fattester.o(i.mf_size), (12 bytes).
    Removing fattester.o(i.mf_tell), (12 bytes).
    Removing fattester.o(i.mf_unlink), (12 bytes).
    Removing fattester.o(i.mf_write), (184 bytes).
    Removing diskio.o(i.ff_memalloc), (12 bytes).
    Removing diskio.o(i.ff_memfree), (12 bytes).
    Removing ff.o(i.dir_read), (196 bytes).
    Removing ff.o(i.dir_remove), (106 bytes).
    Removing ff.o(i.f_chmod), (92 bytes).
    Removing ff.o(i.f_closedir), (22 bytes).
    Removing ff.o(i.f_getlabel), (190 bytes).
    Removing ff.o(i.f_gets), (82 bytes).
    Removing ff.o(i.f_lseek), (654 bytes).
    Removing ff.o(i.f_mkdir), (360 bytes).
    Removing ff.o(i.f_mkfs), (1600 bytes).
    Removing ff.o(i.f_opendir), (120 bytes).
    Removing ff.o(i.f_printf), (628 bytes).
    Removing ff.o(i.f_putc), (64 bytes).
    Removing ff.o(i.f_puts), (74 bytes).
    Removing ff.o(i.f_read), (432 bytes).
    Removing ff.o(i.f_readdir), (96 bytes).
    Removing ff.o(i.f_rename), (292 bytes).
    Removing ff.o(i.f_setlabel), (404 bytes).
    Removing ff.o(i.f_stat), (68 bytes).
    Removing ff.o(i.f_truncate), (184 bytes).
    Removing ff.o(i.f_unlink), (180 bytes).
    Removing ff.o(i.f_utime), (96 bytes).
    Removing ff.o(i.get_fileinfo), (254 bytes).
    Removing ff.o(i.pick_lfn), (116 bytes).
    Removing ff.o(i.putc_bfd), (68 bytes).

520 unused section(s) (total 27876 bytes) removed from the image.

==============================================================================

Image Symbol Table

    Local Symbols

    Symbol Name                              Value     Ov Type        Size  Object(Section)

    ../clib/../cmprslib/zerorunl2.c          0x00000000   Number         0  __dczerorl2.o ABSOLUTE
    ../clib/microlib/division.c              0x00000000   Number         0  uldiv.o ABSOLUTE
    ../clib/microlib/division.c              0x00000000   Number         0  uidiv.o ABSOLUTE
    ../clib/microlib/init/entry.s            0x00000000   Number         0  entry.o ABSOLUTE
    ../clib/microlib/init/entry.s            0x00000000   Number         0  entry8b.o ABSOLUTE
    ../clib/microlib/init/entry.s            0x00000000   Number         0  entry9a.o ABSOLUTE
    ../clib/microlib/init/entry.s            0x00000000   Number         0  entry9b.o ABSOLUTE
    ../clib/microlib/init/entry.s            0x00000000   Number         0  entry10a.o ABSOLUTE
    ../clib/microlib/init/entry.s            0x00000000   Number         0  entry10b.o ABSOLUTE
    ../clib/microlib/init/entry.s            0x00000000   Number         0  entry11a.o ABSOLUTE
    ../clib/microlib/init/entry.s            0x00000000   Number         0  entry11b.o ABSOLUTE
    ../clib/microlib/init/entry.s            0x00000000   Number         0  entry2.o ABSOLUTE
    ../clib/microlib/init/entry.s            0x00000000   Number         0  entry5.o ABSOLUTE
    ../clib/microlib/init/entry.s            0x00000000   Number         0  entry7a.o ABSOLUTE
    ../clib/microlib/init/entry.s            0x00000000   Number         0  entry12a.o ABSOLUTE
    ../clib/microlib/init/entry.s            0x00000000   Number         0  entry12b.o ABSOLUTE
    ../clib/microlib/init/entry.s            0x00000000   Number         0  entry7b.o ABSOLUTE
    ../clib/microlib/init/entry.s            0x00000000   Number         0  entry8a.o ABSOLUTE
    ../clib/microlib/longlong.c              0x00000000   Number         0  llsshr.o ABSOLUTE
    ../clib/microlib/longlong.c              0x00000000   Number         0  llushr.o ABSOLUTE
    ../clib/microlib/longlong.c              0x00000000   Number         0  llshl.o ABSOLUTE
    ../clib/microlib/printf/printf.c         0x00000000   Number         0  printfb.o ABSOLUTE
    ../clib/microlib/printf/printf.c         0x00000000   Number         0  printf0.o ABSOLUTE
    ../clib/microlib/printf/printf.c         0x00000000   Number         0  printf1.o ABSOLUTE
    ../clib/microlib/printf/printf.c         0x00000000   Number         0  printf2.o ABSOLUTE
    ../clib/microlib/printf/printf.c         0x00000000   Number         0  printf3.o ABSOLUTE
    ../clib/microlib/printf/printf.c         0x00000000   Number         0  printf4.o ABSOLUTE
    ../clib/microlib/printf/printf.c         0x00000000   Number         0  printf5.o ABSOLUTE
    ../clib/microlib/printf/printf.c         0x00000000   Number         0  printf8.o ABSOLUTE
    ../clib/microlib/printf/printf.c         0x00000000   Number         0  printfa.o ABSOLUTE
    ../clib/microlib/printf/printf.c         0x00000000   Number         0  printf6.o ABSOLUTE
    ../clib/microlib/printf/printf.c         0x00000000   Number         0  printf7.o ABSOLUTE
    ../clib/microlib/printf/stubs.s          0x00000000   Number         0  stubs.o ABSOLUTE
    ../clib/microlib/string/memset.c         0x00000000   Number         0  memseta.o ABSOLUTE
    ../clib/microlib/string/strcmp.c         0x00000000   Number         0  strcmp.o ABSOLUTE
    ../clib/microlib/string/strcpy.c         0x00000000   Number         0  strcpy.o ABSOLUTE
    ../clib/microlib/string/strlen.c         0x00000000   Number         0  strlen.o ABSOLUTE
    ../clib/microlib/stubs.s                 0x00000000   Number         0  useno.o ABSOLUTE
    ../clib/microlib/stubs.s                 0x00000000   Number         0  iusefp.o ABSOLUTE
    ../fplib/microlib/fpadd.c                0x00000000   Number         0  dadd.o ABSOLUTE
    ../fplib/microlib/fpdiv.c                0x00000000   Number         0  ddiv.o ABSOLUTE
    ../fplib/microlib/fpepilogue.c           0x00000000   Number         0  depilogue.o ABSOLUTE
    ../fplib/microlib/fpfix.c                0x00000000   Number         0  dfixul.o ABSOLUTE
    ../fplib/microlib/fpmul.c                0x00000000   Number         0  dmul.o ABSOLUTE
    FATFS\exfuns\exfuns.c                    0x00000000   Number         0  exfuns.o ABSOLUTE
    FATFS\exfuns\fattester.c                 0x00000000   Number         0  fattester.o ABSOLUTE
    FATFS\src\diskio.c                       0x00000000   Number         0  diskio.o ABSOLUTE
    FATFS\src\ff.c                           0x00000000   Number         0  ff.o ABSOLUTE
    FATFS\src\option\ccsbcs.c                0x00000000   Number         0  ccsbcs.o ABSOLUTE
    HARDWARE\MMC_SD.C                        0x00000000   Number         0  mmc_sd.o ABSOLUTE
    HARDWARE\led.c                           0x00000000   Number         0  led.o ABSOLUTE
    HARDWARE\spi.c                           0x00000000   Number         0  spi.o ABSOLUTE
    Library\misc.c                           0x00000000   Number         0  misc.o ABSOLUTE
    Library\stm32f10x_adc.c                  0x00000000   Number         0  stm32f10x_adc.o ABSOLUTE
    Library\stm32f10x_bkp.c                  0x00000000   Number         0  stm32f10x_bkp.o ABSOLUTE
    Library\stm32f10x_can.c                  0x00000000   Number         0  stm32f10x_can.o ABSOLUTE
    Library\stm32f10x_cec.c                  0x00000000   Number         0  stm32f10x_cec.o ABSOLUTE
    Library\stm32f10x_crc.c                  0x00000000   Number         0  stm32f10x_crc.o ABSOLUTE
    Library\stm32f10x_dac.c                  0x00000000   Number         0  stm32f10x_dac.o ABSOLUTE
    Library\stm32f10x_dbgmcu.c               0x00000000   Number         0  stm32f10x_dbgmcu.o ABSOLUTE
    Library\stm32f10x_dma.c                  0x00000000   Number         0  stm32f10x_dma.o ABSOLUTE
    Library\stm32f10x_exti.c                 0x00000000   Number         0  stm32f10x_exti.o ABSOLUTE
    Library\stm32f10x_flash.c                0x00000000   Number         0  stm32f10x_flash.o ABSOLUTE
    Library\stm32f10x_fsmc.c                 0x00000000   Number         0  stm32f10x_fsmc.o ABSOLUTE
    Library\stm32f10x_gpio.c                 0x00000000   Number         0  stm32f10x_gpio.o ABSOLUTE
    Library\stm32f10x_i2c.c                  0x00000000   Number         0  stm32f10x_i2c.o ABSOLUTE
    Library\stm32f10x_iwdg.c                 0x00000000   Number         0  stm32f10x_iwdg.o ABSOLUTE
    Library\stm32f10x_pwr.c                  0x00000000   Number         0  stm32f10x_pwr.o ABSOLUTE
    Library\stm32f10x_rcc.c                  0x00000000   Number         0  stm32f10x_rcc.o ABSOLUTE
    Library\stm32f10x_rtc.c                  0x00000000   Number         0  stm32f10x_rtc.o ABSOLUTE
    Library\stm32f10x_sdio.c                 0x00000000   Number         0  stm32f10x_sdio.o ABSOLUTE
    Library\stm32f10x_spi.c                  0x00000000   Number         0  stm32f10x_spi.o ABSOLUTE
    Library\stm32f10x_tim.c                  0x00000000   Number         0  stm32f10x_tim.o ABSOLUTE
    Library\stm32f10x_usart.c                0x00000000   Number         0  stm32f10x_usart.o ABSOLUTE
    Library\stm32f10x_wwdg.c                 0x00000000   Number         0  stm32f10x_wwdg.o ABSOLUTE
    MALLOC\malloc.c                          0x00000000   Number         0  malloc.o ABSOLUTE
    Start\\core_cm3.c                        0x00000000   Number         0  core_cm3.o ABSOLUTE
    Start\core_cm3.c                         0x00000000   Number         0  core_cm3.o ABSOLUTE
    Start\startup_stm32f10x_md.s             0x00000000   Number         0  startup_stm32f10x_md.o ABSOLUTE
    Start\system_stm32f10x.c                 0x00000000   Number         0  system_stm32f10x.o ABSOLUTE
    System\Delay.c                           0x00000000   Number         0  delay.o ABSOLUTE
    System\\sys.c                            0x00000000   Number         0  sys.o ABSOLUTE
    System\sys.c                             0x00000000   Number         0  sys.o ABSOLUTE
    System\uart1.c                           0x00000000   Number         0  uart1.o ABSOLUTE
    System\uart2.c                           0x00000000   Number         0  uart2.o ABSOLUTE
    System\uart3.c                           0x00000000   Number         0  uart3.o ABSOLUTE
    User\main.c                              0x00000000   Number         0  main.o ABSOLUTE
    User\stm32f10x_it.c                      0x00000000   Number         0  stm32f10x_it.o ABSOLUTE
    cdrcmple.s                               0x00000000   Number         0  cdrcmple.o ABSOLUTE
    dc.s                                     0x00000000   Number         0  dc.o ABSOLUTE
    handlers.s                               0x00000000   Number         0  handlers.o ABSOLUTE
    init.s                                   0x00000000   Number         0  init.o ABSOLUTE
    RESET                                    0x08000000   Section      236  startup_stm32f10x_md.o(RESET)
    .ARM.Collect$$$$00000000                 0x080000ec   Section        0  entry.o(.ARM.Collect$$$$00000000)
    .ARM.Collect$$$$00000001                 0x080000ec   Section        4  entry2.o(.ARM.Collect$$$$00000001)
    .ARM.Collect$$$$00000004                 0x080000f0   Section        4  entry5.o(.ARM.Collect$$$$00000004)
    .ARM.Collect$$$$00000008                 0x080000f4   Section        0  entry7b.o(.ARM.Collect$$$$00000008)
    .ARM.Collect$$$$0000000A                 0x080000f4   Section        0  entry8b.o(.ARM.Collect$$$$0000000A)
    .ARM.Collect$$$$0000000B                 0x080000f4   Section        8  entry9a.o(.ARM.Collect$$$$0000000B)
    .ARM.Collect$$$$0000000E                 0x080000fc   Section        4  entry12b.o(.ARM.Collect$$$$0000000E)
    .ARM.Collect$$$$0000000F                 0x08000100   Section        0  entry10a.o(.ARM.Collect$$$$0000000F)
    .ARM.Collect$$$$00000011                 0x08000100   Section        0  entry11a.o(.ARM.Collect$$$$00000011)
    .ARM.Collect$$$$00002712                 0x08000100   Section        4  entry2.o(.ARM.Collect$$$$00002712)
    __lit__00000000                          0x08000100   Data           4  entry2.o(.ARM.Collect$$$$00002712)
    .text                                    0x08000104   Section       36  startup_stm32f10x_md.o(.text)
    .text                                    0x08000128   Section        0  memseta.o(.text)
    .text                                    0x0800014c   Section        0  strlen.o(.text)
    .text                                    0x0800015a   Section        0  strcmp.o(.text)
    .text                                    0x08000176   Section        0  uidiv.o(.text)
    .text                                    0x080001a2   Section        0  uldiv.o(.text)
    .text                                    0x08000204   Section        0  dadd.o(.text)
    .text                                    0x08000204   Section        0  iusefp.o(.text)
    .text                                    0x08000352   Section        0  dmul.o(.text)
    .text                                    0x08000436   Section        0  ddiv.o(.text)
    .text                                    0x08000514   Section        0  dfixul.o(.text)
    .text                                    0x08000544   Section       48  cdrcmple.o(.text)
    .text                                    0x08000574   Section       36  init.o(.text)
    .text                                    0x08000598   Section        0  llshl.o(.text)
    .text                                    0x080005b6   Section        0  llushr.o(.text)
    .text                                    0x080005d6   Section        0  llsshr.o(.text)
    .text                                    0x080005fa   Section        0  depilogue.o(.text)
    .text                                    0x080006b4   Section        0  __dczerorl2.o(.text)
    i.BusFault_Handler                       0x0800070a   Section        0  stm32f10x_it.o(i.BusFault_Handler)
    i.DebugMon_Handler                       0x0800070e   Section        0  stm32f10x_it.o(i.DebugMon_Handler)
    i.GPIO_Init                              0x08000710   Section        0  stm32f10x_gpio.o(i.GPIO_Init)
    i.GPIO_ResetBits                         0x08000826   Section        0  stm32f10x_gpio.o(i.GPIO_ResetBits)
    i.GPIO_SetBits                           0x0800082a   Section        0  stm32f10x_gpio.o(i.GPIO_SetBits)
    i.HardFault_Handler                      0x0800082e   Section        0  stm32f10x_it.o(i.HardFault_Handler)
    i.LED_Init                               0x08000834   Section        0  led.o(i.LED_Init)
    i.MemManage_Handler                      0x08000860   Section        0  stm32f10x_it.o(i.MemManage_Handler)
    i.NMI_Handler                            0x08000864   Section        0  stm32f10x_it.o(i.NMI_Handler)
    i.NVIC_Init                              0x08000868   Section        0  misc.o(i.NVIC_Init)
    i.NVIC_PriorityGroupConfig               0x080008d8   Section        0  misc.o(i.NVIC_PriorityGroupConfig)
    i.PendSV_Handler                         0x080008ec   Section        0  stm32f10x_it.o(i.PendSV_Handler)
    i.RCC_APB2PeriphClockCmd                 0x080008f0   Section        0  stm32f10x_rcc.o(i.RCC_APB2PeriphClockCmd)
    i.RCC_GetClocksFreq                      0x08000910   Section        0  stm32f10x_rcc.o(i.RCC_GetClocksFreq)
    i.SD_DisSelect                           0x080009e4   Section        0  mmc_sd.o(i.SD_DisSelect)
    i.SD_GetCID                              0x080009f8   Section        0  mmc_sd.o(i.SD_GetCID)
    i.SD_GetCSD                              0x08000a22   Section        0  mmc_sd.o(i.SD_GetCSD)
    i.SD_GetResponse                         0x08000a4c   Section        0  mmc_sd.o(i.SD_GetResponse)
    i.SD_GetSectorCount                      0x08000a74   Section        0  mmc_sd.o(i.SD_GetSectorCount)
    i.SD_Initialize                          0x08000b08   Section        0  mmc_sd.o(i.SD_Initialize)
    i.SD_ReadDisk                            0x08000d00   Section        0  mmc_sd.o(i.SD_ReadDisk)
    i.SD_RecvData                            0x08000d74   Section        0  mmc_sd.o(i.SD_RecvData)
    i.SD_SPI_Init                            0x08000dac   Section        0  mmc_sd.o(i.SD_SPI_Init)
    i.SD_SPI_ReadWriteByte                   0x08000dec   Section        0  mmc_sd.o(i.SD_SPI_ReadWriteByte)
    i.SD_SPI_SpeedHigh                       0x08000df8   Section        0  mmc_sd.o(i.SD_SPI_SpeedHigh)
    i.SD_SPI_SpeedLow                        0x08000e02   Section        0  mmc_sd.o(i.SD_SPI_SpeedLow)
    i.SD_Select                              0x08000e0c   Section        0  mmc_sd.o(i.SD_Select)
    i.SD_SendBlock                           0x08000e2c   Section        0  mmc_sd.o(i.SD_SendBlock)
    i.SD_SendCmd                             0x08000e7e   Section        0  mmc_sd.o(i.SD_SendCmd)
    i.SD_WaitReady                           0x08000ef6   Section        0  mmc_sd.o(i.SD_WaitReady)
    i.SD_WriteDisk                           0x08000f18   Section        0  mmc_sd.o(i.SD_WriteDisk)
    i.SPI1_Init                              0x08000fa8   Section        0  spi.o(i.SPI1_Init)
    i.SPI1_ReadWriteByte                     0x08001020   Section        0  spi.o(i.SPI1_ReadWriteByte)
    i.SPI1_SetSpeed                          0x08001074   Section        0  spi.o(i.SPI1_SetSpeed)
    i.SPI_Cmd                                0x08001098   Section        0  stm32f10x_spi.o(i.SPI_Cmd)
    i.SPI_I2S_GetFlagStatus                  0x080010b0   Section        0  stm32f10x_spi.o(i.SPI_I2S_GetFlagStatus)
    i.SPI_I2S_ReceiveData                    0x080010c2   Section        0  stm32f10x_spi.o(i.SPI_I2S_ReceiveData)
    i.SPI_I2S_SendData                       0x080010c8   Section        0  stm32f10x_spi.o(i.SPI_I2S_SendData)
    i.SPI_Init                               0x080010cc   Section        0  stm32f10x_spi.o(i.SPI_Init)
    i.SVC_Handler                            0x08001108   Section        0  stm32f10x_it.o(i.SVC_Handler)
    i.SetSysClock                            0x0800110a   Section        0  system_stm32f10x.o(i.SetSysClock)
    SetSysClock                              0x0800110b   Thumb Code     8  system_stm32f10x.o(i.SetSysClock)
    i.SetSysClockTo72                        0x08001114   Section        0  system_stm32f10x.o(i.SetSysClockTo72)
    SetSysClockTo72                          0x08001115   Thumb Code   214  system_stm32f10x.o(i.SetSysClockTo72)
    i.SysTick_CLKSourceConfig                0x080011f4   Section        0  misc.o(i.SysTick_CLKSourceConfig)
    i.SysTick_Handler                        0x0800121c   Section        0  stm32f10x_it.o(i.SysTick_Handler)
    i.SystemInit                             0x08001220   Section        0  system_stm32f10x.o(i.SystemInit)
    i.USART1_IRQHandler                      0x08001280   Section        0  uart1.o(i.USART1_IRQHandler)
    i.USART2_IRQHandler                      0x080012b8   Section        0  uart2.o(i.USART2_IRQHandler)
    i.USART3_IRQHandler                      0x080012f4   Section        0  uart3.o(i.USART3_IRQHandler)
    i.USART_Cmd                              0x08001330   Section        0  stm32f10x_usart.o(i.USART_Cmd)
    i.USART_GetFlagStatus                    0x08001348   Section        0  stm32f10x_usart.o(i.USART_GetFlagStatus)
    i.USART_GetITStatus                      0x08001362   Section        0  stm32f10x_usart.o(i.USART_GetITStatus)
    i.USART_ITConfig                         0x080013b6   Section        0  stm32f10x_usart.o(i.USART_ITConfig)
    i.USART_Init                             0x08001400   Section        0  stm32f10x_usart.o(i.USART_Init)
    i.USART_ReceiveData                      0x080014d8   Section        0  stm32f10x_usart.o(i.USART_ReceiveData)
    i.USART_SendData                         0x080014e2   Section        0  stm32f10x_usart.o(i.USART_SendData)
    i.UsageFault_Handler                     0x080014ea   Section        0  stm32f10x_it.o(i.UsageFault_Handler)
    i.__0printf                              0x080014f0   Section        0  printfa.o(i.__0printf)
    i.__0vsprintf                            0x08001510   Section        0  printfa.o(i.__0vsprintf)
    i.__scatterload_copy                     0x08001534   Section       14  handlers.o(i.__scatterload_copy)
    i.__scatterload_null                     0x08001542   Section        2  handlers.o(i.__scatterload_null)
    i.__scatterload_zeroinit                 0x08001544   Section       14  handlers.o(i.__scatterload_zeroinit)
    i._fp_digits                             0x08001554   Section        0  printfa.o(i._fp_digits)
    _fp_digits                               0x08001555   Thumb Code   366  printfa.o(i._fp_digits)
    i._printf_core                           0x080016d8   Section        0  printfa.o(i._printf_core)
    _printf_core                             0x080016d9   Thumb Code  1704  printfa.o(i._printf_core)
    i._printf_post_padding                   0x08001d8c   Section        0  printfa.o(i._printf_post_padding)
    _printf_post_padding                     0x08001d8d   Thumb Code    36  printfa.o(i._printf_post_padding)
    i._printf_pre_padding                    0x08001db0   Section        0  printfa.o(i._printf_pre_padding)
    _printf_pre_padding                      0x08001db1   Thumb Code    46  printfa.o(i._printf_pre_padding)
    i._sputc                                 0x08001dde   Section        0  printfa.o(i._sputc)
    _sputc                                   0x08001ddf   Thumb Code    10  printfa.o(i._sputc)
    i.check_fs                               0x08001de8   Section        0  ff.o(i.check_fs)
    check_fs                                 0x08001de9   Thumb Code   140  ff.o(i.check_fs)
    i.chk_chr                                0x08001e78   Section        0  ff.o(i.chk_chr)
    chk_chr                                  0x08001e79   Thumb Code    20  ff.o(i.chk_chr)
    i.clmt_clust                             0x08001e8c   Section        0  ff.o(i.clmt_clust)
    clmt_clust                               0x08001e8d   Thumb Code    50  ff.o(i.clmt_clust)
    i.clust2sect                             0x08001ebe   Section        0  ff.o(i.clust2sect)
    i.cmp_lfn                                0x08001ed8   Section        0  ff.o(i.cmp_lfn)
    cmp_lfn                                  0x08001ed9   Thumb Code   138  ff.o(i.cmp_lfn)
    i.create_chain                           0x08001f68   Section        0  ff.o(i.create_chain)
    create_chain                             0x08001f69   Thumb Code   214  ff.o(i.create_chain)
    i.create_name                            0x08002040   Section        0  ff.o(i.create_name)
    create_name                              0x08002041   Thumb Code   534  ff.o(i.create_name)
    i.delay_init                             0x08002270   Section        0  delay.o(i.delay_init)
    i.delay_ms                               0x080022b4   Section        0  delay.o(i.delay_ms)
    i.dir_alloc                              0x08002300   Section        0  ff.o(i.dir_alloc)
    dir_alloc                                0x08002301   Thumb Code    92  ff.o(i.dir_alloc)
    i.dir_find                               0x0800235c   Section        0  ff.o(i.dir_find)
    dir_find                                 0x0800235d   Thumb Code   222  ff.o(i.dir_find)
    i.dir_next                               0x0800243a   Section        0  ff.o(i.dir_next)
    dir_next                                 0x0800243b   Thumb Code   272  ff.o(i.dir_next)
    i.dir_register                           0x0800254a   Section        0  ff.o(i.dir_register)
    dir_register                             0x0800254b   Thumb Code   298  ff.o(i.dir_register)
    i.dir_sdi                                0x08002674   Section        0  ff.o(i.dir_sdi)
    dir_sdi                                  0x08002675   Thumb Code   158  ff.o(i.dir_sdi)
    i.disk_initialize                        0x08002712   Section        0  diskio.o(i.disk_initialize)
    i.disk_ioctl                             0x0800274c   Section        0  diskio.o(i.disk_ioctl)
    i.disk_read                              0x080027f0   Section        0  diskio.o(i.disk_read)
    i.disk_status                            0x0800285a   Section        0  diskio.o(i.disk_status)
    i.disk_write                             0x08002860   Section        0  diskio.o(i.disk_write)
    i.exf_getfree                            0x080028b6   Section        0  exfuns.o(i.exf_getfree)
    i.exfuns_init                            0x08002900   Section        0  exfuns.o(i.exfuns_init)
    i.f_close                                0x08002974   Section        0  ff.o(i.f_close)
    i.f_getfree                              0x08002994   Section        0  ff.o(i.f_getfree)
    i.f_mount                                0x08002a98   Section        0  ff.o(i.f_mount)
    i.f_open                                 0x08002af4   Section        0  ff.o(i.f_open)
    i.f_sync                                 0x08002c60   Section        0  ff.o(i.f_sync)
    i.f_write                                0x08002d10   Section        0  ff.o(i.f_write)
    i.ff_convert                             0x08002f04   Section        0  ccsbcs.o(i.ff_convert)
    i.ff_wtoupper                            0x08002f50   Section        0  ccsbcs.o(i.ff_wtoupper)
    i.find_volume                            0x08002f88   Section        0  ff.o(i.find_volume)
    find_volume                              0x08002f89   Thumb Code   886  ff.o(i.find_volume)
    i.fit_lfn                                0x08003310   Section        0  ff.o(i.fit_lfn)
    fit_lfn                                  0x08003311   Thumb Code   122  ff.o(i.fit_lfn)
    i.follow_path                            0x08003390   Section        0  ff.o(i.follow_path)
    follow_path                              0x08003391   Thumb Code   144  ff.o(i.follow_path)
    i.fputc                                  0x08003420   Section        0  uart1.o(i.fputc)
    i.gen_numname                            0x0800343c   Section        0  ff.o(i.gen_numname)
    gen_numname                              0x0800343d   Thumb Code   172  ff.o(i.gen_numname)
    i.get_fat                                0x080034ec   Section        0  ff.o(i.get_fat)
    i.get_fattime                            0x080035d4   Section        0  diskio.o(i.get_fattime)
    i.get_ldnumber                           0x080035d8   Section        0  ff.o(i.get_ldnumber)
    get_ldnumber                             0x080035d9   Thumb Code    74  ff.o(i.get_ldnumber)
    i.ld_clust                               0x08003622   Section        0  ff.o(i.ld_clust)
    ld_clust                                 0x08003623   Thumb Code    32  ff.o(i.ld_clust)
    i.main                                   0x08003644   Section        0  main.o(i.main)
    i.mem_cmp                                0x080038a0   Section        0  ff.o(i.mem_cmp)
    mem_cmp                                  0x080038a1   Thumb Code    38  ff.o(i.mem_cmp)
    i.mem_cpy                                0x080038c6   Section        0  ff.o(i.mem_cpy)
    mem_cpy                                  0x080038c7   Thumb Code    26  ff.o(i.mem_cpy)
    i.mem_init                               0x080038e0   Section        0  malloc.o(i.mem_init)
    i.mem_malloc                             0x0800390c   Section        0  malloc.o(i.mem_malloc)
    i.mem_perused                            0x08003984   Section        0  malloc.o(i.mem_perused)
    i.mem_set                                0x080039b4   Section        0  ff.o(i.mem_set)
    mem_set                                  0x080039b5   Thumb Code    20  ff.o(i.mem_set)
    i.move_window                            0x080039c8   Section        0  ff.o(i.move_window)
    move_window                              0x080039c9   Thumb Code    50  ff.o(i.move_window)
    i.mymalloc                               0x080039fc   Section        0  malloc.o(i.mymalloc)
    i.mymemset                               0x08003a1c   Section        0  malloc.o(i.mymemset)
    i.put_fat                                0x08003a30   Section        0  ff.o(i.put_fat)
    i.remove_chain                           0x08003b66   Section        0  ff.o(i.remove_chain)
    remove_chain                             0x08003b67   Thumb Code   108  ff.o(i.remove_chain)
    i.st_clust                               0x08003bd2   Section        0  ff.o(i.st_clust)
    st_clust                                 0x08003bd3   Thumb Code    16  ff.o(i.st_clust)
    i.sum_sfn                                0x08003be2   Section        0  ff.o(i.sum_sfn)
    sum_sfn                                  0x08003be3   Thumb Code    32  ff.o(i.sum_sfn)
    i.sync_fs                                0x08003c02   Section        0  ff.o(i.sync_fs)
    sync_fs                                  0x08003c03   Thumb Code   200  ff.o(i.sync_fs)
    i.sync_window                            0x08003cca   Section        0  ff.o(i.sync_window)
    sync_window                              0x08003ccb   Thumb Code    76  ff.o(i.sync_window)
    i.u2_printf                              0x08003d18   Section        0  uart2.o(i.u2_printf)
    i.u3_printf                              0x08003d68   Section        0  uart3.o(i.u3_printf)
    i.uart1_init                             0x08003db8   Section        0  uart1.o(i.uart1_init)
    i.validate                               0x08003e58   Section        0  ff.o(i.validate)
    validate                                 0x08003e59   Thumb Code    54  ff.o(i.validate)
    .constdata                               0x08003e8e   Section      100  main.o(.constdata)
    .constdata                               0x08003ef2   Section      186  ff.o(.constdata)
    ExCvt                                    0x08003ef2   Data         128  ff.o(.constdata)
    LfnOfs                                   0x08003f72   Data          13  ff.o(.constdata)
    vst                                      0x08003f80   Data          22  ff.o(.constdata)
    cst                                      0x08003f96   Data          22  ff.o(.constdata)
    .constdata                               0x08003fac   Section     1216  ccsbcs.o(.constdata)
    Tbl                                      0x08003fac   Data         256  ccsbcs.o(.constdata)
    tbl_lower                                0x080040ac   Data         480  ccsbcs.o(.constdata)
    tbl_upper                                0x0800428c   Data         480  ccsbcs.o(.constdata)
    .conststring                             0x0800446c   Section      100  exfuns.o(.conststring)
    .data                                    0x20000000   Section       20  system_stm32f10x.o(.data)
    .data                                    0x20000014   Section       20  stm32f10x_rcc.o(.data)
    APBAHBPrescTable                         0x20000014   Data          16  stm32f10x_rcc.o(.data)
    ADCPrescTable                            0x20000024   Data           4  stm32f10x_rcc.o(.data)
    .data                                    0x20000028   Section        4  delay.o(.data)
    fac_us                                   0x20000028   Data           1  delay.o(.data)
    fac_ms                                   0x2000002a   Data           2  delay.o(.data)
    .data                                    0x2000002c   Section        8  uart1.o(.data)
    .data                                    0x20000034   Section        1  mmc_sd.o(.data)
    .data                                    0x20000038   Section       20  malloc.o(.data)
    .data                                    0x2000004c   Section      340  exfuns.o(.data)
    .data                                    0x200001a0   Section        2  diskio.o(.data)
    .data                                    0x200001a4   Section       10  ff.o(.data)
    FatFs                                    0x200001a4   Data           8  ff.o(.data)
    Fsid                                     0x200001ac   Data           2  ff.o(.data)
    .bss                                     0x200001b0   Section      200  uart1.o(.bss)
    .bss                                     0x20000278   Section       18  spi.o(.bss)
    .bss                                     0x2000028c   Section    16320  malloc.o(.bss)
    .bss                                     0x2000424c   Section      512  ff.o(.bss)
    LfnBuf                                   0x2000424c   Data         512  ff.o(.bss)
    STACK                                    0x20004450   Section     1024  startup_stm32f10x_md.o(STACK)

    Global Symbols

    Symbol Name                              Value     Ov Type        Size  Object(Section)

    BuildAttributes$$THM_ISAv4$P$D$K$B$S$PE$A:L22UL41UL21$X:L11$S22US41US21$IEEE1$IW$USESV6$~STKCKD$USESV7$~SHL$OSPACE$ROPI$EBA8$MICROLIB$REQ8$PRES8$EABIv2 0x00000000   Number         0  anon$$obj.o ABSOLUTE
    __ARM_use_no_argv                        0x00000000   Number         0  main.o ABSOLUTE
    __use_no_errno                           0x00000000   Number         0  useno.o ABSOLUTE
    __use_no_exception_handling              0x00000000   Number         0  useno.o ABSOLUTE
    __use_no_fp                              0x00000000   Number         0  useno.o ABSOLUTE
    __use_no_heap                            0x00000000   Number         0  useno.o ABSOLUTE
    __use_no_heap_region                     0x00000000   Number         0  useno.o ABSOLUTE
    __use_no_semihosting                     0x00000000   Number         0  useno.o ABSOLUTE
    __use_no_semihosting_swi                 0x00000000   Number         0  useno.o ABSOLUTE
    __use_no_signal_handling                 0x00000000   Number         0  useno.o ABSOLUTE
    _printf_a                                0x00000000   Number         0  stubs.o ABSOLUTE
    _printf_c                                0x00000000   Number         0  stubs.o ABSOLUTE
    _printf_charcount                        0x00000000   Number         0  stubs.o ABSOLUTE
    _printf_d                                0x00000000   Number         0  stubs.o ABSOLUTE
    _printf_e                                0x00000000   Number         0  stubs.o ABSOLUTE
    _printf_f                                0x00000000   Number         0  stubs.o ABSOLUTE
    _printf_flags                            0x00000000   Number         0  stubs.o ABSOLUTE
    _printf_fp_dec                           0x00000000   Number         0  stubs.o ABSOLUTE
    _printf_fp_hex                           0x00000000   Number         0  stubs.o ABSOLUTE
    _printf_g                                0x00000000   Number         0  stubs.o ABSOLUTE
    _printf_i                                0x00000000   Number         0  stubs.o ABSOLUTE
    _printf_int_dec                          0x00000000   Number         0  stubs.o ABSOLUTE
    _printf_l                                0x00000000   Number         0  stubs.o ABSOLUTE
    _printf_lc                               0x00000000   Number         0  stubs.o ABSOLUTE
    _printf_ll                               0x00000000   Number         0  stubs.o ABSOLUTE
    _printf_lld                              0x00000000   Number         0  stubs.o ABSOLUTE
    _printf_lli                              0x00000000   Number         0  stubs.o ABSOLUTE
    _printf_llo                              0x00000000   Number         0  stubs.o ABSOLUTE
    _printf_llu                              0x00000000   Number         0  stubs.o ABSOLUTE
    _printf_llx                              0x00000000   Number         0  stubs.o ABSOLUTE
    _printf_longlong_dec                     0x00000000   Number         0  stubs.o ABSOLUTE
    _printf_longlong_hex                     0x00000000   Number         0  stubs.o ABSOLUTE
    _printf_longlong_oct                     0x00000000   Number         0  stubs.o ABSOLUTE
    _printf_ls                               0x00000000   Number         0  stubs.o ABSOLUTE
    _printf_mbtowc                           0x00000000   Number         0  stubs.o ABSOLUTE
    _printf_n                                0x00000000   Number         0  stubs.o ABSOLUTE
    _printf_o                                0x00000000   Number         0  stubs.o ABSOLUTE
    _printf_p                                0x00000000   Number         0  stubs.o ABSOLUTE
    _printf_percent                          0x00000000   Number         0  stubs.o ABSOLUTE
    _printf_pre_padding                      0x00000000   Number         0  stubs.o ABSOLUTE
    _printf_return_value                     0x00000000   Number         0  stubs.o ABSOLUTE
    _printf_s                                0x00000000   Number         0  stubs.o ABSOLUTE
    _printf_sizespec                         0x00000000   Number         0  stubs.o ABSOLUTE
    _printf_str                              0x00000000   Number         0  stubs.o ABSOLUTE
    _printf_truncate_signed                  0x00000000   Number         0  stubs.o ABSOLUTE
    _printf_truncate_unsigned                0x00000000   Number         0  stubs.o ABSOLUTE
    _printf_u                                0x00000000   Number         0  stubs.o ABSOLUTE
    _printf_wc                               0x00000000   Number         0  stubs.o ABSOLUTE
    _printf_wctomb                           0x00000000   Number         0  stubs.o ABSOLUTE
    _printf_widthprec                        0x00000000   Number         0  stubs.o ABSOLUTE
    _printf_x                                0x00000000   Number         0  stubs.o ABSOLUTE
    __arm_fini_                               - Undefined Weak Reference
    __cpp_initialize__aeabi_                  - Undefined Weak Reference
    __cxa_finalize                            - Undefined Weak Reference
    _clock_init                               - Undefined Weak Reference
    _microlib_exit                            - Undefined Weak Reference
    __Vectors_Size                           0x000000ec   Number         0  startup_stm32f10x_md.o ABSOLUTE
    __Vectors                                0x08000000   Data           4  startup_stm32f10x_md.o(RESET)
    __Vectors_End                            0x080000ec   Data           0  startup_stm32f10x_md.o(RESET)
    __main                                   0x080000ed   Thumb Code     0  entry.o(.ARM.Collect$$$$00000000)
    _main_stk                                0x080000ed   Thumb Code     0  entry2.o(.ARM.Collect$$$$00000001)
    _main_scatterload                        0x080000f1   Thumb Code     0  entry5.o(.ARM.Collect$$$$00000004)
    __main_after_scatterload                 0x080000f5   Thumb Code     0  entry5.o(.ARM.Collect$$$$00000004)
    _main_clock                              0x080000f5   Thumb Code     0  entry7b.o(.ARM.Collect$$$$00000008)
    _main_cpp_init                           0x080000f5   Thumb Code     0  entry8b.o(.ARM.Collect$$$$0000000A)
    _main_init                               0x080000f5   Thumb Code     0  entry9a.o(.ARM.Collect$$$$0000000B)
    __rt_lib_shutdown_fini                   0x080000fd   Thumb Code     0  entry12b.o(.ARM.Collect$$$$0000000E)
    __rt_final_cpp                           0x08000101   Thumb Code     0  entry10a.o(.ARM.Collect$$$$0000000F)
    __rt_final_exit                          0x08000101   Thumb Code     0  entry11a.o(.ARM.Collect$$$$00000011)
    Reset_Handler                            0x08000105   Thumb Code     8  startup_stm32f10x_md.o(.text)
    ADC1_2_IRQHandler                        0x0800011f   Thumb Code     0  startup_stm32f10x_md.o(.text)
    CAN1_RX1_IRQHandler                      0x0800011f   Thumb Code     0  startup_stm32f10x_md.o(.text)
    CAN1_SCE_IRQHandler                      0x0800011f   Thumb Code     0  startup_stm32f10x_md.o(.text)
    DMA1_Channel1_IRQHandler                 0x0800011f   Thumb Code     0  startup_stm32f10x_md.o(.text)
    DMA1_Channel2_IRQHandler                 0x0800011f   Thumb Code     0  startup_stm32f10x_md.o(.text)
    DMA1_Channel3_IRQHandler                 0x0800011f   Thumb Code     0  startup_stm32f10x_md.o(.text)
    DMA1_Channel4_IRQHandler                 0x0800011f   Thumb Code     0  startup_stm32f10x_md.o(.text)
    DMA1_Channel5_IRQHandler                 0x0800011f   Thumb Code     0  startup_stm32f10x_md.o(.text)
    DMA1_Channel6_IRQHandler                 0x0800011f   Thumb Code     0  startup_stm32f10x_md.o(.text)
    DMA1_Channel7_IRQHandler                 0x0800011f   Thumb Code     0  startup_stm32f10x_md.o(.text)
    EXTI0_IRQHandler                         0x0800011f   Thumb Code     0  startup_stm32f10x_md.o(.text)
    EXTI15_10_IRQHandler                     0x0800011f   Thumb Code     0  startup_stm32f10x_md.o(.text)
    EXTI1_IRQHandler                         0x0800011f   Thumb Code     0  startup_stm32f10x_md.o(.text)
    EXTI2_IRQHandler                         0x0800011f   Thumb Code     0  startup_stm32f10x_md.o(.text)
    EXTI3_IRQHandler                         0x0800011f   Thumb Code     0  startup_stm32f10x_md.o(.text)
    EXTI4_IRQHandler                         0x0800011f   Thumb Code     0  startup_stm32f10x_md.o(.text)
    EXTI9_5_IRQHandler                       0x0800011f   Thumb Code     0  startup_stm32f10x_md.o(.text)
    FLASH_IRQHandler                         0x0800011f   Thumb Code     0  startup_stm32f10x_md.o(.text)
    I2C1_ER_IRQHandler                       0x0800011f   Thumb Code     0  startup_stm32f10x_md.o(.text)
    I2C1_EV_IRQHandler                       0x0800011f   Thumb Code     0  startup_stm32f10x_md.o(.text)
    I2C2_ER_IRQHandler                       0x0800011f   Thumb Code     0  startup_stm32f10x_md.o(.text)
    I2C2_EV_IRQHandler                       0x0800011f   Thumb Code     0  startup_stm32f10x_md.o(.text)
    PVD_IRQHandler                           0x0800011f   Thumb Code     0  startup_stm32f10x_md.o(.text)
    RCC_IRQHandler                           0x0800011f   Thumb Code     0  startup_stm32f10x_md.o(.text)
    RTCAlarm_IRQHandler                      0x0800011f   Thumb Code     0  startup_stm32f10x_md.o(.text)
    RTC_IRQHandler                           0x0800011f   Thumb Code     0  startup_stm32f10x_md.o(.text)
    SPI1_IRQHandler                          0x0800011f   Thumb Code     0  startup_stm32f10x_md.o(.text)
    SPI2_IRQHandler                          0x0800011f   Thumb Code     0  startup_stm32f10x_md.o(.text)
    TAMPER_IRQHandler                        0x0800011f   Thumb Code     0  startup_stm32f10x_md.o(.text)
    TIM1_BRK_IRQHandler                      0x0800011f   Thumb Code     0  startup_stm32f10x_md.o(.text)
    TIM1_CC_IRQHandler                       0x0800011f   Thumb Code     0  startup_stm32f10x_md.o(.text)
    TIM1_TRG_COM_IRQHandler                  0x0800011f   Thumb Code     0  startup_stm32f10x_md.o(.text)
    TIM1_UP_IRQHandler                       0x0800011f   Thumb Code     0  startup_stm32f10x_md.o(.text)
    TIM2_IRQHandler                          0x0800011f   Thumb Code     0  startup_stm32f10x_md.o(.text)
    TIM3_IRQHandler                          0x0800011f   Thumb Code     0  startup_stm32f10x_md.o(.text)
    TIM4_IRQHandler                          0x0800011f   Thumb Code     0  startup_stm32f10x_md.o(.text)
    USBWakeUp_IRQHandler                     0x0800011f   Thumb Code     0  startup_stm32f10x_md.o(.text)
    USB_HP_CAN1_TX_IRQHandler                0x0800011f   Thumb Code     0  startup_stm32f10x_md.o(.text)
    USB_LP_CAN1_RX0_IRQHandler               0x0800011f   Thumb Code     0  startup_stm32f10x_md.o(.text)
    WWDG_IRQHandler                          0x0800011f   Thumb Code     0  startup_stm32f10x_md.o(.text)
    __aeabi_memset                           0x08000129   Thumb Code    14  memseta.o(.text)
    __aeabi_memset4                          0x08000129   Thumb Code     0  memseta.o(.text)
    __aeabi_memset8                          0x08000129   Thumb Code     0  memseta.o(.text)
    __aeabi_memclr                           0x08000137   Thumb Code     4  memseta.o(.text)
    __aeabi_memclr4                          0x08000137   Thumb Code     0  memseta.o(.text)
    __aeabi_memclr8                          0x08000137   Thumb Code     0  memseta.o(.text)
    _memset$wrapper                          0x0800013b   Thumb Code    18  memseta.o(.text)
    strlen                                   0x0800014d   Thumb Code    14  strlen.o(.text)
    strcmp                                   0x0800015b   Thumb Code    28  strcmp.o(.text)
    __aeabi_uidiv                            0x08000177   Thumb Code     0  uidiv.o(.text)
    __aeabi_uidivmod                         0x08000177   Thumb Code    44  uidiv.o(.text)
    __aeabi_uldivmod                         0x080001a3   Thumb Code    98  uldiv.o(.text)
    __I$use$fp                               0x08000205   Thumb Code     0  iusefp.o(.text)
    __aeabi_dadd                             0x08000205   Thumb Code   322  dadd.o(.text)
    __aeabi_dsub                             0x08000347   Thumb Code     6  dadd.o(.text)
    __aeabi_drsub                            0x0800034d   Thumb Code     6  dadd.o(.text)
    __aeabi_dmul                             0x08000353   Thumb Code   228  dmul.o(.text)
    __aeabi_ddiv                             0x08000437   Thumb Code   222  ddiv.o(.text)
    __aeabi_d2ulz                            0x08000515   Thumb Code    48  dfixul.o(.text)
    __aeabi_cdrcmple                         0x08000545   Thumb Code    48  cdrcmple.o(.text)
    __scatterload                            0x08000575   Thumb Code    28  init.o(.text)
    __scatterload_rt2                        0x08000575   Thumb Code     0  init.o(.text)
    __aeabi_llsl                             0x08000599   Thumb Code    30  llshl.o(.text)
    _ll_shift_l                              0x08000599   Thumb Code     0  llshl.o(.text)
    __aeabi_llsr                             0x080005b7   Thumb Code    32  llushr.o(.text)
    _ll_ushift_r                             0x080005b7   Thumb Code     0  llushr.o(.text)
    __aeabi_lasr                             0x080005d7   Thumb Code    36  llsshr.o(.text)
    _ll_sshift_r                             0x080005d7   Thumb Code     0  llsshr.o(.text)
    _double_round                            0x080005fb   Thumb Code    30  depilogue.o(.text)
    _double_epilogue                         0x08000619   Thumb Code   156  depilogue.o(.text)
    __decompress                             0x080006b5   Thumb Code     0  __dczerorl2.o(.text)
    __decompress1                            0x080006b5   Thumb Code    86  __dczerorl2.o(.text)
    BusFault_Handler                         0x0800070b   Thumb Code     4  stm32f10x_it.o(i.BusFault_Handler)
    DebugMon_Handler                         0x0800070f   Thumb Code     2  stm32f10x_it.o(i.DebugMon_Handler)
    GPIO_Init                                0x08000711   Thumb Code   278  stm32f10x_gpio.o(i.GPIO_Init)
    GPIO_ResetBits                           0x08000827   Thumb Code     4  stm32f10x_gpio.o(i.GPIO_ResetBits)
    GPIO_SetBits                             0x0800082b   Thumb Code     4  stm32f10x_gpio.o(i.GPIO_SetBits)
    HardFault_Handler                        0x0800082f   Thumb Code     4  stm32f10x_it.o(i.HardFault_Handler)
    LED_Init                                 0x08000835   Thumb Code    38  led.o(i.LED_Init)
    MemManage_Handler                        0x08000861   Thumb Code     4  stm32f10x_it.o(i.MemManage_Handler)
    NMI_Handler                              0x08000865   Thumb Code     2  stm32f10x_it.o(i.NMI_Handler)
    NVIC_Init                                0x08000869   Thumb Code   100  misc.o(i.NVIC_Init)
    NVIC_PriorityGroupConfig                 0x080008d9   Thumb Code    10  misc.o(i.NVIC_PriorityGroupConfig)
    PendSV_Handler                           0x080008ed   Thumb Code     2  stm32f10x_it.o(i.PendSV_Handler)
    RCC_APB2PeriphClockCmd                   0x080008f1   Thumb Code    26  stm32f10x_rcc.o(i.RCC_APB2PeriphClockCmd)
    RCC_GetClocksFreq                        0x08000911   Thumb Code   192  stm32f10x_rcc.o(i.RCC_GetClocksFreq)
    SD_DisSelect                             0x080009e5   Thumb Code    16  mmc_sd.o(i.SD_DisSelect)
    SD_GetCID                                0x080009f9   Thumb Code    42  mmc_sd.o(i.SD_GetCID)
    SD_GetCSD                                0x08000a23   Thumb Code    42  mmc_sd.o(i.SD_GetCSD)
    SD_GetResponse                           0x08000a4d   Thumb Code    38  mmc_sd.o(i.SD_GetResponse)
    SD_GetSectorCount                        0x08000a75   Thumb Code   124  mmc_sd.o(i.SD_GetSectorCount)
    SD_Initialize                            0x08000b09   Thumb Code   410  mmc_sd.o(i.SD_Initialize)
    SD_ReadDisk                              0x08000d01   Thumb Code   112  mmc_sd.o(i.SD_ReadDisk)
    SD_RecvData                              0x08000d75   Thumb Code    56  mmc_sd.o(i.SD_RecvData)
    SD_SPI_Init                              0x08000dad   Thumb Code    56  mmc_sd.o(i.SD_SPI_Init)
    SD_SPI_ReadWriteByte                     0x08000ded   Thumb Code    12  mmc_sd.o(i.SD_SPI_ReadWriteByte)
    SD_SPI_SpeedHigh                         0x08000df9   Thumb Code    10  mmc_sd.o(i.SD_SPI_SpeedHigh)
    SD_SPI_SpeedLow                          0x08000e03   Thumb Code    10  mmc_sd.o(i.SD_SPI_SpeedLow)
    SD_Select                                0x08000e0d   Thumb Code    26  mmc_sd.o(i.SD_Select)
    SD_SendBlock                             0x08000e2d   Thumb Code    82  mmc_sd.o(i.SD_SendBlock)
    SD_SendCmd                               0x08000e7f   Thumb Code   120  mmc_sd.o(i.SD_SendCmd)
    SD_WaitReady                             0x08000ef7   Thumb Code    34  mmc_sd.o(i.SD_WaitReady)
    SD_WriteDisk                             0x08000f19   Thumb Code   140  mmc_sd.o(i.SD_WriteDisk)
    SPI1_Init                                0x08000fa9   Thumb Code   108  spi.o(i.SPI1_Init)
    SPI1_ReadWriteByte                       0x08001021   Thumb Code    78  spi.o(i.SPI1_ReadWriteByte)
    SPI1_SetSpeed                            0x08001075   Thumb Code    26  spi.o(i.SPI1_SetSpeed)
    SPI_Cmd                                  0x08001099   Thumb Code    24  stm32f10x_spi.o(i.SPI_Cmd)
    SPI_I2S_GetFlagStatus                    0x080010b1   Thumb Code    18  stm32f10x_spi.o(i.SPI_I2S_GetFlagStatus)
    SPI_I2S_ReceiveData                      0x080010c3   Thumb Code     6  stm32f10x_spi.o(i.SPI_I2S_ReceiveData)
    SPI_I2S_SendData                         0x080010c9   Thumb Code     4  stm32f10x_spi.o(i.SPI_I2S_SendData)
    SPI_Init                                 0x080010cd   Thumb Code    60  stm32f10x_spi.o(i.SPI_Init)
    SVC_Handler                              0x08001109   Thumb Code     2  stm32f10x_it.o(i.SVC_Handler)
    SysTick_CLKSourceConfig                  0x080011f5   Thumb Code    40  misc.o(i.SysTick_CLKSourceConfig)
    SysTick_Handler                          0x0800121d   Thumb Code     2  stm32f10x_it.o(i.SysTick_Handler)
    SystemInit                               0x08001221   Thumb Code    78  system_stm32f10x.o(i.SystemInit)
    USART1_IRQHandler                        0x08001281   Thumb Code    42  uart1.o(i.USART1_IRQHandler)
    USART2_IRQHandler                        0x080012b9   Thumb Code    32  uart2.o(i.USART2_IRQHandler)
    USART3_IRQHandler                        0x080012f5   Thumb Code    32  uart3.o(i.USART3_IRQHandler)
    USART_Cmd                                0x08001331   Thumb Code    24  stm32f10x_usart.o(i.USART_Cmd)
    USART_GetFlagStatus                      0x08001349   Thumb Code    26  stm32f10x_usart.o(i.USART_GetFlagStatus)
    USART_GetITStatus                        0x08001363   Thumb Code    84  stm32f10x_usart.o(i.USART_GetITStatus)
    USART_ITConfig                           0x080013b7   Thumb Code    74  stm32f10x_usart.o(i.USART_ITConfig)
    USART_Init                               0x08001401   Thumb Code   210  stm32f10x_usart.o(i.USART_Init)
    USART_ReceiveData                        0x080014d9   Thumb Code    10  stm32f10x_usart.o(i.USART_ReceiveData)
    USART_SendData                           0x080014e3   Thumb Code     8  stm32f10x_usart.o(i.USART_SendData)
    UsageFault_Handler                       0x080014eb   Thumb Code     4  stm32f10x_it.o(i.UsageFault_Handler)
    __0printf                                0x080014f1   Thumb Code    22  printfa.o(i.__0printf)
    __1printf                                0x080014f1   Thumb Code     0  printfa.o(i.__0printf)
    __2printf                                0x080014f1   Thumb Code     0  printfa.o(i.__0printf)
    __c89printf                              0x080014f1   Thumb Code     0  printfa.o(i.__0printf)
    printf                                   0x080014f1   Thumb Code     0  printfa.o(i.__0printf)
    __0vsprintf                              0x08001511   Thumb Code    30  printfa.o(i.__0vsprintf)
    __1vsprintf                              0x08001511   Thumb Code     0  printfa.o(i.__0vsprintf)
    __2vsprintf                              0x08001511   Thumb Code     0  printfa.o(i.__0vsprintf)
    __c89vsprintf                            0x08001511   Thumb Code     0  printfa.o(i.__0vsprintf)
    vsprintf                                 0x08001511   Thumb Code     0  printfa.o(i.__0vsprintf)
    __scatterload_copy                       0x08001535   Thumb Code    14  handlers.o(i.__scatterload_copy)
    __scatterload_null                       0x08001543   Thumb Code     2  handlers.o(i.__scatterload_null)
    __scatterload_zeroinit                   0x08001545   Thumb Code    14  handlers.o(i.__scatterload_zeroinit)
    clust2sect                               0x08001ebf   Thumb Code    26  ff.o(i.clust2sect)
    delay_init                               0x08002271   Thumb Code    50  delay.o(i.delay_init)
    delay_ms                                 0x080022b5   Thumb Code    72  delay.o(i.delay_ms)
    disk_initialize                          0x08002713   Thumb Code    56  diskio.o(i.disk_initialize)
    disk_ioctl                               0x0800274d   Thumb Code   154  diskio.o(i.disk_ioctl)
    disk_read                                0x080027f1   Thumb Code   106  diskio.o(i.disk_read)
    disk_status                              0x0800285b   Thumb Code     6  diskio.o(i.disk_status)
    disk_write                               0x08002861   Thumb Code    86  diskio.o(i.disk_write)
    exf_getfree                              0x080028b7   Thumb Code    74  exfuns.o(i.exf_getfree)
    exfuns_init                              0x08002901   Thumb Code   100  exfuns.o(i.exfuns_init)
    f_close                                  0x08002975   Thumb Code    32  ff.o(i.f_close)
    f_getfree                                0x08002995   Thumb Code   258  ff.o(i.f_getfree)
    f_mount                                  0x08002a99   Thumb Code    86  ff.o(i.f_mount)
    f_open                                   0x08002af5   Thumb Code   360  ff.o(i.f_open)
    f_sync                                   0x08002c61   Thumb Code   176  ff.o(i.f_sync)
    f_write                                  0x08002d11   Thumb Code   498  ff.o(i.f_write)
    ff_convert                               0x08002f05   Thumb Code    70  ccsbcs.o(i.ff_convert)
    ff_wtoupper                              0x08002f51   Thumb Code    46  ccsbcs.o(i.ff_wtoupper)
    fputc                                    0x08003421   Thumb Code    24  uart1.o(i.fputc)
    get_fat                                  0x080034ed   Thumb Code   232  ff.o(i.get_fat)
    get_fattime                              0x080035d5   Thumb Code     4  diskio.o(i.get_fattime)
    main                                     0x08003645   Thumb Code   372  main.o(i.main)
    mem_init                                 0x080038e1   Thumb Code    38  malloc.o(i.mem_init)
    mem_malloc                               0x0800390d   Thumb Code   116  malloc.o(i.mem_malloc)
    mem_perused                              0x08003985   Thumb Code    42  malloc.o(i.mem_perused)
    mymalloc                                 0x080039fd   Thumb Code    28  malloc.o(i.mymalloc)
    mymemset                                 0x08003a1d   Thumb Code    20  malloc.o(i.mymemset)
    put_fat                                  0x08003a31   Thumb Code   310  ff.o(i.put_fat)
    u2_printf                                0x08003d19   Thumb Code    74  uart2.o(i.u2_printf)
    u3_printf                                0x08003d69   Thumb Code    74  uart3.o(i.u3_printf)
    uart1_init                               0x08003db9   Thumb Code   152  uart1.o(i.uart1_init)
    buffer                                   0x08003e8e   Data         100  main.o(.constdata)
    Region$$Table$$Base                      0x080044d0   Number         0  anon$$obj.o(Region$$Table)
    Region$$Table$$Limit                     0x080044f0   Number         0  anon$$obj.o(Region$$Table)
    SystemCoreClock                          0x20000000   Data           4  system_stm32f10x.o(.data)
    AHBPrescTable                            0x20000004   Data          16  system_stm32f10x.o(.data)
    USART_RX_STA                             0x2000002c   Data           2  uart1.o(.data)
    __stdout                                 0x20000030   Data           4  uart1.o(.data)
    SD_Type                                  0x20000034   Data           1  mmc_sd.o(.data)
    mallco_dev                               0x20000038   Data          20  malloc.o(.data)
    FILE_TYPE_TBL                            0x2000004c   Data         312  exfuns.o(.data)
    fs                                       0x20000184   Data           8  exfuns.o(.data)
    file                                     0x2000018c   Data           4  exfuns.o(.data)
    ftemp                                    0x20000190   Data           4  exfuns.o(.data)
    br                                       0x20000194   Data           4  exfuns.o(.data)
    bw                                       0x20000198   Data           4  exfuns.o(.data)
    fatbuf                                   0x2000019c   Data           4  exfuns.o(.data)
    FLASH_SECTOR_COUNT                       0x200001a0   Data           2  diskio.o(.data)
    USART_RX_BUF                             0x200001b0   Data         200  uart1.o(.bss)
    SPI_InitStructure                        0x20000278   Data          18  spi.o(.bss)
    membase                                  0x2000028c   Data       15360  malloc.o(.bss)
    memmapbase                               0x20003e8c   Data         960  malloc.o(.bss)
    __initial_sp                             0x20004850   Data           0  startup_stm32f10x_md.o(STACK)



==============================================================================

Memory Map of the image

  Image Entry point : 0x080000ed

  Load Region LR_IROM1 (Base: 0x08000000, Size: 0x000046a0, Max: 0x00010000, ABSOLUTE, COMPRESSED[0x0000456c])

    Execution Region ER_IROM1 (Exec base: 0x08000000, Load base: 0x08000000, Size: 0x000044f0, Max: 0x00010000, ABSOLUTE)

    Exec Addr    Load Addr    Size         Type   Attr      Idx    E Section Name        Object

    0x08000000   0x08000000   0x000000ec   Data   RO            3    RESET               startup_stm32f10x_md.o
    0x080000ec   0x080000ec   0x00000000   Code   RO         4359  * .ARM.Collect$$$$00000000  mc_w.l(entry.o)
    0x080000ec   0x080000ec   0x00000004   Code   RO         4631    .ARM.Collect$$$$00000001  mc_w.l(entry2.o)
    0x080000f0   0x080000f0   0x00000004   Code   RO         4634    .ARM.Collect$$$$00000004  mc_w.l(entry5.o)
    0x080000f4   0x080000f4   0x00000000   Code   RO         4636    .ARM.Collect$$$$00000008  mc_w.l(entry7b.o)
    0x080000f4   0x080000f4   0x00000000   Code   RO         4638    .ARM.Collect$$$$0000000A  mc_w.l(entry8b.o)
    0x080000f4   0x080000f4   0x00000008   Code   RO         4639    .ARM.Collect$$$$0000000B  mc_w.l(entry9a.o)
    0x080000fc   0x080000fc   0x00000004   Code   RO         4646    .ARM.Collect$$$$0000000E  mc_w.l(entry12b.o)
    0x08000100   0x08000100   0x00000000   Code   RO         4641    .ARM.Collect$$$$0000000F  mc_w.l(entry10a.o)
    0x08000100   0x08000100   0x00000000   Code   RO         4643    .ARM.Collect$$$$00000011  mc_w.l(entry11a.o)
    0x08000100   0x08000100   0x00000004   Code   RO         4632    .ARM.Collect$$$$00002712  mc_w.l(entry2.o)
    0x08000104   0x08000104   0x00000024   Code   RO            4    .text               startup_stm32f10x_md.o
    0x08000128   0x08000128   0x00000024   Code   RO         4362    .text               mc_w.l(memseta.o)
    0x0800014c   0x0800014c   0x0000000e   Code   RO         4364    .text               mc_w.l(strlen.o)
    0x0800015a   0x0800015a   0x0000001c   Code   RO         4366    .text               mc_w.l(strcmp.o)
    0x08000176   0x08000176   0x0000002c   Code   RO         4647    .text               mc_w.l(uidiv.o)
    0x080001a2   0x080001a2   0x00000062   Code   RO         4649    .text               mc_w.l(uldiv.o)
    0x08000204   0x08000204   0x00000000   Code   RO         4651    .text               mc_w.l(iusefp.o)
    0x08000204   0x08000204   0x0000014e   Code   RO         4652    .text               mf_w.l(dadd.o)
    0x08000352   0x08000352   0x000000e4   Code   RO         4654    .text               mf_w.l(dmul.o)
    0x08000436   0x08000436   0x000000de   Code   RO         4656    .text               mf_w.l(ddiv.o)
    0x08000514   0x08000514   0x00000030   Code   RO         4658    .text               mf_w.l(dfixul.o)
    0x08000544   0x08000544   0x00000030   Code   RO         4660    .text               mf_w.l(cdrcmple.o)
    0x08000574   0x08000574   0x00000024   Code   RO         4662    .text               mc_w.l(init.o)
    0x08000598   0x08000598   0x0000001e   Code   RO         4664    .text               mc_w.l(llshl.o)
    0x080005b6   0x080005b6   0x00000020   Code   RO         4666    .text               mc_w.l(llushr.o)
    0x080005d6   0x080005d6   0x00000024   Code   RO         4668    .text               mc_w.l(llsshr.o)
    0x080005fa   0x080005fa   0x000000ba   Code   RO         4670    .text               mf_w.l(depilogue.o)
    0x080006b4   0x080006b4   0x00000056   Code   RO         4680    .text               mc_w.l(__dczerorl2.o)
    0x0800070a   0x0800070a   0x00000004   Code   RO         3435    i.BusFault_Handler  stm32f10x_it.o
    0x0800070e   0x0800070e   0x00000002   Code   RO         3436    i.DebugMon_Handler  stm32f10x_it.o
    0x08000710   0x08000710   0x00000116   Code   RO         1347    i.GPIO_Init         stm32f10x_gpio.o
    0x08000826   0x08000826   0x00000004   Code   RO         1354    i.GPIO_ResetBits    stm32f10x_gpio.o
    0x0800082a   0x0800082a   0x00000004   Code   RO         1355    i.GPIO_SetBits      stm32f10x_gpio.o
    0x0800082e   0x0800082e   0x00000004   Code   RO         3437    i.HardFault_Handler  stm32f10x_it.o
    0x08000832   0x08000832   0x00000002   PAD
    0x08000834   0x08000834   0x0000002c   Code   RO         3498    i.LED_Init          led.o
    0x08000860   0x08000860   0x00000004   Code   RO         3438    i.MemManage_Handler  stm32f10x_it.o
    0x08000864   0x08000864   0x00000002   Code   RO         3439    i.NMI_Handler       stm32f10x_it.o
    0x08000866   0x08000866   0x00000002   PAD
    0x08000868   0x08000868   0x00000070   Code   RO          137    i.NVIC_Init         misc.o
    0x080008d8   0x080008d8   0x00000014   Code   RO          138    i.NVIC_PriorityGroupConfig  misc.o
    0x080008ec   0x080008ec   0x00000002   Code   RO         3440    i.PendSV_Handler    stm32f10x_it.o
    0x080008ee   0x080008ee   0x00000002   PAD
    0x080008f0   0x080008f0   0x00000020   Code   RO         1777    i.RCC_APB2PeriphClockCmd  stm32f10x_rcc.o
    0x08000910   0x08000910   0x000000d4   Code   RO         1785    i.RCC_GetClocksFreq  stm32f10x_rcc.o
    0x080009e4   0x080009e4   0x00000014   Code   RO         3510    i.SD_DisSelect      mmc_sd.o
    0x080009f8   0x080009f8   0x0000002a   Code   RO         3511    i.SD_GetCID         mmc_sd.o
    0x08000a22   0x08000a22   0x0000002a   Code   RO         3512    i.SD_GetCSD         mmc_sd.o
    0x08000a4c   0x08000a4c   0x00000026   Code   RO         3513    i.SD_GetResponse    mmc_sd.o
    0x08000a72   0x08000a72   0x00000002   PAD
    0x08000a74   0x08000a74   0x00000094   Code   RO         3514    i.SD_GetSectorCount  mmc_sd.o
    0x08000b08   0x08000b08   0x000001f8   Code   RO         3515    i.SD_Initialize     mmc_sd.o
    0x08000d00   0x08000d00   0x00000074   Code   RO         3516    i.SD_ReadDisk       mmc_sd.o
    0x08000d74   0x08000d74   0x00000038   Code   RO         3517    i.SD_RecvData       mmc_sd.o
    0x08000dac   0x08000dac   0x00000040   Code   RO         3518    i.SD_SPI_Init       mmc_sd.o
    0x08000dec   0x08000dec   0x0000000c   Code   RO         3519    i.SD_SPI_ReadWriteByte  mmc_sd.o
    0x08000df8   0x08000df8   0x0000000a   Code   RO         3520    i.SD_SPI_SpeedHigh  mmc_sd.o
    0x08000e02   0x08000e02   0x0000000a   Code   RO         3521    i.SD_SPI_SpeedLow   mmc_sd.o
    0x08000e0c   0x08000e0c   0x00000020   Code   RO         3522    i.SD_Select         mmc_sd.o
    0x08000e2c   0x08000e2c   0x00000052   Code   RO         3523    i.SD_SendBlock      mmc_sd.o
    0x08000e7e   0x08000e7e   0x00000078   Code   RO         3524    i.SD_SendCmd        mmc_sd.o
    0x08000ef6   0x08000ef6   0x00000022   Code   RO         3525    i.SD_WaitReady      mmc_sd.o
    0x08000f18   0x08000f18   0x00000090   Code   RO         3526    i.SD_WriteDisk      mmc_sd.o
    0x08000fa8   0x08000fa8   0x00000078   Code   RO         3631    i.SPI1_Init         spi.o
    0x08001020   0x08001020   0x00000054   Code   RO         3632    i.SPI1_ReadWriteByte  spi.o
    0x08001074   0x08001074   0x00000024   Code   RO         3633    i.SPI1_SetSpeed     spi.o
    0x08001098   0x08001098   0x00000018   Code   RO         2263    i.SPI_Cmd           stm32f10x_spi.o
    0x080010b0   0x080010b0   0x00000012   Code   RO         2271    i.SPI_I2S_GetFlagStatus  stm32f10x_spi.o
    0x080010c2   0x080010c2   0x00000006   Code   RO         2274    i.SPI_I2S_ReceiveData  stm32f10x_spi.o
    0x080010c8   0x080010c8   0x00000004   Code   RO         2275    i.SPI_I2S_SendData  stm32f10x_spi.o
    0x080010cc   0x080010cc   0x0000003c   Code   RO         2276    i.SPI_Init          stm32f10x_spi.o
    0x08001108   0x08001108   0x00000002   Code   RO         3441    i.SVC_Handler       stm32f10x_it.o
    0x0800110a   0x0800110a   0x00000008   Code   RO           24    i.SetSysClock       system_stm32f10x.o
    0x08001112   0x08001112   0x00000002   PAD
    0x08001114   0x08001114   0x000000e0   Code   RO           25    i.SetSysClockTo72   system_stm32f10x.o
    0x080011f4   0x080011f4   0x00000028   Code   RO          141    i.SysTick_CLKSourceConfig  misc.o
    0x0800121c   0x0800121c   0x00000002   Code   RO         3442    i.SysTick_Handler   stm32f10x_it.o
    0x0800121e   0x0800121e   0x00000002   PAD
    0x08001220   0x08001220   0x00000060   Code   RO           27    i.SystemInit        system_stm32f10x.o
    0x08001280   0x08001280   0x00000038   Code   RO         3256    i.USART1_IRQHandler  uart1.o
    0x080012b8   0x080012b8   0x0000003c   Code   RO         3297    i.USART2_IRQHandler  uart2.o
    0x080012f4   0x080012f4   0x0000003c   Code   RO         3334    i.USART3_IRQHandler  uart3.o
    0x08001330   0x08001330   0x00000018   Code   RO         2960    i.USART_Cmd         stm32f10x_usart.o
    0x08001348   0x08001348   0x0000001a   Code   RO         2963    i.USART_GetFlagStatus  stm32f10x_usart.o
    0x08001362   0x08001362   0x00000054   Code   RO         2964    i.USART_GetITStatus  stm32f10x_usart.o
    0x080013b6   0x080013b6   0x0000004a   Code   RO         2966    i.USART_ITConfig    stm32f10x_usart.o
    0x08001400   0x08001400   0x000000d8   Code   RO         2967    i.USART_Init        stm32f10x_usart.o
    0x080014d8   0x080014d8   0x0000000a   Code   RO         2974    i.USART_ReceiveData  stm32f10x_usart.o
    0x080014e2   0x080014e2   0x00000008   Code   RO         2977    i.USART_SendData    stm32f10x_usart.o
    0x080014ea   0x080014ea   0x00000004   Code   RO         3443    i.UsageFault_Handler  stm32f10x_it.o
    0x080014ee   0x080014ee   0x00000002   PAD
    0x080014f0   0x080014f0   0x00000020   Code   RO         4603    i.__0printf         mc_w.l(printfa.o)
    0x08001510   0x08001510   0x00000024   Code   RO         4609    i.__0vsprintf       mc_w.l(printfa.o)
    0x08001534   0x08001534   0x0000000e   Code   RO         4674    i.__scatterload_copy  mc_w.l(handlers.o)
    0x08001542   0x08001542   0x00000002   Code   RO         4675    i.__scatterload_null  mc_w.l(handlers.o)
    0x08001544   0x08001544   0x0000000e   Code   RO         4676    i.__scatterload_zeroinit  mc_w.l(handlers.o)
    0x08001552   0x08001552   0x00000002   PAD
    0x08001554   0x08001554   0x00000184   Code   RO         4610    i._fp_digits        mc_w.l(printfa.o)
    0x080016d8   0x080016d8   0x000006b4   Code   RO         4611    i._printf_core      mc_w.l(printfa.o)
    0x08001d8c   0x08001d8c   0x00000024   Code   RO         4612    i._printf_post_padding  mc_w.l(printfa.o)
    0x08001db0   0x08001db0   0x0000002e   Code   RO         4613    i._printf_pre_padding  mc_w.l(printfa.o)
    0x08001dde   0x08001dde   0x0000000a   Code   RO         4615    i._sputc            mc_w.l(printfa.o)
    0x08001de8   0x08001de8   0x00000090   Code   RO         3986    i.check_fs          ff.o
    0x08001e78   0x08001e78   0x00000014   Code   RO         3987    i.chk_chr           ff.o
    0x08001e8c   0x08001e8c   0x00000032   Code   RO         3988    i.clmt_clust        ff.o
    0x08001ebe   0x08001ebe   0x0000001a   Code   RO         3989    i.clust2sect        ff.o
    0x08001ed8   0x08001ed8   0x00000090   Code   RO         3990    i.cmp_lfn           ff.o
    0x08001f68   0x08001f68   0x000000d6   Code   RO         3991    i.create_chain      ff.o
    0x0800203e   0x0800203e   0x00000002   PAD
    0x08002040   0x08002040   0x00000230   Code   RO         3992    i.create_name       ff.o
    0x08002270   0x08002270   0x00000044   Code   RO         3196    i.delay_init        delay.o
    0x080022b4   0x080022b4   0x0000004c   Code   RO         3197    i.delay_ms          delay.o
    0x08002300   0x08002300   0x0000005c   Code   RO         3993    i.dir_alloc         ff.o
    0x0800235c   0x0800235c   0x000000de   Code   RO         3994    i.dir_find          ff.o
    0x0800243a   0x0800243a   0x00000110   Code   RO         3995    i.dir_next          ff.o
    0x0800254a   0x0800254a   0x0000012a   Code   RO         3997    i.dir_register      ff.o
    0x08002674   0x08002674   0x0000009e   Code   RO         3999    i.dir_sdi           ff.o
    0x08002712   0x08002712   0x00000038   Code   RO         3919    i.disk_initialize   diskio.o
    0x0800274a   0x0800274a   0x00000002   PAD
    0x0800274c   0x0800274c   0x000000a4   Code   RO         3920    i.disk_ioctl        diskio.o
    0x080027f0   0x080027f0   0x0000006a   Code   RO         3921    i.disk_read         diskio.o
    0x0800285a   0x0800285a   0x00000006   Code   RO         3922    i.disk_status       diskio.o
    0x08002860   0x08002860   0x00000056   Code   RO         3923    i.disk_write        diskio.o
    0x080028b6   0x080028b6   0x0000004a   Code   RO         3727    i.exf_getfree       exfuns.o
    0x08002900   0x08002900   0x00000074   Code   RO         3728    i.exfuns_init       exfuns.o
    0x08002974   0x08002974   0x00000020   Code   RO         4001    i.f_close           ff.o
    0x08002994   0x08002994   0x00000102   Code   RO         4003    i.f_getfree         ff.o
    0x08002a96   0x08002a96   0x00000002   PAD
    0x08002a98   0x08002a98   0x0000005c   Code   RO         4009    i.f_mount           ff.o
    0x08002af4   0x08002af4   0x0000016c   Code   RO         4010    i.f_open            ff.o
    0x08002c60   0x08002c60   0x000000b0   Code   RO         4020    i.f_sync            ff.o
    0x08002d10   0x08002d10   0x000001f2   Code   RO         4024    i.f_write           ff.o
    0x08002f02   0x08002f02   0x00000002   PAD
    0x08002f04   0x08002f04   0x0000004c   Code   RO         4330    i.ff_convert        ccsbcs.o
    0x08002f50   0x08002f50   0x00000038   Code   RO         4331    i.ff_wtoupper       ccsbcs.o
    0x08002f88   0x08002f88   0x00000388   Code   RO         4025    i.find_volume       ff.o
    0x08003310   0x08003310   0x00000080   Code   RO         4026    i.fit_lfn           ff.o
    0x08003390   0x08003390   0x00000090   Code   RO         4027    i.follow_path       ff.o
    0x08003420   0x08003420   0x0000001c   Code   RO         3258    i.fputc             uart1.o
    0x0800343c   0x0800343c   0x000000b0   Code   RO         4028    i.gen_numname       ff.o
    0x080034ec   0x080034ec   0x000000e8   Code   RO         4029    i.get_fat           ff.o
    0x080035d4   0x080035d4   0x00000004   Code   RO         3926    i.get_fattime       diskio.o
    0x080035d8   0x080035d8   0x0000004a   Code   RO         4031    i.get_ldnumber      ff.o
    0x08003622   0x08003622   0x00000020   Code   RO         4032    i.ld_clust          ff.o
    0x08003642   0x08003642   0x00000002   PAD
    0x08003644   0x08003644   0x0000025c   Code   RO         3362    i.main              main.o
    0x080038a0   0x080038a0   0x00000026   Code   RO         4033    i.mem_cmp           ff.o
    0x080038c6   0x080038c6   0x0000001a   Code   RO         4034    i.mem_cpy           ff.o
    0x080038e0   0x080038e0   0x0000002c   Code   RO         3659    i.mem_init          malloc.o
    0x0800390c   0x0800390c   0x00000078   Code   RO         3660    i.mem_malloc        malloc.o
    0x08003984   0x08003984   0x00000030   Code   RO         3661    i.mem_perused       malloc.o
    0x080039b4   0x080039b4   0x00000014   Code   RO         4035    i.mem_set           ff.o
    0x080039c8   0x080039c8   0x00000032   Code   RO         4036    i.move_window       ff.o
    0x080039fa   0x080039fa   0x00000002   PAD
    0x080039fc   0x080039fc   0x00000020   Code   RO         3663    i.mymalloc          malloc.o
    0x08003a1c   0x08003a1c   0x00000014   Code   RO         3665    i.mymemset          malloc.o
    0x08003a30   0x08003a30   0x00000136   Code   RO         4038    i.put_fat           ff.o
    0x08003b66   0x08003b66   0x0000006c   Code   RO         4040    i.remove_chain      ff.o
    0x08003bd2   0x08003bd2   0x00000010   Code   RO         4041    i.st_clust          ff.o
    0x08003be2   0x08003be2   0x00000020   Code   RO         4042    i.sum_sfn           ff.o
    0x08003c02   0x08003c02   0x000000c8   Code   RO         4043    i.sync_fs           ff.o
    0x08003cca   0x08003cca   0x0000004c   Code   RO         4044    i.sync_window       ff.o
    0x08003d16   0x08003d16   0x00000002   PAD
    0x08003d18   0x08003d18   0x00000050   Code   RO         3298    i.u2_printf         uart2.o
    0x08003d68   0x08003d68   0x00000050   Code   RO         3335    i.u3_printf         uart3.o
    0x08003db8   0x08003db8   0x000000a0   Code   RO         3259    i.uart1_init        uart1.o
    0x08003e58   0x08003e58   0x00000036   Code   RO         4045    i.validate          ff.o
    0x08003e8e   0x08003e8e   0x00000064   Data   RO         3363    .constdata          main.o
    0x08003ef2   0x08003ef2   0x000000ba   Data   RO         4047    .constdata          ff.o
    0x08003fac   0x08003fac   0x000004c0   Data   RO         4332    .constdata          ccsbcs.o
    0x0800446c   0x0800446c   0x00000064   Data   RO         3731    .conststring        exfuns.o
    0x080044d0   0x080044d0   0x00000020   Data   RO         4672    Region$$Table       anon$$obj.o


    Execution Region RW_IRAM1 (Exec base: 0x20000000, Load base: 0x080044f0, Size: 0x00004850, Max: 0x00005000, ABSOLUTE, COMPRESSED[0x0000007c])

    Exec Addr    Load Addr    Size         Type   Attr      Idx    E Section Name        Object

    0x20000000   COMPRESSED   0x00000014   Data   RW           28    .data               system_stm32f10x.o
    0x20000014   COMPRESSED   0x00000014   Data   RW         1805    .data               stm32f10x_rcc.o
    0x20000028   COMPRESSED   0x00000004   Data   RW         3199    .data               delay.o
    0x2000002c   COMPRESSED   0x00000008   Data   RW         3261    .data               uart1.o
    0x20000034   COMPRESSED   0x00000001   Data   RW         3527    .data               mmc_sd.o
    0x20000035   COMPRESSED   0x00000003   PAD
    0x20000038   COMPRESSED   0x00000014   Data   RW         3669    .data               malloc.o
    0x2000004c   COMPRESSED   0x00000154   Data   RW         3732    .data               exfuns.o
    0x200001a0   COMPRESSED   0x00000002   Data   RW         3927    .data               diskio.o
    0x200001a2   COMPRESSED   0x00000002   PAD
    0x200001a4   COMPRESSED   0x0000000a   Data   RW         4048    .data               ff.o
    0x200001ae   COMPRESSED   0x00000002   PAD
    0x200001b0        -       0x000000c8   Zero   RW         3260    .bss                uart1.o
    0x20000278        -       0x00000012   Zero   RW         3634    .bss                spi.o
    0x2000028a   COMPRESSED   0x00000002   PAD
    0x2000028c        -       0x00003fc0   Zero   RW         3667    .bss                malloc.o
    0x2000424c        -       0x00000200   Zero   RW         4046    .bss                ff.o
    0x2000444c   COMPRESSED   0x00000004   PAD
    0x20004450        -       0x00000400   Zero   RW            1    STACK               startup_stm32f10x_md.o


==============================================================================

Image component sizes


      Code (inc. data)   RO Data    RW Data    ZI Data      Debug   Object Name

       132         16       1216          0          0       2735   ccsbcs.o
         0          0          0          0          0       4500   core_cm3.o
       144         22          0          4          0       1424   delay.o
       422         10          0          2          0       6769   diskio.o
       190         16        100        340          0       5200   exfuns.o
      6240         74        186         10        512      39234   ff.o
        44          6          0          0          0        555   led.o
       604        232        100          0          0       4976   main.o
       264         20          0         20      16320       4822   malloc.o
       172         22          0          0          0     205813   misc.o
      1474        144          0          1          0      12650   mmc_sd.o
       240         28          0          0         18       2265   spi.o
        36          8        236          0       1024        880   startup_stm32f10x_md.o
         0          0          0          0          0       1752   stm32f10x_adc.o
       286          0          0          0          0      11680   stm32f10x_gpio.o
        26          0          0          0          0       4602   stm32f10x_it.o
       244         26          0         20          0      12917   stm32f10x_rcc.o
       112          0          0          0          0      11158   stm32f10x_spi.o
       442          6          0          0          0      12733   stm32f10x_usart.o
       328         28          0         20          0      32925   system_stm32f10x.o
       244         26          0          8        200       3961   uart1.o
       140         34          0          0          0       1864   uart2.o
       140         34          0          0          0       1304   uart3.o

    ----------------------------------------------------------------------
     11952        752       1870        432      18080     386719   Object Totals
         0          0         32          0          0          0   (incl. Generated)
        28          0          0          7          6          0   (incl. Padding)

    ----------------------------------------------------------------------

      Code (inc. data)   RO Data    RW Data    ZI Data      Debug   Library Member Name

        86          0          0          0          0          0   __dczerorl2.o
         0          0          0          0          0          0   entry.o
         0          0          0          0          0          0   entry10a.o
         0          0          0          0          0          0   entry11a.o
         4          0          0          0          0          0   entry12b.o
         8          4          0          0          0          0   entry2.o
         4          0          0          0          0          0   entry5.o
         0          0          0          0          0          0   entry7b.o
         0          0          0          0          0          0   entry8b.o
         8          4          0          0          0          0   entry9a.o
        30          0          0          0          0          0   handlers.o
        36          8          0          0          0         68   init.o
         0          0          0          0          0          0   iusefp.o
        30          0          0          0          0         68   llshl.o
        36          0          0          0          0         68   llsshr.o
        32          0          0          0          0         68   llushr.o
        36          0          0          0          0        108   memseta.o
      2264         96          0          0          0        612   printfa.o
        28          0          0          0          0         76   strcmp.o
        14          0          0          0          0         68   strlen.o
        44          0          0          0          0         80   uidiv.o
        98          0          0          0          0         92   uldiv.o
        48          0          0          0          0         68   cdrcmple.o
       334          0          0          0          0        148   dadd.o
       222          0          0          0          0        100   ddiv.o
       186          0          0          0          0        176   depilogue.o
        48          0          0          0          0         68   dfixul.o
       228          0          0          0          0         96   dmul.o

    ----------------------------------------------------------------------
      3826        112          0          0          0       1964   Library Totals
         2          0          0          0          0          0   (incl. Padding)

    ----------------------------------------------------------------------

      Code (inc. data)   RO Data    RW Data    ZI Data      Debug   Library Name

      2758        112          0          0          0       1308   mc_w.l
      1066          0          0          0          0        656   mf_w.l

    ----------------------------------------------------------------------
      3826        112          0          0          0       1964   Library Totals

    ----------------------------------------------------------------------

==============================================================================


      Code (inc. data)   RO Data    RW Data    ZI Data      Debug   

     15778        864       1870        432      18080     382207   Grand Totals
     15778        864       1870        124      18080     382207   ELF Image Totals (compressed)
     15778        864       1870        124          0          0   ROM Totals

==============================================================================

    Total RO  Size (Code + RO Data)                17648 (  17.23kB)
    Total RW  Size (RW Data + ZI Data)             18512 (  18.08kB)
    Total ROM Size (Code + RO Data + RW Data)      17772 (  17.36kB)

==============================================================================

