Component: ARM Compiler 5.06 update 7 (build 960) Tool: armlink [4d3601]

==============================================================================

Section Cross References

    main.o(.text) refers to misc.o(.text) for NVIC_PriorityGroupConfig
    main.o(.text) refers to delay.o(.text) for delay_init
    main.o(.text) refers to usart.o(.text) for uart_init
    main.o(.text) refers to exfuns.o(.text) for exfuns_init
    main.o(.text) refers to lcd.o(.text) for LCD_Init
    main.o(.text) refers to led.o(.text) for LED_Init
    main.o(.text) refers to malloc.o(.text) for mem_init
    main.o(.text) refers to mmc_sd.o(.text) for SD_Initialize
    main.o(.text) refers to ff.o(.text) for f_mount
    main.o(.text) refers to usmart_config.o(.data) for usmart_dev
    main.o(.text) refers to lcd.o(.data) for POINT_COLOR
    main.o(.text) refers to exfuns.o(.data) for fs
    system_stm32f10x.o(.text) refers to system_stm32f10x.o(.data) for SystemCoreClock
    led.o(.text) refers to stm32f10x_rcc.o(.text) for RCC_APB2PeriphClockCmd
    led.o(.text) refers to stm32f10x_gpio.o(.text) for GPIO_Init
    lcd.o(.text) refers to _printf_percent.o(.ARM.Collect$$_printf_percent$$00000000) for _printf_percent
    lcd.o(.text) refers to _printf_x.o(.ARM.Collect$$_printf_percent$$0000000C) for _printf_x
    lcd.o(.text) refers to _printf_hex_int.o(.text) for _printf_longlong_hex
    lcd.o(.text) refers to lcd.o(.bss) for lcddev
    lcd.o(.text) refers to dflt_clz.o(x$fpl$dfltu) for __aeabi_ui2d
    lcd.o(.text) refers to dmul.o(x$fpl$dmul) for __aeabi_dmul
    lcd.o(.text) refers to dfixu.o(x$fpl$dfixu) for __aeabi_d2uiz
    lcd.o(.text) refers to lcd.o(.data) for POINT_COLOR
    lcd.o(.text) refers to stm32f10x_rcc.o(.text) for RCC_APB2PeriphClockCmd
    lcd.o(.text) refers to stm32f10x_gpio.o(.text) for GPIO_PinRemapConfig
    lcd.o(.text) refers to delay.o(.text) for delay_ms
    lcd.o(.text) refers to noretval__2printf.o(.text) for __2printf
    lcd.o(.text) refers to lcd.o(.constdata) for asc2_1206
    key.o(.text) refers to stm32f10x_rcc.o(.text) for RCC_APB2PeriphClockCmd
    key.o(.text) refers to stm32f10x_gpio.o(.text) for GPIO_PinRemapConfig
    key.o(.text) refers to delay.o(.text) for delay_ms
    key.o(.text) refers to key.o(.data) for key_up
    spi.o(.text) refers to stm32f10x_spi.o(.text) for SPI_I2S_GetFlagStatus
    spi.o(.text) refers to stm32f10x_rcc.o(.text) for RCC_APB2PeriphClockCmd
    spi.o(.text) refers to stm32f10x_gpio.o(.text) for GPIO_Init
    spi.o(.text) refers to spi.o(.bss) for SPI_InitStructure
    mmc_sd.o(.text) refers to spi.o(.text) for SPI1_ReadWriteByte
    mmc_sd.o(.text) refers to stm32f10x_rcc.o(.text) for RCC_APB2PeriphClockCmd
    mmc_sd.o(.text) refers to stm32f10x_gpio.o(.text) for GPIO_Init
    mmc_sd.o(.text) refers to mmc_sd.o(.data) for SD_Type
    flash.o(.text) refers to spi.o(.text) for SPI1_ReadWriteByte
    flash.o(.text) refers to stm32f10x_rcc.o(.text) for RCC_APB2PeriphClockCmd
    flash.o(.text) refers to stm32f10x_gpio.o(.text) for GPIO_Init
    flash.o(.text) refers to delay.o(.text) for delay_us
    flash.o(.text) refers to flash.o(.data) for SPI_FLASH_TYPE
    flash.o(.text) refers to flash.o(.bss) for SPI_FLASH_BUF
    delay.o(.text) refers to misc.o(.text) for SysTick_CLKSourceConfig
    delay.o(.text) refers to system_stm32f10x.o(.data) for SystemCoreClock
    delay.o(.text) refers to delay.o(.data) for fac_us
    usart.o(.text) refers (Special) to use_no_semi_2.o(.text) for __use_no_semihosting
    usart.o(.text) refers to stm32f10x_rcc.o(.text) for RCC_APB2PeriphClockCmd
    usart.o(.text) refers to stm32f10x_gpio.o(.text) for GPIO_Init
    usart.o(.text) refers to misc.o(.text) for NVIC_Init
    usart.o(.text) refers to stm32f10x_usart.o(.text) for USART_Init
    usart.o(.text) refers to usart.o(.data) for USART_RX_STA
    usart.o(.text) refers to usart.o(.bss) for USART_RX_BUF
    usart.o(.bss) refers (Special) to use_no_semi_2.o(.text) for __use_no_semihosting
    usart.o(.data) refers (Special) to use_no_semi_2.o(.text) for __use_no_semihosting
    startup_stm32f10x_hd.o(STACK) refers (Special) to heapauxi.o(.text) for __use_two_region_memory
    startup_stm32f10x_hd.o(HEAP) refers (Special) to heapauxi.o(.text) for __use_two_region_memory
    startup_stm32f10x_hd.o(RESET) refers (Special) to heapauxi.o(.text) for __use_two_region_memory
    startup_stm32f10x_hd.o(RESET) refers to startup_stm32f10x_hd.o(STACK) for __initial_sp
    startup_stm32f10x_hd.o(RESET) refers to startup_stm32f10x_hd.o(.text) for Reset_Handler
    startup_stm32f10x_hd.o(RESET) refers to stm32f10x_it.o(.text) for NMI_Handler
    startup_stm32f10x_hd.o(RESET) refers to usmart.o(.text) for TIM4_IRQHandler
    startup_stm32f10x_hd.o(RESET) refers to usart.o(.text) for USART1_IRQHandler
    startup_stm32f10x_hd.o(.text) refers (Special) to heapauxi.o(.text) for __use_two_region_memory
    startup_stm32f10x_hd.o(.text) refers to system_stm32f10x.o(.text) for SystemInit
[...]
    .text                                    0x08007d30   Section        0  usmart_str.o(.text)
    .text                                    0x08008258   Section        0  exfuns.o(.text)
    .text                                    0x080083f0   Section        0  fattester.o(.text)
    .text                                    0x08008aa8   Section        0  diskio.o(.text)
    .text                                    0x08008ca0   Section        0  ff.o(.text)
    mem_cpy                                  0x08008ca1   Thumb Code    26  ff.o(.text)
    mem_set                                  0x08008cbb   Thumb Code    20  ff.o(.text)
    mem_cmp                                  0x08008ccf   Thumb Code    38  ff.o(.text)
    chk_chr                                  0x08008cf5   Thumb Code    20  ff.o(.text)
    sync_window                              0x08008d09   Thumb Code    76  ff.o(.text)
    move_window                              0x08008d55   Thumb Code    50  ff.o(.text)
    sync_fs                                  0x08008d87   Thumb Code   200  ff.o(.text)
    remove_chain                             0x08009087   Thumb Code   108  ff.o(.text)
    create_chain                             0x080090f3   Thumb Code   214  ff.o(.text)
    clmt_clust                               0x080091c9   Thumb Code    50  ff.o(.text)
    dir_sdi                                  0x080091fb   Thumb Code   158  ff.o(.text)
    dir_next                                 0x08009299   Thumb Code   272  ff.o(.text)
    dir_alloc                                0x080093a9   Thumb Code    92  ff.o(.text)
    ld_clust                                 0x08009405   Thumb Code    32  ff.o(.text)
    st_clust                                 0x08009425   Thumb Code    16  ff.o(.text)
    cmp_lfn                                  0x08009435   Thumb Code   138  ff.o(.text)
    pick_lfn                                 0x080094bf   Thumb Code   112  ff.o(.text)
    fit_lfn                                  0x0800952f   Thumb Code   122  ff.o(.text)
    gen_numname                              0x080095a9   Thumb Code   194  ff.o(.text)
    sum_sfn                                  0x0800966b   Thumb Code    32  ff.o(.text)
    dir_find                                 0x0800968b   Thumb Code   222  ff.o(.text)
    dir_read                                 0x08009769   Thumb Code   196  ff.o(.text)
    dir_register                             0x0800982d   Thumb Code   308  ff.o(.text)
    dir_remove                               0x08009961   Thumb Code   106  ff.o(.text)
    get_fileinfo                             0x080099cb   Thumb Code   268  ff.o(.text)
    create_name                              0x08009ad7   Thumb Code   604  ff.o(.text)
    follow_path                              0x08009d33   Thumb Code   144  ff.o(.text)
    get_ldnumber                             0x08009dc3   Thumb Code    74  ff.o(.text)
    check_fs                                 0x08009e0d   Thumb Code   140  ff.o(.text)
    find_volume                              0x08009e99   Thumb Code   916  ff.o(.text)
    validate                                 0x0800a22d   Thumb Code    54  ff.o(.text)
    putc_bfd                                 0x0800bbc7   Thumb Code    68  ff.o(.text)
    .text                                    0x0800bf38   Section        0  cc936.o(.text)
    .text                                    0x0800bfec   Section        2  use_no_semi_2.o(.text)
    .text                                    0x0800bff0   Section        0  noretval__2printf.o(.text)
    .text                                    0x0800c008   Section        0  _printf_pad.o(.text)
    .text                                    0x0800c056   Section        0  _printf_str.o(.text)
    .text                                    0x0800c0a8   Section        0  _printf_dec.o(.text)
    .text                                    0x0800c120   Section        0  _printf_hex_int.o(.text)
    .text                                    0x0800c178   Section        0  __printf_flags_ss_wp.o(.text)
    .text                                    0x0800c300   Section        0  strcpy.o(.text)
    .text                                    0x0800c348   Section      128  strcmpv7m.o(.text)
    .text                                    0x0800c3c8   Section        0  heapauxi.o(.text)
    .text                                    0x0800c3ce   Section        2  use_no_semi.o(.text)
    .text                                    0x0800c3d0   Section        0  _printf_intcommon.o(.text)
    .text                                    0x0800c482   Section        0  _printf_char.o(.text)
    .text                                    0x0800c4b0   Section        0  _printf_char_file.o(.text)
    .text                                    0x0800c4d4   Section        0  _printf_char_common.o(.text)
    _printf_input_char                       0x0800c4d5   Thumb Code    10  _printf_char_common.o(.text)
    .text                                    0x0800c504   Section        0  ferror.o(.text)
    .text                                    0x0800c50c   Section       74  sys_stackheap_outer.o(.text)
    .text                                    0x0800c556   Section        0  exit.o(.text)
    .text                                    0x0800c568   Section        8  libspace.o(.text)
    i._is_digit                              0x0800c570   Section        0  __printf_wp.o(i._is_digit)
    x$fpl$dfixu                              0x0800c580   Section       90  dfixu.o(x$fpl$dfixu)
    x$fpl$dfltu                              0x0800c5da   Section       38  dflt_clz.o(x$fpl$dfltu)
    x$fpl$dmul                               0x0800c600   Section      340  dmul.o(x$fpl$dmul)
    x$fpl$dnaninf                            0x0800c754   Section      156  dnaninf.o(x$fpl$dnaninf)
    x$fpl$dretinf                            0x0800c7f0   Section       12  dretinf.o(x$fpl$dretinf)
    .constdata                               0x0800c7fc   Section     6080  lcd.o(.constdata)
    x$fpl$usenofp                            0x0800c7fc   Section        0  usenofp.o(x$fpl$usenofp)
    .constdata                               0x0800dfbc   Section       58  ff.o(.constdata)
    LfnOfs                                   0x0800dfbc   Data          13  ff.o(.constdata)
    vst                                      0x0800dfca   Data          22  ff.o(.constdata)
    cst                                      0x0800dfe0   Data          22  ff.o(.constdata)
    .constdata                               0x0800dff6   Section    175304  cc936.o(.constdata)
    uni2oem                                  0x0800dff6   Data       87172  cc936.o(.constdata)
    oem2uni                                  0x0802347a   Data       87172  cc936.o(.constdata)
    tbl_lower                                0x080388fe   Data         480  cc936.o(.constdata)
    tbl_upper                                0x08038ade   Data         480  cc936.o(.constdata)
    .constdata                               0x08038cbe   Section       40  _printf_hex_int.o(.constdata)
    uc_hextab                                0x08038cbe   Data          20  _printf_hex_int.o(.constdata)
    lc_hextab                                0x08038cd2   Data          20  _printf_hex_int.o(.constdata)
    .constdata                               0x08038ce6   Section       17  __printf_flags_ss_wp.o(.constdata)
    maptable                                 0x08038ce6   Data          17  __printf_flags_ss_wp.o(.constdata)
    .conststring                             0x08038cf8   Section       40  usmart.o(.conststring)
    .conststring                             0x08038d20   Section      665  usmart_config.o(.conststring)
    .conststring                             0x08038fbc   Section      100  exfuns.o(.conststring)
    .data                                    0x20000000   Section       20  system_stm32f10x.o(.data)
    .data                                    0x20000014   Section        4  lcd.o(.data)
    .data                                    0x20000018   Section        1  mmc_sd.o(.data)
    .data                                    0x2000001a   Section        2  flash.o(.data)
    .data                                    0x2000001c   Section        4  delay.o(.data)
    fac_us                                   0x2000001c   Data           1  delay.o(.data)
    fac_ms                                   0x2000001e   Data           2  delay.o(.data)
    .data                                    0x20000020   Section        6  usart.o(.data)
    .data                                    0x20000026   Section       20  stm32f10x_rcc.o(.data)
    APBAHBPrescTable                         0x20000026   Data          16  stm32f10x_rcc.o(.data)
    ADCPrescTable                            0x20000036   Data           4  stm32f10x_rcc.o(.data)
    .data                                    0x2000003c   Section       20  malloc.o(.data)
    .data                                    0x20000050   Section       28  usmart.o(.data)
    .data                                    0x2000006c   Section      452  usmart_config.o(.data)
    .data                                    0x20000230   Section      340  exfuns.o(.data)
    .data                                    0x20000384   Section        2  diskio.o(.data)
    .data                                    0x20000388   Section       10  ff.o(.data)
    FatFs                                    0x20000388   Data           8  ff.o(.data)
    Fsid                                     0x20000390   Data           2  ff.o(.data)
    .bss                                     0x20000394   Section       14  lcd.o(.bss)
    .bss                                     0x200003a2   Section       18  spi.o(.bss)
    .bss                                     0x200003b4   Section     4096  flash.o(.bss)
    .bss                                     0x200013b4   Section      200  usart.o(.bss)
    .bss                                     0x2000147c   Section    38080  malloc.o(.bss)
    .bss                                     0x2000a93c   Section       68  exfuns.o(.bss)
    .bss                                     0x2000a980   Section       96  libspace.o(.bss)
    HEAP                                     0x2000a9e0   Section      512  startup_stm32f10x_hd.o(HEAP)
    Heap_Mem                                 0x2000a9e0   Data         512  startup_stm32f10x_hd.o(HEAP)
    STACK                                    0x2000abe0   Section     1024  startup_stm32f10x_hd.o(STACK)
    Stack_Mem                                0x2000abe0   Data        1024  startup_stm32f10x_hd.o(STACK)
    __initial_sp                             0x2000afe0   Data           0  startup_stm32f10x_hd.o(STACK)

    Global Symbols

    Symbol Name                              Value     Ov Type        Size  Object(Section)

    BuildAttributes$$THM_ISAv4$P$D$K$B$S$PE$A:L22UL41UL21$X:L11$S22US41US21$IEEE1$IW$USESV6$~STKCKD$USESV7$~SHL$OSPACE$ROPI$EBA8$UX$STANDARDLIB$REQ8$PRES8$EABIv2 0x00000000   Number         0  anon$$obj.o ABSOLUTE
    __ARM_use_no_argv                        0x00000000   Number         0  main.o ABSOLUTE
    _printf_flags                            0x00000000   Number         0  printf_stubs.o ABSOLUTE
    _printf_return_value                     0x00000000   Number         0  printf_stubs.o ABSOLUTE
    _printf_sizespec                         0x00000000   Number         0  printf_stubs.o ABSOLUTE
    _printf_widthprec                        0x00000000   Number         0  printf_stubs.o ABSOLUTE
    __ARM_exceptions_init                     - Undefined Weak Reference
    __alloca_initialize                       - Undefined Weak Reference
    __arm_fini_                               - Undefined Weak Reference
    __arm_preinit_                            - Undefined Weak Reference
    __cpp_initialize__aeabi_                  - Undefined Weak Reference
    __cxa_finalize                            - Undefined Weak Reference
    __rt_locale                               - Undefined Weak Reference
    __sigvec_lookup                           - Undefined Weak Reference
    _atexit_init                              - Undefined Weak Reference
    _call_atexit_fns                          - Undefined Weak Reference
    _clock_init                               - Undefined Weak Reference
    _fp_trap_init                             - Undefined Weak Reference
    _fp_trap_shutdown                         - Undefined Weak Reference
    _get_lc_collate                           - Undefined Weak Reference
    _get_lc_ctype                             - Undefined Weak Reference
    _get_lc_monetary                          - Undefined Weak Reference
    _get_lc_numeric                           - Undefined Weak Reference
    _get_lc_time                              - Undefined Weak Reference
    _getenv_init                              - Undefined Weak Reference
    _handle_redirection                       - Undefined Weak Reference
    _init_alloc                               - Undefined Weak Reference
    _init_user_alloc                          - Undefined Weak Reference
    _initio                                   - Undefined Weak Reference
    _mutex_acquire                            - Undefined Weak Reference
    _mutex_release                            - Undefined Weak Reference
    _printf_mbtowc                            - Undefined Weak Reference
    _printf_truncate_signed                   - Undefined Weak Reference
    _printf_truncate_unsigned                 - Undefined Weak Reference
    _rand_init                                - Undefined Weak Reference
    _signal_finish                            - Undefined Weak Reference
    _signal_init                              - Undefined Weak Reference
    _terminate_alloc                          - Undefined Weak Reference
    _terminate_user_alloc                     - Undefined Weak Reference
    _terminateio                              - Undefined Weak Reference
    __Vectors_Size                           0x00000130   Number         0  startup_stm32f10x_hd.o ABSOLUTE
    __Vectors                                0x08000000   Data           4  startup_stm32f10x_hd.o(RESET)
    __Vectors_End                            0x08000130   Data           0  startup_stm32f10x_hd.o(RESET)
    __main                                   0x08000131   Thumb Code     8  __main.o(!!!main)
    __scatterload                            0x08000139   Thumb Code     0  __scatter.o(!!!scatter)
    __scatterload_rt2                        0x08000139   Thumb Code    44  __scatter.o(!!!scatter)
    __scatterload_rt2_thumb_only             0x08000139   Thumb Code     0  __scatter.o(!!!scatter)
    __scatterload_null                       0x08000147   Thumb Code     0  __scatter.o(!!!scatter)
    __decompress                             0x0800016d   Thumb Code    90  __dczerorl2.o(!!dczerorl2)
    __decompress1                            0x0800016d   Thumb Code     0  __dczerorl2.o(!!dczerorl2)
    __scatterload_zeroinit                   0x080001c9   Thumb Code    28  __scatter_zi.o(!!handler_zi)
    _printf_d                                0x080001e5   Thumb Code     0  _printf_d.o(.ARM.Collect$$_printf_percent$$00000009)
    _printf_percent                          0x080001e5   Thumb Code     0  _printf_percent.o(.ARM.Collect$$_printf_percent$$00000000)
    _printf_u                                0x080001eb   Thumb Code     0  _printf_u.o(.ARM.Collect$$_printf_percent$$0000000A)
    _printf_x                                0x080001f1   Thumb Code     0  _printf_x.o(.ARM.Collect$$_printf_percent$$0000000C)
    _printf_c                                0x080001f7   Thumb Code     0  _printf_c.o(.ARM.Collect$$_printf_percent$$00000013)
    _printf_s                                0x080001fd   Thumb Code     0  _printf_s.o(.ARM.Collect$$_printf_percent$$00000014)
    _printf_percent_end                      0x08000203   Thumb Code     0  _printf_percent_end.o(.ARM.Collect$$_printf_percent$$00000017)
    __rt_lib_init                            0x08000207   Thumb Code     0  libinit.o(.ARM.Collect$$libinit$$00000000)
    __rt_lib_init_alloca_1                   0x08000209   Thumb Code     0  libinit2.o(.ARM.Collect$$libinit$$0000002E)
    __rt_lib_init_argv_1                     0x08000209   Thumb Code     0  libinit2.o(.ARM.Collect$$libinit$$0000002C)
    __rt_lib_init_atexit_1                   0x08000209   Thumb Code     0  libinit2.o(.ARM.Collect$$libinit$$0000001B)
    __rt_lib_init_clock_1                    0x08000209   Thumb Code     0  libinit2.o(.ARM.Collect$$libinit$$00000021)
    __rt_lib_init_cpp_1                      0x08000209   Thumb Code     0  libinit2.o(.ARM.Collect$$libinit$$00000032)
    __rt_lib_init_exceptions_1               0x08000209   Thumb Code     0  libinit2.o(.ARM.Collect$$libinit$$00000030)
    __rt_lib_init_fp_1                       0x08000209   Thumb Code     0  libinit2.o(.ARM.Collect$$libinit$$00000002)
    __rt_lib_init_fp_trap_1                  0x08000209   Thumb Code     0  libinit2.o(.ARM.Collect$$libinit$$0000001F)
    __rt_lib_init_getenv_1                   0x08000209   Thumb Code     0  libinit2.o(.ARM.Collect$$libinit$$00000023)
    __rt_lib_init_heap_1                     0x08000209   Thumb Code     0  libinit2.o(.ARM.Collect$$libinit$$0000000A)
    __rt_lib_init_lc_collate_1               0x08000209   Thumb Code     0  libinit2.o(.ARM.Collect$$libinit$$00000011)
    __rt_lib_init_lc_ctype_1                 0x08000209   Thumb Code     0  libinit2.o(.ARM.Collect$$libinit$$00000013)
    __rt_lib_init_lc_monetary_1              0x08000209   Thumb Code     0  libinit2.o(.ARM.Collect$$libinit$$00000015)
    __rt_lib_init_lc_numeric_1               0x08000209   Thumb Code     0  libinit2.o(.ARM.Collect$$libinit$$00000017)
    __rt_lib_init_lc_time_1                  0x08000209   Thumb Code     0  libinit2.o(.ARM.Collect$$libinit$$00000019)
    __rt_lib_init_preinit_1                  0x08000209   Thumb Code     0  libinit2.o(.ARM.Collect$$libinit$$00000004)
    __rt_lib_init_rand_1                     0x08000209   Thumb Code     0  libinit2.o(.ARM.Collect$$libinit$$0000000E)
    __rt_lib_init_return                     0x08000209   Thumb Code     0  libinit2.o(.ARM.Collect$$libinit$$00000033)
    __rt_lib_init_signal_1                   0x08000209   Thumb Code     0  libinit2.o(.ARM.Collect$$libinit$$0000001D)
    __rt_lib_init_stdio_1                    0x08000209   Thumb Code     0  libinit2.o(.ARM.Collect$$libinit$$00000025)
    __rt_lib_init_user_alloc_1               0x08000209   Thumb Code     0  libinit2.o(.ARM.Collect$$libinit$$0000000C)
    __rt_lib_shutdown                        0x0800020b   Thumb Code     0  libshutdown.o(.ARM.Collect$$libshutdown$$00000000)
    __rt_lib_shutdown_cpp_1                  0x0800020d   Thumb Code     0  libshutdown2.o(.ARM.Collect$$libshutdown$$00000004)
    __rt_lib_shutdown_fini_1                 0x0800020d   Thumb Code     0  libshutdown2.o(.ARM.Collect$$libshutdown$$00000002)
    __rt_lib_shutdown_fp_trap_1              0x0800020d   Thumb Code     0  libshutdown2.o(.ARM.Collect$$libshutdown$$00000009)
    __rt_lib_shutdown_heap_1                 0x0800020d   Thumb Code     0  libshutdown2.o(.ARM.Collect$$libshutdown$$00000011)
    __rt_lib_shutdown_return                 0x0800020d   Thumb Code     0  libshutdown2.o(.ARM.Collect$$libshutdown$$00000012)
    __rt_lib_shutdown_signal_1               0x0800020d   Thumb Code     0  libshutdown2.o(.ARM.Collect$$libshutdown$$0000000C)
    __rt_lib_shutdown_stdio_1                0x0800020d   Thumb Code     0  libshutdown2.o(.ARM.Collect$$libshutdown$$00000006)
    __rt_lib_shutdown_user_alloc_1           0x0800020d   Thumb Code     0  libshutdown2.o(.ARM.Collect$$libshutdown$$0000000E)
    __rt_entry                               0x0800020f   Thumb Code     0  __rtentry.o(.ARM.Collect$$rtentry$$00000000)
    __rt_entry_presh_1                       0x0800020f   Thumb Code     0  __rtentry2.o(.ARM.Collect$$rtentry$$00000002)
    __rt_entry_sh                            0x0800020f   Thumb Code     0  __rtentry4.o(.ARM.Collect$$rtentry$$00000004)
    __rt_entry_li                            0x08000215   Thumb Code     0  __rtentry2.o(.ARM.Collect$$rtentry$$0000000A)
    __rt_entry_postsh_1                      0x08000215   Thumb Code     0  __rtentry2.o(.ARM.Collect$$rtentry$$00000009)
    __rt_entry_main                          0x08000219   Thumb Code     0  __rtentry2.o(.ARM.Collect$$rtentry$$0000000D)
    __rt_entry_postli_1                      0x08000219   Thumb Code     0  __rtentry2.o(.ARM.Collect$$rtentry$$0000000C)
    __rt_exit                                0x08000221   Thumb Code     0  rtexit.o(.ARM.Collect$$rtexit$$00000000)
    __rt_exit_ls                             0x08000223   Thumb Code     0  rtexit2.o(.ARM.Collect$$rtexit$$00000003)
    __rt_exit_prels_1                        0x08000223   Thumb Code     0  rtexit2.o(.ARM.Collect$$rtexit$$00000002)
    __rt_exit_exit                           0x08000227   Thumb Code     0  rtexit2.o(.ARM.Collect$$rtexit$$00000004)
    main                                     0x0800022d   Thumb Code   474  main.o(.text)
    NMI_Handler                              0x080004c9   Thumb Code     2  stm32f10x_it.o(.text)
    HardFault_Handler                        0x080004cb   Thumb Code     4  stm32f10x_it.o(.text)
    MemManage_Handler                        0x080004cf   Thumb Code     4  stm32f10x_it.o(.text)
    BusFault_Handler                         0x080004d3   Thumb Code     4  stm32f10x_it.o(.text)
    UsageFault_Handler                       0x080004d7   Thumb Code     4  stm32f10x_it.o(.text)
    SVC_Handler                              0x080004db   Thumb Code     2  stm32f10x_it.o(.text)
    DebugMon_Handler                         0x080004dd   Thumb Code     2  stm32f10x_it.o(.text)
    PendSV_Handler                           0x080004df   Thumb Code     2  stm32f10x_it.o(.text)
    SysTick_Handler                          0x080004e1   Thumb Code     2  stm32f10x_it.o(.text)
    SystemInit                               0x080005c3   Thumb Code    78  system_stm32f10x.o(.text)
    SystemCoreClockUpdate                    0x08000611   Thumb Code   142  system_stm32f10x.o(.text)
    LED_Init                                 0x080006c5   Thumb Code    72  led.o(.text)
    LCD_WR_REG                               0x08000715   Thumb Code    28  lcd.o(.text)
    LCD_WR_DATAX                             0x08000731   Thumb Code    28  lcd.o(.text)
    opt_delay                                0x0800074d   Thumb Code    14  lcd.o(.text)
    LCD_RD_DATA                              0x0800075b   Thumb Code    86  lcd.o(.text)
    LCD_WriteReg                             0x080007b1   Thumb Code    40  lcd.o(.text)
    LCD_ReadReg                              0x080007d9   Thumb Code    16  lcd.o(.text)
    LCD_WriteRAM_Prepare                     0x080007e9   Thumb Code    12  lcd.o(.text)
    LCD_WriteRAM                             0x080007f5   Thumb Code    28  lcd.o(.text)
    LCD_BGR2RGB                              0x08000811   Thumb Code    26  lcd.o(.text)
    LCD_SetCursor                            0x0800082b   Thumb Code   734  lcd.o(.text)
    LCD_ReadPoint                            0x08000b09   Thumb Code   126  lcd.o(.text)
    LCD_DisplayOn                            0x08000b87   Thumb Code    32  lcd.o(.text)
    LCD_DisplayOff                           0x08000ba7   Thumb Code    32  lcd.o(.text)
    LCD_Scan_Dir                             0x08000bc7   Thumb Code   930  lcd.o(.text)
    LCD_DrawPoint                            0x08000f69   Thumb Code    52  lcd.o(.text)
    LCD_Fast_DrawPoint                       0x08000f9d   Thumb Code   630  lcd.o(.text)
    LCD_SSD_BackLightSet                     0x08001213   Thumb Code   198  lcd.o(.text)
    LCD_Display_Dir                          0x080012d9   Thumb Code   320  lcd.o(.text)
    LCD_Set_Window                           0x08001419   Thumb Code   910  lcd.o(.text)
    LCD_Clear                                0x080017a7   Thumb Code    64  lcd.o(.text)
    LCD_Init                                 0x080017e7   Thumb Code 10586  lcd.o(.text)
    LCD_Fill                                 0x08004141   Thumb Code   102  lcd.o(.text)
    LCD_Color_Fill                           0x080041a7   Thumb Code   116  lcd.o(.text)
    LCD_DrawLine                             0x0800421b   Thumb Code   176  lcd.o(.text)
    LCD_DrawRectangle                        0x080042cb   Thumb Code    60  lcd.o(.text)
    LCD_Draw_Circle                          0x08004307   Thumb Code   152  lcd.o(.text)
    LCD_ShowChar                             0x0800439f   Thumb Code   298  lcd.o(.text)
    LCD_Pow                                  0x080044c9   Thumb Code    22  lcd.o(.text)
    LCD_ShowNum                              0x080044df   Thumb Code   148  lcd.o(.text)
    LCD_ShowxNum                             0x08004573   Thumb Code   190  lcd.o(.text)
    LCD_ShowString                           0x08004631   Thumb Code   102  lcd.o(.text)
    SPI1_ReadWriteByte                       0x080046a5   Thumb Code    78  spi.o(.text)
    SPI1_Init                                0x080046f3   Thumb Code   108  spi.o(.text)
    SPI1_SetSpeed                            0x0800475f   Thumb Code    26  spi.o(.text)
    SD_SPI_ReadWriteByte                     0x08004785   Thumb Code    12  mmc_sd.o(.text)
    SD_SPI_SpeedLow                          0x08004791   Thumb Code    10  mmc_sd.o(.text)
    SD_SPI_SpeedHigh                         0x0800479b   Thumb Code    10  mmc_sd.o(.text)
    SD_SPI_Init                              0x080047a5   Thumb Code    56  mmc_sd.o(.text)
    SD_DisSelect                             0x080047dd   Thumb Code    16  mmc_sd.o(.text)
    SD_WaitReady                             0x080047ed   Thumb Code    34  mmc_sd.o(.text)
    SD_Select                                0x0800480f   Thumb Code    26  mmc_sd.o(.text)
    SD_GetResponse                           0x08004829   Thumb Code    38  mmc_sd.o(.text)
    SD_RecvData                              0x0800484f   Thumb Code    56  mmc_sd.o(.text)
    SD_SendBlock                             0x08004887   Thumb Code    82  mmc_sd.o(.text)
    SD_SendCmd                               0x080048d9   Thumb Code   120  mmc_sd.o(.text)
    SD_GetCID                                0x08004951   Thumb Code    42  mmc_sd.o(.text)
    SD_GetCSD                                0x0800497b   Thumb Code    42  mmc_sd.o(.text)
    SD_GetSectorCount                        0x080049a5   Thumb Code   118  mmc_sd.o(.text)
    SD_Initialize                            0x08004a1b   Thumb Code   398  mmc_sd.o(.text)
    SD_ReadDisk                              0x08004ba9   Thumb Code   112  mmc_sd.o(.text)
    SD_WriteDisk                             0x08004c19   Thumb Code   140  mmc_sd.o(.text)
    SPI_Flash_ReadID                         0x08004ca9   Thumb Code    64  flash.o(.text)
    SPI_Flash_Init                           0x08004ce9   Thumb Code    64  flash.o(.text)
    SPI_Flash_ReadSR                         0x08004d29   Thumb Code    36  flash.o(.text)
    SPI_FLASH_Write_SR                       0x08004d4d   Thumb Code    32  flash.o(.text)
    SPI_FLASH_Write_Enable                   0x08004d6d   Thumb Code    24  flash.o(.text)
    SPI_FLASH_Write_Disable                  0x08004d85   Thumb Code    24  flash.o(.text)
    SPI_Flash_Read                           0x08004d9d   Thumb Code    74  flash.o(.text)
    SPI_Flash_Wait_Busy                      0x08004de7   Thumb Code    18  flash.o(.text)
    SPI_Flash_Write_Page                     0x08004df9   Thumb Code    80  flash.o(.text)
    SPI_Flash_Write_NoCheck                  0x08004e49   Thumb Code    70  flash.o(.text)
    SPI_Flash_Erase_Sector                   0x08004e8f   Thumb Code    62  flash.o(.text)
    SPI_Flash_Write                          0x08004ecd   Thumb Code   176  flash.o(.text)
    SPI_Flash_Erase_Chip                     0x08004f7d   Thumb Code    36  flash.o(.text)
    SPI_Flash_PowerDown                      0x08004fa1   Thumb Code    30  flash.o(.text)
    SPI_Flash_WAKEUP                         0x08004fbf   Thumb Code    30  flash.o(.text)
    delay_init                               0x08004ff1   Thumb Code    50  delay.o(.text)
    delay_us                                 0x08005023   Thumb Code    72  delay.o(.text)
    delay_ms                                 0x0800506b   Thumb Code    72  delay.o(.text)
    _sys_exit                                0x080050c5   Thumb Code     4  usart.o(.text)
    fputc                                    0x080050c9   Thumb Code    24  usart.o(.text)
    uart_init                                0x080050e1   Thumb Code   152  usart.o(.text)
    USART1_IRQHandler                        0x08005179   Thumb Code   122  usart.o(.text)
    Reset_Handler                            0x08005205   Thumb Code     8  startup_stm32f10x_hd.o(.text)
    ADC1_2_IRQHandler                        0x0800521f   Thumb Code     0  startup_stm32f10x_hd.o(.text)
    ADC3_IRQHandler                          0x0800521f   Thumb Code     0  startup_stm32f10x_hd.o(.text)
    CAN1_RX1_IRQHandler                      0x0800521f   Thumb Code     0  startup_stm32f10x_hd.o(.text)
    CAN1_SCE_IRQHandler                      0x0800521f   Thumb Code     0  startup_stm32f10x_hd.o(.text)
    DMA1_Channel1_IRQHandler                 0x0800521f   Thumb Code     0  startup_stm32f10x_hd.o(.text)
    DMA1_Channel2_IRQHandler                 0x0800521f   Thumb Code     0  startup_stm32f10x_hd.o(.text)
    DMA1_Channel3_IRQHandler                 0x0800521f   Thumb Code     0  startup_stm32f10x_hd.o(.text)
    DMA1_Channel4_IRQHandler                 0x0800521f   Thumb Code     0  startup_stm32f10x_hd.o(.text)
    DMA1_Channel5_IRQHandler                 0x0800521f   Thumb Code     0  startup_stm32f10x_hd.o(.text)
    DMA1_Channel6_IRQHandler                 0x0800521f   Thumb Code     0  startup_stm32f10x_hd.o(.text)
    DMA1_Channel7_IRQHandler                 0x0800521f   Thumb Code     0  startup_stm32f10x_hd.o(.text)
    DMA2_Channel1_IRQHandler                 0x0800521f   Thumb Code     0  startup_stm32f10x_hd.o(.text)
    DMA2_Channel2_IRQHandler                 0x0800521f   Thumb Code     0  startup_stm32f10x_hd.o(.text)
    DMA2_Channel3_IRQHandler                 0x0800521f   Thumb Code     0  startup_stm32f10x_hd.o(.text)
    DMA2_Channel4_5_IRQHandler               0x0800521f   Thumb Code     0  startup_stm32f10x_hd.o(.text)
    EXTI0_IRQHandler                         0x0800521f   Thumb Code     0  startup_stm32f10x_hd.o(.text)
    EXTI15_10_IRQHandler                     0x0800521f   Thumb Code     0  startup_stm32f10x_hd.o(.text)
    EXTI1_IRQHandler                         0x0800521f   Thumb Code     0  startup_stm32f10x_hd.o(.text)
    EXTI2_IRQHandler                         0x0800521f   Thumb Code     0  startup_stm32f10x_hd.o(.text)
    EXTI3_IRQHandler                         0x0800521f   Thumb Code     0  startup_stm32f10x_hd.o(.text)
    EXTI4_IRQHandler                         0x0800521f   Thumb Code     0  startup_stm32f10x_hd.o(.text)
    EXTI9_5_IRQHandler                       0x0800521f   Thumb Code     0  startup_stm32f10x_hd.o(.text)
    FLASH_IRQHandler                         0x0800521f   Thumb Code     0  startup_stm32f10x_hd.o(.text)
    FSMC_IRQHandler                          0x0800521f   Thumb Code     0  startup_stm32f10x_hd.o(.text)
    I2C1_ER_IRQHandler                       0x0800521f   Thumb Code     0  startup_stm32f10x_hd.o(.text)
    I2C1_EV_IRQHandler                       0x0800521f   Thumb Code     0  startup_stm32f10x_hd.o(.text)
    I2C2_ER_IRQHandler                       0x0800521f   Thumb Code     0  startup_stm32f10x_hd.o(.text)
    I2C2_EV_IRQHandler                       0x0800521f   Thumb Code     0  startup_stm32f10x_hd.o(.text)
    PVD_IRQHandler                           0x0800521f   Thumb Code     0  startup_stm32f10x_hd.o(.text)
    RCC_IRQHandler                           0x0800521f   Thumb Code     0  startup_stm32f10x_hd.o(.text)
    RTCAlarm_IRQHandler                      0x0800521f   Thumb Code     0  startup_stm32f10x_hd.o(.text)
    RTC_IRQHandler                           0x0800521f   Thumb Code     0  startup_stm32f10x_hd.o(.text)
    SDIO_IRQHandler                          0x0800521f   Thumb Code     0  startup_stm32f10x_hd.o(.text)
    SPI1_IRQHandler                          0x0800521f   Thumb Code     0  startup_stm32f10x_hd.o(.text)
    SPI2_IRQHandler                          0x0800521f   Thumb Code     0  startup_stm32f10x_hd.o(.text)
    SPI3_IRQHandler                          0x0800521f   Thumb Code     0  startup_stm32f10x_hd.o(.text)
    TAMPER_IRQHandler                        0x0800521f   Thumb Code     0  startup_stm32f10x_hd.o(.text)
    TIM1_BRK_IRQHandler                      0x0800521f   Thumb Code     0  startup_stm32f10x_hd.o(.text)
    TIM1_CC_IRQHandler                       0x0800521f   Thumb Code     0  startup_stm32f10x_hd.o(.text)
    TIM1_TRG_COM_IRQHandler                  0x0800521f   Thumb Code     0  startup_stm32f10x_hd.o(.text)
    TIM1_UP_IRQHandler                       0x0800521f   Thumb Code     0  startup_stm32f10x_hd.o(.text)
    TIM2_IRQHandler                          0x0800521f   Thumb Code     0  startup_stm32f10x_hd.o(.text)
    TIM3_IRQHandler                          0x0800521f   Thumb Code     0  startup_stm32f10x_hd.o(.text)
    TIM5_IRQHandler                          0x0800521f   Thumb Code     0  startup_stm32f10x_hd.o(.text)
    TIM6_IRQHandler                          0x0800521f   Thumb Code     0  startup_stm32f10x_hd.o(.text)
    TIM7_IRQHandler                          0x0800521f   Thumb Code     0  startup_stm32f10x_hd.o(.text)
    TIM8_BRK_IRQHandler                      0x0800521f   Thumb Code     0  startup_stm32f10x_hd.o(.text)
    TIM8_CC_IRQHandler                       0x0800521f   Thumb Code     0  startup_stm32f10x_hd.o(.text)
    TIM8_TRG_COM_IRQHandler                  0x0800521f   Thumb Code     0  startup_stm32f10x_hd.o(.text)
    TIM8_UP_IRQHandler                       0x0800521f   Thumb Code     0  startup_stm32f10x_hd.o(.text)
    UART4_IRQHandler                         0x0800521f   Thumb Code     0  startup_stm32f10x_hd.o(.text)
    UART5_IRQHandler                         0x0800521f   Thumb Code     0  startup_stm32f10x_hd.o(.text)
    USART2_IRQHandler                        0x0800521f   Thumb Code     0  startup_stm32f10x_hd.o(.text)
    USART3_IRQHandler                        0x0800521f   Thumb Code     0  startup_stm32f10x_hd.o(.text)
    USBWakeUp_IRQHandler                     0x0800521f   Thumb Code     0  startup_stm32f10x_hd.o(.text)
    USB_HP_CAN1_TX_IRQHandler                0x0800521f   Thumb Code     0  startup_stm32f10x_hd.o(.text)
    USB_LP_CAN1_RX0_IRQHandler               0x0800521f   Thumb Code     0  startup_stm32f10x_hd.o(.text)
    WWDG_IRQHandler                          0x0800521f   Thumb Code     0  startup_stm32f10x_hd.o(.text)
    __user_initial_stackheap                 0x08005221   Thumb Code     0  startup_stm32f10x_hd.o(.text)
    GPIO_DeInit                              0x08005245   Thumb Code   172  stm32f10x_gpio.o(.text)
    GPIO_AFIODeInit                          0x080052f1   Thumb Code    20  stm32f10x_gpio.o(.text)
    GPIO_Init                                0x08005305   Thumb Code   278  stm32f10x_gpio.o(.text)
    GPIO_StructInit                          0x0800541b   Thumb Code    16  stm32f10x_gpio.o(.text)
    GPIO_ReadInputDataBit                    0x0800542b   Thumb Code    18  stm32f10x_gpio.o(.text)
    GPIO_ReadInputData                       0x0800543d   Thumb Code     8  stm32f10x_gpio.o(.text)
    GPIO_ReadOutputDataBit                   0x08005445   Thumb Code    18  stm32f10x_gpio.o(.text)
    GPIO_ReadOutputData                      0x08005457   Thumb Code     8  stm32f10x_gpio.o(.text)
    GPIO_SetBits                             0x0800545f   Thumb Code     4  stm32f10x_gpio.o(.text)
    GPIO_ResetBits                           0x08005463   Thumb Code     4  stm32f10x_gpio.o(.text)
    GPIO_WriteBit                            0x08005467   Thumb Code    10  stm32f10x_gpio.o(.text)
    GPIO_Write                               0x08005471   Thumb Code     4  stm32f10x_gpio.o(.text)
    GPIO_PinLockConfig                       0x08005475   Thumb Code    18  stm32f10x_gpio.o(.text)
    GPIO_EventOutputConfig                   0x08005487   Thumb Code    26  stm32f10x_gpio.o(.text)
    GPIO_EventOutputCmd                      0x080054a1   Thumb Code     6  stm32f10x_gpio.o(.text)
    GPIO_PinRemapConfig                      0x080054a7   Thumb Code   138  stm32f10x_gpio.o(.text)
    GPIO_EXTILineConfig                      0x08005531   Thumb Code    66  stm32f10x_gpio.o(.text)
    GPIO_ETH_MediaInterfaceConfig            0x08005573   Thumb Code     8  stm32f10x_gpio.o(.text)
    RCC_DeInit                               0x080055a1   Thumb Code    64  stm32f10x_rcc.o(.text)
    RCC_HSEConfig                            0x080055e1   Thumb Code    70  stm32f10x_rcc.o(.text)
    RCC_GetFlagStatus                        0x08005627   Thumb Code    56  stm32f10x_rcc.o(.text)
    RCC_WaitForHSEStartUp                    0x0800565f   Thumb Code    56  stm32f10x_rcc.o(.text)
    RCC_AdjustHSICalibrationValue            0x08005697   Thumb Code    20  stm32f10x_rcc.o(.text)
    RCC_HSICmd                               0x080056ab   Thumb Code     6  stm32f10x_rcc.o(.text)
    RCC_PLLConfig                            0x080056b1   Thumb Code    24  stm32f10x_rcc.o(.text)
    RCC_PLLCmd                               0x080056c9   Thumb Code     6  stm32f10x_rcc.o(.text)
    RCC_SYSCLKConfig                         0x080056cf   Thumb Code    18  stm32f10x_rcc.o(.text)
    RCC_GetSYSCLKSource                      0x080056e1   Thumb Code    10  stm32f10x_rcc.o(.text)
    RCC_HCLKConfig                           0x080056eb   Thumb Code    18  stm32f10x_rcc.o(.text)
    RCC_PCLK1Config                          0x080056fd   Thumb Code    18  stm32f10x_rcc.o(.text)
    RCC_PCLK2Config                          0x0800570f   Thumb Code    20  stm32f10x_rcc.o(.text)
    RCC_ITConfig                             0x08005723   Thumb Code    26  stm32f10x_rcc.o(.text)
    RCC_USBCLKConfig                         0x0800573d   Thumb Code     8  stm32f10x_rcc.o(.text)
    RCC_ADCCLKConfig                         0x08005745   Thumb Code    18  stm32f10x_rcc.o(.text)
    RCC_LSEConfig                            0x08005757   Thumb Code    50  stm32f10x_rcc.o(.text)
    RCC_LSICmd                               0x08005789   Thumb Code     6  stm32f10x_rcc.o(.text)
    RCC_RTCCLKConfig                         0x0800578f   Thumb Code    12  stm32f10x_rcc.o(.text)
    RCC_RTCCLKCmd                            0x0800579b   Thumb Code     8  stm32f10x_rcc.o(.text)
    RCC_GetClocksFreq                        0x080057a3   Thumb Code   192  stm32f10x_rcc.o(.text)
    RCC_AHBPeriphClockCmd                    0x08005863   Thumb Code    26  stm32f10x_rcc.o(.text)
    RCC_APB2PeriphClockCmd                   0x0800587d   Thumb Code    26  stm32f10x_rcc.o(.text)
    RCC_APB1PeriphClockCmd                   0x08005897   Thumb Code    26  stm32f10x_rcc.o(.text)
    RCC_APB2PeriphResetCmd                   0x080058b1   Thumb Code    26  stm32f10x_rcc.o(.text)
    RCC_APB1PeriphResetCmd                   0x080058cb   Thumb Code    26  stm32f10x_rcc.o(.text)
    RCC_BackupResetCmd                       0x080058e5   Thumb Code     8  stm32f10x_rcc.o(.text)
    RCC_ClockSecuritySystemCmd               0x080058ed   Thumb Code     6  stm32f10x_rcc.o(.text)
    RCC_MCOConfig                            0x080058f3   Thumb Code     6  stm32f10x_rcc.o(.text)
    RCC_ClearFlag                            0x080058f9   Thumb Code    14  stm32f10x_rcc.o(.text)
    RCC_GetITStatus                          0x08005907   Thumb Code    20  stm32f10x_rcc.o(.text)
    RCC_ClearITPendingBit                    0x0800591b   Thumb Code     6  stm32f10x_rcc.o(.text)
    USART_DeInit                             0x08005945   Thumb Code   134  stm32f10x_usart.o(.text)
    USART_Init                               0x080059cb   Thumb Code   210  stm32f10x_usart.o(.text)
    USART_StructInit                         0x08005a9d   Thumb Code    24  stm32f10x_usart.o(.text)
    USART_ClockInit                          0x08005ab5   Thumb Code    34  stm32f10x_usart.o(.text)
    USART_ClockStructInit                    0x08005ad7   Thumb Code    12  stm32f10x_usart.o(.text)
    USART_Cmd                                0x08005ae3   Thumb Code    24  stm32f10x_usart.o(.text)
    USART_ITConfig                           0x08005afb   Thumb Code    74  stm32f10x_usart.o(.text)
    USART_DMACmd                             0x08005b45   Thumb Code    18  stm32f10x_usart.o(.text)
    USART_SetAddress                         0x08005b57   Thumb Code    18  stm32f10x_usart.o(.text)
    USART_WakeUpConfig                       0x08005b69   Thumb Code    18  stm32f10x_usart.o(.text)
    USART_ReceiverWakeUpCmd                  0x08005b7b   Thumb Code    24  stm32f10x_usart.o(.text)
    USART_LINBreakDetectLengthConfig         0x08005b93   Thumb Code    18  stm32f10x_usart.o(.text)
    USART_LINCmd                             0x08005ba5   Thumb Code    24  stm32f10x_usart.o(.text)
    USART_SendData                           0x08005bbd   Thumb Code     8  stm32f10x_usart.o(.text)
    USART_ReceiveData                        0x08005bc5   Thumb Code    10  stm32f10x_usart.o(.text)
    USART_SendBreak                          0x08005bcf   Thumb Code    10  stm32f10x_usart.o(.text)
    USART_SetGuardTime                       0x08005bd9   Thumb Code    16  stm32f10x_usart.o(.text)
    USART_SetPrescaler                       0x08005be9   Thumb Code    16  stm32f10x_usart.o(.text)
    USART_SmartCardCmd                       0x08005bf9   Thumb Code    24  stm32f10x_usart.o(.text)
    USART_SmartCardNACKCmd                   0x08005c11   Thumb Code    24  stm32f10x_usart.o(.text)
    USART_HalfDuplexCmd                      0x08005c29   Thumb Code    24  stm32f10x_usart.o(.text)
    USART_OverSampling8Cmd                   0x08005c41   Thumb Code    22  stm32f10x_usart.o(.text)
    USART_OneBitMethodCmd                    0x08005c57   Thumb Code    24  stm32f10x_usart.o(.text)
    USART_IrDAConfig                         0x08005c6f   Thumb Code    18  stm32f10x_usart.o(.text)
    USART_IrDACmd                            0x08005c81   Thumb Code    24  stm32f10x_usart.o(.text)
    USART_GetFlagStatus                      0x08005c99   Thumb Code    26  stm32f10x_usart.o(.text)
    USART_ClearFlag                          0x08005cb3   Thumb Code    18  stm32f10x_usart.o(.text)
    USART_GetITStatus                        0x08005cc5   Thumb Code    84  stm32f10x_usart.o(.text)
    USART_ClearITPendingBit                  0x08005d19   Thumb Code    52  stm32f10x_usart.o(.text)
    NVIC_PriorityGroupConfig                 0x08005d4d   Thumb Code    10  misc.o(.text)
    NVIC_Init                                0x08005d57   Thumb Code   100  misc.o(.text)
    NVIC_SetVectorTable                      0x08005dbb   Thumb Code    14  misc.o(.text)
    NVIC_SystemLPConfig                      0x08005dc9   Thumb Code    34  misc.o(.text)
    SysTick_CLKSourceConfig                  0x08005deb   Thumb Code    40  misc.o(.text)
    SPI_I2S_DeInit                           0x08005e29   Thumb Code    76  stm32f10x_spi.o(.text)
    SPI_Init                                 0x08005e75   Thumb Code    60  stm32f10x_spi.o(.text)
    I2S_Init                                 0x08005eb1   Thumb Code   226  stm32f10x_spi.o(.text)
    SPI_StructInit                           0x08005f93   Thumb Code    24  stm32f10x_spi.o(.text)
    I2S_StructInit                           0x08005fab   Thumb Code    20  stm32f10x_spi.o(.text)
    SPI_Cmd                                  0x08005fbf   Thumb Code    24  stm32f10x_spi.o(.text)
    I2S_Cmd                                  0x08005fd7   Thumb Code    24  stm32f10x_spi.o(.text)
    SPI_I2S_ITConfig                         0x08005fef   Thumb Code    32  stm32f10x_spi.o(.text)
    SPI_I2S_DMACmd                           0x0800600f   Thumb Code    18  stm32f10x_spi.o(.text)
    SPI_I2S_SendData                         0x08006021   Thumb Code     4  stm32f10x_spi.o(.text)
    SPI_I2S_ReceiveData                      0x08006025   Thumb Code     6  stm32f10x_spi.o(.text)
    SPI_NSSInternalSoftwareConfig            0x0800602b   Thumb Code    30  stm32f10x_spi.o(.text)
    SPI_SSOutputCmd                          0x08006049   Thumb Code    24  stm32f10x_spi.o(.text)
    SPI_DataSizeConfig                       0x08006061   Thumb Code    18  stm32f10x_spi.o(.text)
    SPI_TransmitCRC                          0x08006073   Thumb Code    10  stm32f10x_spi.o(.text)
    SPI_CalculateCRC                         0x0800607d   Thumb Code    24  stm32f10x_spi.o(.text)
    SPI_GetCRC                               0x08006095   Thumb Code    16  stm32f10x_spi.o(.text)
    SPI_GetCRCPolynomial                     0x080060a5   Thumb Code     6  stm32f10x_spi.o(.text)
    SPI_BiDirectionalLineConfig              0x080060ab   Thumb Code    28  stm32f10x_spi.o(.text)
    SPI_I2S_GetFlagStatus                    0x080060c7   Thumb Code    18  stm32f10x_spi.o(.text)
    SPI_I2S_ClearFlag                        0x080060d9   Thumb Code     6  stm32f10x_spi.o(.text)
    SPI_I2S_GetITStatus                      0x080060df   Thumb Code    52  stm32f10x_spi.o(.text)
    SPI_I2S_ClearITPendingBit                0x08006113   Thumb Code    20  stm32f10x_spi.o(.text)
    TIM_DeInit                               0x08006135   Thumb Code   424  stm32f10x_tim.o(.text)
    TIM_TimeBaseInit                         0x080062dd   Thumb Code   122  stm32f10x_tim.o(.text)
    TIM_OC1Init                              0x08006357   Thumb Code   132  stm32f10x_tim.o(.text)
    TIM_OC2Init                              0x080063db   Thumb Code   154  stm32f10x_tim.o(.text)
    TIM_OC3Init                              0x08006475   Thumb Code   150  stm32f10x_tim.o(.text)
    TIM_OC4Init                              0x0800650b   Thumb Code   182  stm32f10x_tim.o(.text)
    TIM_SetIC4Prescaler                      0x080065c1   Thumb Code    26  stm32f10x_tim.o(.text)
    TIM_SetIC3Prescaler                      0x0800665d   Thumb Code    18  stm32f10x_tim.o(.text)
    TIM_SetIC2Prescaler                      0x080066e9   Thumb Code    26  stm32f10x_tim.o(.text)
    TIM_SetIC1Prescaler                      0x08006785   Thumb Code    18  stm32f10x_tim.o(.text)
    TIM_ICInit                               0x08006803   Thumb Code   150  stm32f10x_tim.o(.text)
    TIM_PWMIConfig                           0x08006899   Thumb Code   124  stm32f10x_tim.o(.text)
    TIM_BDTRConfig                           0x08006915   Thumb Code    32  stm32f10x_tim.o(.text)
    TIM_TimeBaseStructInit                   0x08006935   Thumb Code    18  stm32f10x_tim.o(.text)
    TIM_OCStructInit                         0x08006947   Thumb Code    20  stm32f10x_tim.o(.text)
    TIM_ICStructInit                         0x0800695b   Thumb Code    18  stm32f10x_tim.o(.text)
    TIM_BDTRStructInit                       0x0800696d   Thumb Code    40  stm32f10x_tim.o(.text)
    TIM_Cmd                                  0x08006995   Thumb Code    24  stm32f10x_tim.o(.text)
    TIM_CtrlPWMOutputs                       0x080069ad   Thumb Code    30  stm32f10x_tim.o(.text)
    TIM_ITConfig                             0x080069cb   Thumb Code    18  stm32f10x_tim.o(.text)
    TIM_GenerateEvent                        0x080069dd   Thumb Code     4  stm32f10x_tim.o(.text)
    TIM_DMAConfig                            0x080069e1   Thumb Code    10  stm32f10x_tim.o(.text)
    TIM_DMACmd                               0x080069eb   Thumb Code    18  stm32f10x_tim.o(.text)
    TIM_InternalClockConfig                  0x080069fd   Thumb Code    12  stm32f10x_tim.o(.text)
    TIM_SelectInputTrigger                   0x08006a09   Thumb Code    18  stm32f10x_tim.o(.text)
    TIM_ITRxExternalClockConfig              0x08006a1b   Thumb Code    24  stm32f10x_tim.o(.text)
    TIM_TIxExternalClockConfig               0x08006a33   Thumb Code    62  stm32f10x_tim.o(.text)
    TIM_ETRConfig                            0x08006a71   Thumb Code    28  stm32f10x_tim.o(.text)
    TIM_ETRClockMode1Config                  0x08006a8d   Thumb Code    54  stm32f10x_tim.o(.text)
    TIM_ETRClockMode2Config                  0x08006ac3   Thumb Code    32  stm32f10x_tim.o(.text)
    TIM_PrescalerConfig                      0x08006ae3   Thumb Code     6  stm32f10x_tim.o(.text)
    TIM_CounterModeConfig                    0x08006ae9   Thumb Code    18  stm32f10x_tim.o(.text)
    TIM_EncoderInterfaceConfig               0x08006afb   Thumb Code    66  stm32f10x_tim.o(.text)
    TIM_ForcedOC1Config                      0x08006b3d   Thumb Code    18  stm32f10x_tim.o(.text)
    TIM_ForcedOC2Config                      0x08006b4f   Thumb Code    26  stm32f10x_tim.o(.text)
    TIM_ForcedOC3Config                      0x08006b69   Thumb Code    18  stm32f10x_tim.o(.text)
    TIM_ForcedOC4Config                      0x08006b7b   Thumb Code    26  stm32f10x_tim.o(.text)
    TIM_ARRPreloadConfig                     0x08006b95   Thumb Code    24  stm32f10x_tim.o(.text)
    TIM_SelectCOM                            0x08006bad   Thumb Code    24  stm32f10x_tim.o(.text)
    TIM_SelectCCDMA                          0x08006bc5   Thumb Code    24  stm32f10x_tim.o(.text)
    TIM_CCPreloadControl                     0x08006bdd   Thumb Code    24  stm32f10x_tim.o(.text)
    TIM_OC1PreloadConfig                     0x08006bf5   Thumb Code    18  stm32f10x_tim.o(.text)
    TIM_OC2PreloadConfig                     0x08006c07   Thumb Code    26  stm32f10x_tim.o(.text)
    TIM_OC3PreloadConfig                     0x08006c21   Thumb Code    18  stm32f10x_tim.o(.text)
    TIM_OC4PreloadConfig                     0x08006c33   Thumb Code    26  stm32f10x_tim.o(.text)
    TIM_OC1FastConfig                        0x08006c4d   Thumb Code    18  stm32f10x_tim.o(.text)
    TIM_OC2FastConfig                        0x08006c5f   Thumb Code    26  stm32f10x_tim.o(.text)
    TIM_OC3FastConfig                        0x08006c79   Thumb Code    18  stm32f10x_tim.o(.text)
    TIM_OC4FastConfig                        0x08006c8b   Thumb Code    26  stm32f10x_tim.o(.text)
    TIM_ClearOC1Ref                          0x08006ca5   Thumb Code    18  stm32f10x_tim.o(.text)
    TIM_ClearOC2Ref                          0x08006cb7   Thumb Code    24  stm32f10x_tim.o(.text)
    TIM_ClearOC3Ref                          0x08006ccf   Thumb Code    18  stm32f10x_tim.o(.text)
    TIM_ClearOC4Ref                          0x08006ce1   Thumb Code    24  stm32f10x_tim.o(.text)
    TIM_OC1PolarityConfig                    0x08006cf9   Thumb Code    18  stm32f10x_tim.o(.text)
    TIM_OC1NPolarityConfig                   0x08006d0b   Thumb Code    18  stm32f10x_tim.o(.text)
    TIM_OC2PolarityConfig                    0x08006d1d   Thumb Code    26  stm32f10x_tim.o(.text)
    TIM_OC2NPolarityConfig                   0x08006d37   Thumb Code    26  stm32f10x_tim.o(.text)
    TIM_OC3PolarityConfig                    0x08006d51   Thumb Code    26  stm32f10x_tim.o(.text)
    TIM_OC3NPolarityConfig                   0x08006d6b   Thumb Code    26  stm32f10x_tim.o(.text)
    TIM_OC4PolarityConfig                    0x08006d85   Thumb Code    26  stm32f10x_tim.o(.text)
    TIM_CCxCmd                               0x08006d9f   Thumb Code    30  stm32f10x_tim.o(.text)
    TIM_CCxNCmd                              0x08006dbd   Thumb Code    30  stm32f10x_tim.o(.text)
    TIM_SelectOCxM                           0x08006ddb   Thumb Code    82  stm32f10x_tim.o(.text)
    TIM_UpdateDisableConfig                  0x08006e2d   Thumb Code    24  stm32f10x_tim.o(.text)
    TIM_UpdateRequestConfig                  0x08006e45   Thumb Code    24  stm32f10x_tim.o(.text)
    TIM_SelectHallSensor                     0x08006e5d   Thumb Code    24  stm32f10x_tim.o(.text)
    TIM_SelectOnePulseMode                   0x08006e75   Thumb Code    18  stm32f10x_tim.o(.text)
    TIM_SelectOutputTrigger                  0x08006e87   Thumb Code    18  stm32f10x_tim.o(.text)
    TIM_SelectSlaveMode                      0x08006e99   Thumb Code    18  stm32f10x_tim.o(.text)
    TIM_SelectMasterSlaveMode                0x08006eab   Thumb Code    18  stm32f10x_tim.o(.text)
    TIM_SetCounter                           0x08006ebd   Thumb Code     4  stm32f10x_tim.o(.text)
    TIM_SetAutoreload                        0x08006ec1   Thumb Code     4  stm32f10x_tim.o(.text)
    TIM_SetCompare1                          0x08006ec5   Thumb Code     4  stm32f10x_tim.o(.text)
    TIM_SetCompare2                          0x08006ec9   Thumb Code     4  stm32f10x_tim.o(.text)
    TIM_SetCompare3                          0x08006ecd   Thumb Code     4  stm32f10x_tim.o(.text)
    TIM_SetCompare4                          0x08006ed1   Thumb Code     6  stm32f10x_tim.o(.text)
    TIM_SetClockDivision                     0x08006ed7   Thumb Code    18  stm32f10x_tim.o(.text)
    TIM_GetCapture1                          0x08006ee9   Thumb Code     6  stm32f10x_tim.o(.text)
    TIM_GetCapture2                          0x08006eef   Thumb Code     6  stm32f10x_tim.o(.text)
    TIM_GetCapture3                          0x08006ef5   Thumb Code     6  stm32f10x_tim.o(.text)
    TIM_GetCapture4                          0x08006efb   Thumb Code     8  stm32f10x_tim.o(.text)
    TIM_GetCounter                           0x08006f03   Thumb Code     6  stm32f10x_tim.o(.text)
    TIM_GetPrescaler                         0x08006f09   Thumb Code     6  stm32f10x_tim.o(.text)
    TIM_GetFlagStatus                        0x08006f0f   Thumb Code    18  stm32f10x_tim.o(.text)
    TIM_ClearFlag                            0x08006f21   Thumb Code     6  stm32f10x_tim.o(.text)
    TIM_GetITStatus                          0x08006f27   Thumb Code    34  stm32f10x_tim.o(.text)
    TIM_ClearITPendingBit                    0x08006f49   Thumb Code     6  stm32f10x_tim.o(.text)
    mymemcpy                                 0x08006f51   Thumb Code    26  malloc.o(.text)
    mymemset                                 0x08006f6b   Thumb Code    20  malloc.o(.text)
    mem_init                                 0x08006f7f   Thumb Code    38  malloc.o(.text)
    mem_perused                              0x08006fa5   Thumb Code    42  malloc.o(.text)
    mem_malloc                               0x08006fcf   Thumb Code   116  malloc.o(.text)
    mem_free                                 0x08007043   Thumb Code    66  malloc.o(.text)
    myfree                                   0x08007085   Thumb Code    24  malloc.o(.text)
    mymalloc                                 0x0800709d   Thumb Code    28  malloc.o(.text)
    myrealloc                                0x080070b9   Thumb Code    50  malloc.o(.text)
    usmart_sys_cmd_exe                       0x080070f1   Thumb Code  1554  usmart.o(.text)
    usmart_reset_runtime                     0x08007703   Thumb Code    38  usmart.o(.text)
    usmart_get_runtime                       0x08007729   Thumb Code    56  usmart.o(.text)
    TIM4_IRQHandler                          0x08007761   Thumb Code    50  usmart.o(.text)
    Timer4_Init                              0x08007793   Thumb Code    94  usmart.o(.text)
    usmart_init                              0x080077f1   Thumb Code    36  usmart.o(.text)
    usmart_cmd_rec                           0x08007815   Thumb Code   170  usmart.o(.text)
    usmart_exe                               0x080078bf   Thumb Code   872  usmart.o(.text)
    usmart_scan                              0x08007c27   Thumb Code   120  usmart.o(.text)
    read_addr                                0x08007c9f   Thumb Code     6  usmart.o(.text)
    write_addr                               0x08007ca5   Thumb Code     4  usmart.o(.text)
    usmart_strcmp                            0x08007d31   Thumb Code    34  usmart_str.o(.text)
    usmart_strcopy                           0x08007d53   Thumb Code    22  usmart_str.o(.text)
    usmart_strlen                            0x08007d69   Thumb Code    24  usmart_str.o(.text)
    usmart_pow                               0x08007d81   Thumb Code    22  usmart_str.o(.text)
    usmart_str2num                           0x08007d97   Thumb Code   202  usmart_str.o(.text)
    usmart_get_cmdname                       0x08007e61   Thumb Code    54  usmart_str.o(.text)
    usmart_search_nextc                      0x08007e97   Thumb Code    22  usmart_str.o(.text)
    usmart_get_fname                         0x08007ead   Thumb Code   440  usmart_str.o(.text)
    usmart_get_aparm                         0x08008065   Thumb Code   200  usmart_str.o(.text)
    usmart_get_parmpos                       0x0800812d   Thumb Code    26  usmart_str.o(.text)
    usmart_get_fparam                        0x08008147   Thumb Code   262  usmart_str.o(.text)
    exfuns_init                              0x08008259   Thumb Code   100  exfuns.o(.text)
    char_upper                               0x080082bd   Thumb Code    26  exfuns.o(.text)
    f_typetell                               0x080082d7   Thumb Code   188  exfuns.o(.text)
    exf_getfree                              0x08008393   Thumb Code    74  exfuns.o(.text)
    mf_mount                                 0x080083f1   Thumb Code    20  fattester.o(.text)
    mf_open                                  0x08008405   Thumb Code    24  fattester.o(.text)
    mf_close                                 0x0800841d   Thumb Code    14  fattester.o(.text)
    mf_read                                  0x0800842b   Thumb Code   224  fattester.o(.text)
    mf_write                                 0x0800850b   Thumb Code    68  fattester.o(.text)
    mf_opendir                               0x0800854f   Thumb Code    14  fattester.o(.text)
    mf_closedir                              0x0800855d   Thumb Code    10  fattester.o(.text)
    mf_readdir                               0x08008567   Thumb Code   196  fattester.o(.text)
    mf_scan_files                            0x0800862b   Thumb Code   114  fattester.o(.text)
    mf_showfree                              0x0800869d   Thumb Code    88  fattester.o(.text)
    mf_lseek                                 0x080086f5   Thumb Code    16  fattester.o(.text)
    mf_tell                                  0x08008705   Thumb Code     8  fattester.o(.text)
    mf_size                                  0x0800870d   Thumb Code     8  fattester.o(.text)
    mf_mkdir                                 0x08008715   Thumb Code    12  fattester.o(.text)
    mf_fmkfs                                 0x08008721   Thumb Code    20  fattester.o(.text)
    mf_unlink                                0x08008735   Thumb Code    12  fattester.o(.text)
    mf_rename                                0x08008741   Thumb Code    16  fattester.o(.text)
    mf_getlabel                              0x08008751   Thumb Code    58  fattester.o(.text)
    mf_setlabel                              0x0800878b   Thumb Code    34  fattester.o(.text)
    mf_gets                                  0x080087ad   Thumb Code   724  fattester.o(.text)
    mf_putc                                  0x08008a81   Thumb Code    18  fattester.o(.text)
    mf_puts                                  0x08008a93   Thumb Code    18  fattester.o(.text)
    disk_initialize                          0x08008aa9   Thumb Code    88  diskio.o(.text)
    disk_status                              0x08008b01   Thumb Code     6  diskio.o(.text)
    disk_read                                0x08008b07   Thumb Code   118  diskio.o(.text)
    disk_write                               0x08008b7d   Thumb Code    98  diskio.o(.text)
    disk_ioctl                               0x08008bdf   Thumb Code   154  diskio.o(.text)
    get_fattime                              0x08008c79   Thumb Code     4  diskio.o(.text)
    ff_memalloc                              0x08008c7d   Thumb Code    12  diskio.o(.text)
    ff_memfree                               0x08008c89   Thumb Code    12  diskio.o(.text)
    clust2sect                               0x08008e4f   Thumb Code    26  ff.o(.text)
    get_fat                                  0x08008e69   Thumb Code   232  ff.o(.text)
    put_fat                                  0x08008f51   Thumb Code   310  ff.o(.text)
    f_mount                                  0x0800a263   Thumb Code    86  ff.o(.text)
    f_open                                   0x0800a2b9   Thumb Code   384  ff.o(.text)
    f_read                                   0x0800a439   Thumb Code   450  ff.o(.text)
    f_write                                  0x0800a5fb   Thumb Code   498  ff.o(.text)
    f_sync                                   0x0800a7ed   Thumb Code   176  ff.o(.text)
    f_close                                  0x0800a89d   Thumb Code    32  ff.o(.text)
    f_lseek                                  0x0800a8bd   Thumb Code   654  ff.o(.text)
    f_opendir                                0x0800ab4b   Thumb Code   136  ff.o(.text)
    f_closedir                               0x0800abd3   Thumb Code    22  ff.o(.text)
    f_readdir                                0x0800abe9   Thumb Code   114  ff.o(.text)
    f_stat                                   0x0800ac5b   Thumb Code    84  ff.o(.text)
    f_getfree                                0x0800acaf   Thumb Code   258  ff.o(.text)
    f_truncate                               0x0800adb1   Thumb Code   184  ff.o(.text)
    f_unlink                                 0x0800ae69   Thumb Code   194  ff.o(.text)
    f_mkdir                                  0x0800af2b   Thumb Code   380  ff.o(.text)
    f_chmod                                  0x0800b0a7   Thumb Code   112  ff.o(.text)
    f_utime                                  0x0800b117   Thumb Code   110  ff.o(.text)
    f_rename                                 0x0800b185   Thumb Code   314  ff.o(.text)
    f_getlabel                               0x0800b2bf   Thumb Code   190  ff.o(.text)
    f_setlabel                               0x0800b37d   Thumb Code   470  ff.o(.text)
    f_mkfs                                   0x0800b553   Thumb Code  1570  ff.o(.text)
    f_gets                                   0x0800bb75   Thumb Code    82  ff.o(.text)
    f_putc                                   0x0800bc0b   Thumb Code    64  ff.o(.text)
    f_puts                                   0x0800bc4b   Thumb Code    74  ff.o(.text)
    f_printf                                 0x0800bc95   Thumb Code   674  ff.o(.text)
    ff_convert                               0x0800bf39   Thumb Code   116  cc936.o(.text)
    ff_wtoupper                              0x0800bfad   Thumb Code    46  cc936.o(.text)
    __use_no_semihosting                     0x0800bfed   Thumb Code     2  use_no_semi_2.o(.text)
    __2printf                                0x0800bff1   Thumb Code    20  noretval__2printf.o(.text)
    _printf_pre_padding                      0x0800c009   Thumb Code    44  _printf_pad.o(.text)
    _printf_post_padding                     0x0800c035   Thumb Code    34  _printf_pad.o(.text)
    _printf_str                              0x0800c057   Thumb Code    82  _printf_str.o(.text)
    _printf_int_dec                          0x0800c0a9   Thumb Code   104  _printf_dec.o(.text)
    _printf_int_hex                          0x0800c121   Thumb Code    84  _printf_hex_int.o(.text)
    _printf_longlong_hex                     0x0800c121   Thumb Code     0  _printf_hex_int.o(.text)
    __printf                                 0x0800c179   Thumb Code   388  __printf_flags_ss_wp.o(.text)
    strcpy                                   0x0800c301   Thumb Code    72  strcpy.o(.text)
    strcmp                                   0x0800c349   Thumb Code   128  strcmpv7m.o(.text)
    __use_two_region_memory                  0x0800c3c9   Thumb Code     2  heapauxi.o(.text)
    __rt_heap_escrow$2region                 0x0800c3cb   Thumb Code     2  heapauxi.o(.text)
    __rt_heap_expand$2region                 0x0800c3cd   Thumb Code     2  heapauxi.o(.text)
    __I$use$semihosting                      0x0800c3cf   Thumb Code     0  use_no_semi.o(.text)
    __use_no_semihosting_swi                 0x0800c3cf   Thumb Code     2  use_no_semi.o(.text)
    _printf_int_common                       0x0800c3d1   Thumb Code   178  _printf_intcommon.o(.text)
    _printf_cs_common                        0x0800c483   Thumb Code    20  _printf_char.o(.text)
    _printf_char                             0x0800c497   Thumb Code    16  _printf_char.o(.text)
    _printf_string                           0x0800c4a7   Thumb Code     8  _printf_char.o(.text)
    _printf_char_file                        0x0800c4b1   Thumb Code    32  _printf_char_file.o(.text)
    _printf_char_common                      0x0800c4df   Thumb Code    32  _printf_char_common.o(.text)
    ferror                                   0x0800c505   Thumb Code     8  ferror.o(.text)
    __user_setup_stackheap                   0x0800c50d   Thumb Code    74  sys_stackheap_outer.o(.text)
    exit                                     0x0800c557   Thumb Code    18  exit.o(.text)
    __user_libspace                          0x0800c569   Thumb Code     8  libspace.o(.text)
    __user_perproc_libspace                  0x0800c569   Thumb Code     0  libspace.o(.text)
    __user_perthread_libspace                0x0800c569   Thumb Code     0  libspace.o(.text)
    _is_digit                                0x0800c571   Thumb Code    14  __printf_wp.o(i._is_digit)
    __aeabi_d2uiz                            0x0800c581   Thumb Code     0  dfixu.o(x$fpl$dfixu)
    _dfixu                                   0x0800c581   Thumb Code    90  dfixu.o(x$fpl$dfixu)
    __aeabi_ui2d                             0x0800c5db   Thumb Code     0  dflt_clz.o(x$fpl$dfltu)
    _dfltu                                   0x0800c5db   Thumb Code    38  dflt_clz.o(x$fpl$dfltu)
    __aeabi_dmul                             0x0800c601   Thumb Code     0  dmul.o(x$fpl$dmul)
    _dmul                                    0x0800c601   Thumb Code   332  dmul.o(x$fpl$dmul)
    __fpl_dnaninf                            0x0800c755   Thumb Code   156  dnaninf.o(x$fpl$dnaninf)
    __fpl_dretinf                            0x0800c7f1   Thumb Code    12  dretinf.o(x$fpl$dretinf)
    __I$use$fp                               0x0800c7fc   Number         0  usenofp.o(x$fpl$usenofp)
    asc2_1206                                0x0800c7fc   Data        1140  lcd.o(.constdata)
    asc2_1608                                0x0800cc70   Data        1520  lcd.o(.constdata)
    asc2_2412                                0x0800d260   Data        3420  lcd.o(.constdata)
    Region$$Table$$Base                      0x08039020   Number         0  anon$$obj.o(Region$$Table)
    Region$$Table$$Limit                     0x08039040   Number         0  anon$$obj.o(Region$$Table)
    SystemCoreClock                          0x20000000   Data           4  system_stm32f10x.o(.data)
    AHBPrescTable                            0x20000004   Data          16  system_stm32f10x.o(.data)
    POINT_COLOR                              0x20000014   Data           2  lcd.o(.data)
    BACK_COLOR                               0x20000016   Data           2  lcd.o(.data)
    SD_Type                                  0x20000018   Data           1  mmc_sd.o(.data)
    SPI_FLASH_TYPE                           0x2000001a   Data           2  flash.o(.data)
    __stdout                                 0x20000020   Data           4  usart.o(.data)
    USART_RX_STA                             0x20000024   Data           2  usart.o(.data)
    mallco_dev                               0x2000003c   Data          20  malloc.o(.data)
    sys_cmd_tab                              0x20000050   Data          28  usmart.o(.data)
    usmart_nametab                           0x2000006c   Data         208  usmart_config.o(.data)
    usmart_dev                               0x2000013c   Data         244  usmart_config.o(.data)
    FILE_TYPE_TBL                            0x20000230   Data         312  exfuns.o(.data)
    fs                                       0x20000368   Data           8  exfuns.o(.data)
    file                                     0x20000370   Data           4  exfuns.o(.data)
    ftemp                                    0x20000374   Data           4  exfuns.o(.data)
    br                                       0x20000378   Data           4  exfuns.o(.data)
    bw                                       0x2000037c   Data           4  exfuns.o(.data)
    fatbuf                                   0x20000380   Data           4  exfuns.o(.data)
    FLASH_SECTOR_COUNT                       0x20000384   Data           2  diskio.o(.data)
    lcddev                                   0x20000394   Data          14  lcd.o(.bss)
    SPI_InitStructure                        0x200003a2   Data          18  spi.o(.bss)
    SPI_FLASH_BUF                            0x200003b4   Data        4096  flash.o(.bss)
    USART_RX_BUF                             0x200013b4   Data         200  usart.o(.bss)
    membase                                  0x2000147c   Data       35840  malloc.o(.bss)
    memmapbase                               0x2000a07c   Data        2240  malloc.o(.bss)
    fileinfo                                 0x2000a93c   Data          32  exfuns.o(.bss)
    dir                                      0x2000a95c   Data          36  exfuns.o(.bss)
    __libspace_start                         0x2000a980   Data          96  libspace.o(.bss)
    __temporary_stack_top$libspace           0x2000a9e0   Data           0  libspace.o(.bss)



==============================================================================

Memory Map of the image

  Image Entry point : 0x08000131

  Load Region LR_IROM1 (Base: 0x08000000, Size: 0x000393d4, Max: 0x00040000, ABSOLUTE, COMPRESSED[0x00039190])

    Execution Region ER_IROM1 (Exec base: 0x08000000, Load base: 0x08000000, Size: 0x00039040, Max: 0x00040000, ABSOLUTE)

    Exec Addr    Load Addr    Size         Type   Attr      Idx    E Section Name        Object

    0x08000000   0x08000000   0x00000130   Data   RO          391    RESET               startup_stm32f10x_hd.o
    0x08000130   0x08000130   0x00000008   Code   RO          723  * !!!main             c_w.l(__main.o)
    0x08000138   0x08000138   0x00000034   Code   RO          914    !!!scatter          c_w.l(__scatter.o)
    0x0800016c   0x0800016c   0x0000005a   Code   RO          912    !!dczerorl2         c_w.l(__dczerorl2.o)
    0x080001c6   0x080001c6   0x00000002   PAD
    0x080001c8   0x080001c8   0x0000001c   Code   RO          916    !!handler_zi        c_w.l(__scatter_zi.o)
    0x080001e4   0x080001e4   0x00000000   Code   RO          716    .ARM.Collect$$_printf_percent$$00000000  c_w.l(_printf_percent.o)
    0x080001e4   0x080001e4   0x00000006   Code   RO          714    .ARM.Collect$$_printf_percent$$00000009  c_w.l(_printf_d.o)
    0x080001ea   0x080001ea   0x00000006   Code   RO          715    .ARM.Collect$$_printf_percent$$0000000A  c_w.l(_printf_u.o)
    0x080001f0   0x080001f0   0x00000006   Code   RO          713    .ARM.Collect$$_printf_percent$$0000000C  c_w.l(_printf_x.o)
    0x080001f6   0x080001f6   0x00000006   Code   RO          711    .ARM.Collect$$_printf_percent$$00000013  c_w.l(_printf_c.o)
    0x080001fc   0x080001fc   0x00000006   Code   RO          712    .ARM.Collect$$_printf_percent$$00000014  c_w.l(_printf_s.o)
    0x08000202   0x08000202   0x00000004   Code   RO          746    .ARM.Collect$$_printf_percent$$00000017  c_w.l(_printf_percent_end.o)
    0x08000206   0x08000206   0x00000002   Code   RO          784    .ARM.Collect$$libinit$$00000000  c_w.l(libinit.o)
    0x08000208   0x08000208   0x00000000   Code   RO          791    .ARM.Collect$$libinit$$00000002  c_w.l(libinit2.o)
    0x08000208   0x08000208   0x00000000   Code   RO          793    .ARM.Collect$$libinit$$00000004  c_w.l(libinit2.o)
    0x08000208   0x08000208   0x00000000   Code   RO          796    .ARM.Collect$$libinit$$0000000A  c_w.l(libinit2.o)
    0x08000208   0x08000208   0x00000000   Code   RO          798    .ARM.Collect$$libinit$$0000000C  c_w.l(libinit2.o)
    0x08000208   0x08000208   0x00000000   Code   RO          800    .ARM.Collect$$libinit$$0000000E  c_w.l(libinit2.o)
    0x08000208   0x08000208   0x00000000   Code   RO          803    .ARM.Collect$$libinit$$00000011  c_w.l(libinit2.o)
    0x08000208   0x08000208   0x00000000   Code   RO          805    .ARM.Collect$$libinit$$00000013  c_w.l(libinit2.o)
    0x08000208   0x08000208   0x00000000   Code   RO          807    .ARM.Collect$$libinit$$00000015  c_w.l(libinit2.o)
    0x08000208   0x08000208   0x00000000   Code   RO          809    .ARM.Collect$$libinit$$00000017  c_w.l(libinit2.o)
    0x08000208   0x08000208   0x00000000   Code   RO          811    .ARM.Collect$$libinit$$00000019  c_w.l(libinit2.o)
    0x08000208   0x08000208   0x00000000   Code   RO          813    .ARM.Collect$$libinit$$0000001B  c_w.l(libinit2.o)
    0x08000208   0x08000208   0x00000000   Code   RO          815    .ARM.Collect$$libinit$$0000001D  c_w.l(libinit2.o)
    0x08000208   0x08000208   0x00000000   Code   RO          817    .ARM.Collect$$libinit$$0000001F  c_w.l(libinit2.o)
    0x08000208   0x08000208   0x00000000   Code   RO          819    .ARM.Collect$$libinit$$00000021  c_w.l(libinit2.o)
    0x08000208   0x08000208   0x00000000   Code   RO          821    .ARM.Collect$$libinit$$00000023  c_w.l(libinit2.o)
    0x08000208   0x08000208   0x00000000   Code   RO          823    .ARM.Collect$$libinit$$00000025  c_w.l(libinit2.o)
    0x08000208   0x08000208   0x00000000   Code   RO          827    .ARM.Collect$$libinit$$0000002C  c_w.l(libinit2.o)
    0x08000208   0x08000208   0x00000000   Code   RO          829    .ARM.Collect$$libinit$$0000002E  c_w.l(libinit2.o)
    0x08000208   0x08000208   0x00000000   Code   RO          831    .ARM.Collect$$libinit$$00000030  c_w.l(libinit2.o)
    0x08000208   0x08000208   0x00000000   Code   RO          833    .ARM.Collect$$libinit$$00000032  c_w.l(libinit2.o)
    0x08000208   0x08000208   0x00000002   Code   RO          834    .ARM.Collect$$libinit$$00000033  c_w.l(libinit2.o)
    0x0800020a   0x0800020a   0x00000002   Code   RO          852    .ARM.Collect$$libshutdown$$00000000  c_w.l(libshutdown.o)
    0x0800020c   0x0800020c   0x00000000   Code   RO          862    .ARM.Collect$$libshutdown$$00000002  c_w.l(libshutdown2.o)
    0x0800020c   0x0800020c   0x00000000   Code   RO          864    .ARM.Collect$$libshutdown$$00000004  c_w.l(libshutdown2.o)
    0x0800020c   0x0800020c   0x00000000   Code   RO          866    .ARM.Collect$$libshutdown$$00000006  c_w.l(libshutdown2.o)
    0x0800020c   0x0800020c   0x00000000   Code   RO          869    .ARM.Collect$$libshutdown$$00000009  c_w.l(libshutdown2.o)
    0x0800020c   0x0800020c   0x00000000   Code   RO          872    .ARM.Collect$$libshutdown$$0000000C  c_w.l(libshutdown2.o)
    0x0800020c   0x0800020c   0x00000000   Code   RO          874    .ARM.Collect$$libshutdown$$0000000E  c_w.l(libshutdown2.o)
    0x0800020c   0x0800020c   0x00000000   Code   RO          877    .ARM.Collect$$libshutdown$$00000011  c_w.l(libshutdown2.o)
    0x0800020c   0x0800020c   0x00000002   Code   RO          878    .ARM.Collect$$libshutdown$$00000012  c_w.l(libshutdown2.o)
    0x0800020e   0x0800020e   0x00000000   Code   RO          739    .ARM.Collect$$rtentry$$00000000  c_w.l(__rtentry.o)
    0x0800020e   0x0800020e   0x00000000   Code   RO          753    .ARM.Collect$$rtentry$$00000002  c_w.l(__rtentry2.o)
    0x0800020e   0x0800020e   0x00000006   Code   RO          765    .ARM.Collect$$rtentry$$00000004  c_w.l(__rtentry4.o)
    0x08000214   0x08000214   0x00000000   Code   RO          755    .ARM.Collect$$rtentry$$00000009  c_w.l(__rtentry2.o)
    0x08000214   0x08000214   0x00000004   Code   RO          756    .ARM.Collect$$rtentry$$0000000A  c_w.l(__rtentry2.o)
    0x08000218   0x08000218   0x00000000   Code   RO          758    .ARM.Collect$$rtentry$$0000000C  c_w.l(__rtentry2.o)
    0x08000218   0x08000218   0x00000008   Code   RO          759    .ARM.Collect$$rtentry$$0000000D  c_w.l(__rtentry2.o)
    0x08000220   0x08000220   0x00000002   Code   RO          788    .ARM.Collect$$rtexit$$00000000  c_w.l(rtexit.o)
    0x08000222   0x08000222   0x00000000   Code   RO          836    .ARM.Collect$$rtexit$$00000002  c_w.l(rtexit2.o)
    0x08000222   0x08000222   0x00000004   Code   RO          837    .ARM.Collect$$rtexit$$00000003  c_w.l(rtexit2.o)
    0x08000226   0x08000226   0x00000006   Code   RO          838    .ARM.Collect$$rtexit$$00000004  c_w.l(rtexit2.o)
    0x0800022c   0x0800022c   0x0000029c   Code   RO            1    .text               main.o
    0x080004c8   0x080004c8   0x0000001a   Code   RO          156    .text               stm32f10x_it.o
    0x080004e2   0x080004e2   0x00000002   PAD
    0x080004e4   0x080004e4   0x000001e0   Code   RO          197    .text               system_stm32f10x.o
    0x080006c4   0x080006c4   0x00000050   Code   RO          215    .text               led.o
    0x08000714   0x08000714   0x00003f90   Code   RO          227    .text               lcd.o
    0x080046a4   0x080046a4   0x000000e0   Code   RO          270    .text               spi.o
    0x08004784   0x08004784   0x00000524   Code   RO          288    .text               mmc_sd.o
    0x08004ca8   0x08004ca8   0x00000348   Code   RO          306    .text               flash.o
    0x08004ff0   0x08004ff0   0x000000d4   Code   RO          325    .text               delay.o
    0x080050c4   0x080050c4   0x00000140   Code   RO          356    .text               usart.o
    0x08005204   0x08005204   0x00000040   Code   RO          392    .text               startup_stm32f10x_hd.o
    0x08005244   0x08005244   0x0000035c   Code   RO          396    .text               stm32f10x_gpio.o
    0x080055a0   0x080055a0   0x000003a4   Code   RO          408    .text               stm32f10x_rcc.o
    0x08005944   0x08005944   0x00000408   Code   RO          422    .text               stm32f10x_usart.o
    0x08005d4c   0x08005d4c   0x000000dc   Code   RO          434    .text               misc.o
    0x08005e28   0x08005e28   0x0000030c   Code   RO          446    .text               stm32f10x_spi.o
    0x08006134   0x08006134   0x00000e1a   Code   RO          458    .text               stm32f10x_tim.o
    0x08006f4e   0x08006f4e   0x00000002   PAD
    0x08006f50   0x08006f50   0x000001a0   Code   RO          470    .text               malloc.o
    0x080070f0   0x080070f0   0x00000c40   Code   RO          490    .text               usmart.o
    0x08007d30   0x08007d30   0x00000528   Code   RO          522    .text               usmart_str.o
    0x08008258   0x08008258   0x00000198   Code   RO          534    .text               exfuns.o
    0x080083f0   0x080083f0   0x000006b8   Code   RO          564    .text               fattester.o
    0x08008aa8   0x08008aa8   0x000001f8   Code   RO          587    .text               diskio.o
    0x08008ca0   0x08008ca0   0x00003296   Code   RO          613    .text               ff.o
    0x0800bf36   0x0800bf36   0x00000002   PAD
    0x0800bf38   0x0800bf38   0x000000b4   Code   RO          631    .text               cc936.o
    0x0800bfec   0x0800bfec   0x00000002   Code   RO          656    .text               c_w.l(use_no_semi_2.o)
    0x0800bfee   0x0800bfee   0x00000002   PAD
    0x0800bff0   0x0800bff0   0x00000018   Code   RO          660    .text               c_w.l(noretval__2printf.o)
    0x0800c008   0x0800c008   0x0000004e   Code   RO          664    .text               c_w.l(_printf_pad.o)
    0x0800c056   0x0800c056   0x00000052   Code   RO          666    .text               c_w.l(_printf_str.o)
    0x0800c0a8   0x0800c0a8   0x00000078   Code   RO          668    .text               c_w.l(_printf_dec.o)
    0x0800c120   0x0800c120   0x00000058   Code   RO          673    .text               c_w.l(_printf_hex_int.o)
    0x0800c178   0x0800c178   0x00000188   Code   RO          708    .text               c_w.l(__printf_flags_ss_wp.o)
    0x0800c300   0x0800c300   0x00000048   Code   RO          717    .text               c_w.l(strcpy.o)
    0x0800c348   0x0800c348   0x00000080   Code   RO          719    .text               c_w.l(strcmpv7m.o)
    0x0800c3c8   0x0800c3c8   0x00000006   Code   RO          721    .text               c_w.l(heapauxi.o)
    0x0800c3ce   0x0800c3ce   0x00000002   Code   RO          737    .text               c_w.l(use_no_semi.o)
    0x0800c3d0   0x0800c3d0   0x000000b2   Code   RO          740    .text               c_w.l(_printf_intcommon.o)
    0x0800c482   0x0800c482   0x0000002c   Code   RO          742    .text               c_w.l(_printf_char.o)
    0x0800c4ae   0x0800c4ae   0x00000002   PAD
    0x0800c4b0   0x0800c4b0   0x00000024   Code   RO          744    .text               c_w.l(_printf_char_file.o)
    0x0800c4d4   0x0800c4d4   0x00000030   Code   RO          767    .text               c_w.l(_printf_char_common.o)
    0x0800c504   0x0800c504   0x00000008   Code   RO          769    .text               c_w.l(ferror.o)
    0x0800c50c   0x0800c50c   0x0000004a   Code   RO          773    .text               c_w.l(sys_stackheap_outer.o)
    0x0800c556   0x0800c556   0x00000012   Code   RO          777    .text               c_w.l(exit.o)
    0x0800c568   0x0800c568   0x00000008   Code   RO          785    .text               c_w.l(libspace.o)
    0x0800c570   0x0800c570   0x0000000e   Code   RO          701    i._is_digit         c_w.l(__printf_wp.o)
    0x0800c57e   0x0800c57e   0x00000002   PAD
    0x0800c580   0x0800c580   0x0000005a   Code   RO          725    x$fpl$dfixu         fz_ws.l(dfixu.o)
    0x0800c5da   0x0800c5da   0x00000026   Code   RO          729    x$fpl$dfltu         fz_ws.l(dflt_clz.o)
    0x0800c600   0x0800c600   0x00000154   Code   RO          735    x$fpl$dmul          fz_ws.l(dmul.o)
    0x0800c754   0x0800c754   0x0000009c   Code   RO          747    x$fpl$dnaninf       fz_ws.l(dnaninf.o)
    0x0800c7f0   0x0800c7f0   0x0000000c   Code   RO          749    x$fpl$dretinf       fz_ws.l(dretinf.o)
    0x0800c7fc   0x0800c7fc   0x00000000   Code   RO          751    x$fpl$usenofp       fz_ws.l(usenofp.o)
    0x0800c7fc   0x0800c7fc   0x000017c0   Data   RO          229    .constdata          lcd.o
    0x0800dfbc   0x0800dfbc   0x0000003a   Data   RO          614    .constdata          ff.o
    0x0800dff6   0x0800dff6   0x0002acc8   Data   RO          632    .constdata          cc936.o
    0x08038cbe   0x08038cbe   0x00000028   Data   RO          674    .constdata          c_w.l(_printf_hex_int.o)
    0x08038ce6   0x08038ce6   0x00000011   Data   RO          709    .constdata          c_w.l(__printf_flags_ss_wp.o)
    0x08038cf7   0x08038cf7   0x00000001   PAD
    0x08038cf8   0x08038cf8   0x00000028   Data   RO          491    .conststring        usmart.o
    0x08038d20   0x08038d20   0x00000299   Data   RO          506    .conststring        usmart_config.o
    0x08038fb9   0x08038fb9   0x00000003   PAD
    0x08038fbc   0x08038fbc   0x00000064   Data   RO          536    .conststring        exfuns.o
    0x08039020   0x08039020   0x00000020   Data   RO          910    Region$$Table       anon$$obj.o


    Execution Region RW_IRAM1 (Exec base: 0x20000000, Load base: 0x08039040, Size: 0x0000afe0, Max: 0x0000c000, ABSOLUTE, COMPRESSED[0x00000150])

    Exec Addr    Load Addr    Size         Type   Attr      Idx    E Section Name        Object

    0x20000000   COMPRESSED   0x00000014   Data   RW          198    .data               system_stm32f10x.o
    0x20000014   COMPRESSED   0x00000004   Data   RW          230    .data               lcd.o
    0x20000018   COMPRESSED   0x00000001   Data   RW          289    .data               mmc_sd.o
    0x20000019   COMPRESSED   0x00000001   PAD
    0x2000001a   COMPRESSED   0x00000002   Data   RW          308    .data               flash.o
    0x2000001c   COMPRESSED   0x00000004   Data   RW          326    .data               delay.o
    0x20000020   COMPRESSED   0x00000006   Data   RW          358    .data               usart.o
    0x20000026   COMPRESSED   0x00000014   Data   RW          409    .data               stm32f10x_rcc.o
    0x2000003a   COMPRESSED   0x00000002   PAD
    0x2000003c   COMPRESSED   0x00000014   Data   RW          473    .data               malloc.o
    0x20000050   COMPRESSED   0x0000001c   Data   RW          492    .data               usmart.o
    0x2000006c   COMPRESSED   0x000001c4   Data   RW          507    .data               usmart_config.o
    0x20000230   COMPRESSED   0x00000154   Data   RW          537    .data               exfuns.o
    0x20000384   COMPRESSED   0x00000002   Data   RW          588    .data               diskio.o
    0x20000386   COMPRESSED   0x00000002   PAD
    0x20000388   COMPRESSED   0x0000000a   Data   RW          615    .data               ff.o
    0x20000392   COMPRESSED   0x00000002   PAD
    0x20000394        -       0x0000000e   Zero   RW          228    .bss                lcd.o
    0x200003a2        -       0x00000012   Zero   RW          271    .bss                spi.o
    0x200003b4        -       0x00001000   Zero   RW          307    .bss                flash.o
    0x200013b4        -       0x000000c8   Zero   RW          357    .bss                usart.o
    0x2000147c        -       0x000094c0   Zero   RW          471    .bss                malloc.o
    0x2000a93c        -       0x00000044   Zero   RW          535    .bss                exfuns.o
    0x2000a980        -       0x00000060   Zero   RW          786    .bss                c_w.l(libspace.o)
    0x2000a9e0        -       0x00000200   Zero   RW          390    HEAP                startup_stm32f10x_hd.o
    0x2000abe0        -       0x00000400   Zero   RW          389    STACK               startup_stm32f10x_hd.o


==============================================================================

Image component sizes


      Code (inc. data)   RO Data    RW Data    ZI Data      Debug   Object Name

       180         18     175304          0          0       2617   cc936.o
       212         18          0          4          0       1243   delay.o
       504         12          0          2          0       4730   diskio.o
       408         20        100        340         68       5608   exfuns.o
      1720        690          0          0          0       6052   fattester.o
     12950        138         58         10          0      35882   ff.o
       840         20          0          2       4096       4785   flash.o
     16272        168       6080          4         14      21319   lcd.o
        80          8          0          0          0        595   led.o
       668        194          0          0          0     261703   main.o
       416          6          0         20      38080       4389   malloc.o
       220         22          0          0          0       2001   misc.o
      1316         16          0          1          0       6158   mmc_sd.o
       224         12          0          0         18       1493   spi.o
        64         26        304          0       1536        872   startup_stm32f10x_hd.o
       860         38          0          0          0       5933   stm32f10x_gpio.o
        26          0          0          0          0       1278   stm32f10x_it.o
       932         36          0         20          0       9208   stm32f10x_rcc.o
       780         14          0          0          0       6814   stm32f10x_spi.o
      3610         88          0          0          0      23040   stm32f10x_tim.o
      1032         22          0          0          0       8656   stm32f10x_usart.o
         0          0          0          0          0         32   sys.o
       480         38          0         20          0       2039   system_stm32f10x.o
       320         18          0          6        200       3430   usart.o
      3136       1288         40         28          0       4630   usmart.o
         0          0        665        452          0       1904   usmart_config.o
      1320         12          0          0          0       5425   usmart_str.o

    ----------------------------------------------------------------------
     48576       2922     182586        916      44012     431836   Object Totals
         0          0         32          0          0          0   (incl. Generated)
         6          0          3          7          0          0   (incl. Padding)

    ----------------------------------------------------------------------

      Code (inc. data)   RO Data    RW Data    ZI Data      Debug   Library Member Name

        90          0          0          0          0          0   __dczerorl2.o
         8          0          0          0          0         68   __main.o
       392          4         17          0          0         92   __printf_flags_ss_wp.o
        14          0          0          0          0         68   __printf_wp.o
         0          0          0          0          0          0   __rtentry.o
        12          0          0          0          0          0   __rtentry2.o
         6          0          0          0          0          0   __rtentry4.o
        52          8          0          0          0          0   __scatter.o
        28          0          0          0          0          0   __scatter_zi.o
         6          0          0          0          0          0   _printf_c.o
        44          0          0          0          0        108   _printf_char.o
        48          6          0          0          0         96   _printf_char_common.o
        36          4          0          0          0         80   _printf_char_file.o
         6          0          0          0          0          0   _printf_d.o
       120         16          0          0          0         92   _printf_dec.o
        88          4         40          0          0         88   _printf_hex_int.o
       178          0          0          0          0         88   _printf_intcommon.o
        78          0          0          0          0        108   _printf_pad.o
         0          0          0          0          0          0   _printf_percent.o
         4          0          0          0          0          0   _printf_percent_end.o
         6          0          0          0          0          0   _printf_s.o
        82          0          0          0          0         80   _printf_str.o
         6          0          0          0          0          0   _printf_u.o
         6          0          0          0          0          0   _printf_x.o
        18          0          0          0          0         80   exit.o
         8          0          0          0          0         68   ferror.o
         6          0          0          0          0        152   heapauxi.o
         2          0          0          0          0          0   libinit.o
         2          0          0          0          0          0   libinit2.o
         2          0          0          0          0          0   libshutdown.o
         2          0          0          0          0          0   libshutdown2.o
         8          4          0          0         96         68   libspace.o
        24          4          0          0          0         84   noretval__2printf.o
         2          0          0          0          0          0   rtexit.o
        10          0          0          0          0          0   rtexit2.o
       128          0          0          0          0         68   strcmpv7m.o
        72          0          0          0          0         80   strcpy.o
        74          0          0          0          0         80   sys_stackheap_outer.o
         2          0          0          0          0         68   use_no_semi.o
         2          0          0          0          0         68   use_no_semi_2.o
        90          4          0          0          0         92   dfixu.o
        38          0          0          0          0         68   dflt_clz.o
       340         12          0          0          0        104   dmul.o
       156          4          0          0          0         92   dnaninf.o
        12          0          0          0          0         68   dretinf.o
         0          0          0          0          0          0   usenofp.o

    ----------------------------------------------------------------------
      2316         70         58          0         96       2208   Library Totals
         8          0          1          0          0          0   (incl. Padding)

    ----------------------------------------------------------------------

      Code (inc. data)   RO Data    RW Data    ZI Data      Debug   Library Name

      1672         50         57          0         96       1784   c_w.l
       636         20          0          0          0        424   fz_ws.l

    ----------------------------------------------------------------------
      2316         70         58          0         96       2208   Library Totals

    ----------------------------------------------------------------------

==============================================================================


      Code (inc. data)   RO Data    RW Data    ZI Data      Debug   

     50892       2992     182644        916      44108     430764   Grand Totals
     50892       2992     182644        336      44108     430764   ELF Image Totals (compressed)
     50892       2992     182644        336          0          0   ROM Totals

==============================================================================

    Total RO  Size (Code + RO Data)               233536 ( 228.06kB)
    Total RW  Size (RW Data + ZI Data)             45024 (  43.97kB)
    Total ROM Size (Code + RO Data + RW Data)     233872 ( 228.39kB)

==============================================================================

